{
    "_sourceUnit": {
        "kind": "SourceUnit",
        "fullWidth": 821,
        "hasZeroWidthToken": true,
        "_moduleElements": [
            {
                "kind": "FunctionDeclaration",
                "fullWidth": 799,
                "_functionKeyword": {
                    "kind": "FunctionKeyword",
                    "width": 8,
                    "fullWidth": 573,
                    "text": "function",
                    "hasLeadingTrivia": true,
                    "hasLeadingComment": true,
                    "hasLeadingNewLine": true,
                    "hasTrailingTrivia": true,
                    "leadingTrivia": [
                        {
                            "kind": "SingleLineCommentTrivia",
                            "text": "/// Copyright (c) 2012 Ecma International.  All rights reserved. "
                        },
                        {
                            "kind": "NewLineTrivia",
                            "text": "\r\n"
                        },
                        {
                            "kind": "SingleLineCommentTrivia",
                            "text": "/// Ecma International makes this code available under the terms and conditions set"
                        },
                        {
                            "kind": "NewLineTrivia",
                            "text": "\r\n"
                        },
                        {
                            "kind": "SingleLineCommentTrivia",
                            "text": "/// forth on http://hg.ecmascript.org/tests/test262/raw-file/tip/LICENSE (the "
                        },
                        {
                            "kind": "NewLineTrivia",
                            "text": "\r\n"
                        },
                        {
                            "kind": "SingleLineCommentTrivia",
                            "text": "/// \"Use Terms\").   Any redistribution of this code must retain the above "
                        },
                        {
                            "kind": "NewLineTrivia",
                            "text": "\r\n"
                        },
                        {
                            "kind": "SingleLineCommentTrivia",
                            "text": "/// copyright and this notice and otherwise comply with the Use Terms."
                        },
                        {
                            "kind": "NewLineTrivia",
                            "text": "\r\n"
                        },
                        {
                            "kind": "MultiLineCommentTrivia",
                            "text": "/**\r\n * @path ch13/13.2/13.2-6-s.js\r\n * @description StrictMode - writing a property named 'caller' of function objects is not allowed outside the function\r\n * @onlyStrict\r\n */"
                        },
                        {
                            "kind": "NewLineTrivia",
                            "text": "\r\n"
                        },
                        {
                            "kind": "NewLineTrivia",
                            "text": "\r\n"
                        },
                        {
                            "kind": "NewLineTrivia",
                            "text": "\r\n"
                        },
                        {
                            "kind": "NewLineTrivia",
                            "text": "\r\n"
                        }
                    ],
                    "trailingTrivia": [
                        {
                            "kind": "WhitespaceTrivia",
                            "text": " "
                        }
                    ]
                },
                "_functionSignature": {
                    "kind": "FunctionSignature",
                    "fullWidth": 11,
                    "_identifier": {
                        "kind": "IdentifierName",
                        "width": 8,
                        "text": "testcase",
                        "valueText": "testcase"
                    },
                    "_parameterList": {
                        "kind": "ParameterList",
                        "fullWidth": 3,
                        "_openParenToken": {
                            "kind": "OpenParenToken",
                            "width": 1,
                            "text": "("
                        },
                        "_parameters": [],
                        "_closeParenToken": {
                            "kind": "CloseParenToken",
                            "width": 1,
                            "fullWidth": 2,
                            "text": ")",
                            "hasTrailingTrivia": true,
                            "trailingTrivia": [
                                {
                                    "kind": "WhitespaceTrivia",
                                    "text": " "
                                }
                            ]
                        }
                    }
                },
                "_block": {
                    "kind": "Block",
                    "fullWidth": 215,
                    "_openBraceToken": {
                        "kind": "OpenBraceToken",
                        "width": 1,
                        "fullWidth": 3,
                        "text": "{",
                        "hasTrailingTrivia": true,
                        "hasTrailingNewLine": true,
                        "trailingTrivia": [
                            {
                                "kind": "NewLineTrivia",
                                "text": "\r\n"
                            }
                        ]
                    },
                    "_statements": [
                        {
                            "kind": "VariableStatement",
                            "fullWidth": 50,
                            "_variableDeclaration": {
                                "kind": "VariableDeclaration",
                                "fullWidth": 47,
                                "_varKeyword": {
                                    "kind": "VarKeyword",
                                    "width": 3,
                                    "fullWidth": 12,
                                    "text": "var",
                                    "hasLeadingTrivia": true,
                                    "hasTrailingTrivia": true,
                                    "leadingTrivia": [
                                        {
                                            "kind": "WhitespaceTrivia",
                                            "text": "        "
                                        }
                                    ],
                                    "trailingTrivia": [
                                        {
                                            "kind": "WhitespaceTrivia",
                                            "text": " "
                                        }
                                    ]
                                },
                                "_variableDeclarators": [
                                    {
                                        "kind": "VariableDeclarator",
                                        "fullWidth": 35,
                                        "_identifier": {
                                            "kind": "IdentifierName",
                                            "width": 3,
                                            "fullWidth": 4,
                                            "text": "foo",
                                            "valueText": "foo",
                                            "hasTrailingTrivia": true,
                                            "trailingTrivia": [
                                                {
                                                    "kind": "WhitespaceTrivia",
                                                    "text": " "
                                                }
                                            ]
                                        },
                                        "_equalsValueClause": {
                                            "kind": "EqualsValueClause",
                                            "fullWidth": 31,
                                            "_equalsToken": {
                                                "kind": "EqualsToken",
                                                "width": 1,
                                                "fullWidth": 2,
                                                "text": "=",
                                                "hasTrailingTrivia": true,
                                                "trailingTrivia": [
                                                    {
                                                        "kind": "WhitespaceTrivia",
                                                        "text": " "
                                                    }
                                                ]
                                            },
                                            "_value": {
                                                "kind": "ObjectCreationExpression",
                                                "fullWidth": 29,
                                                "_newKeyword": {
                                                    "kind": "NewKeyword",
                                                    "width": 3,
                                                    "fullWidth": 4,
                                                    "text": "new",
                                                    "hasTrailingTrivia": true,
                                                    "trailingTrivia": [
                                                        {
                                                            "kind": "WhitespaceTrivia",
                                                            "text": " "
                                                        }
                                                    ]
                                                },
                                                "_expression": {
                                                    "kind": "IdentifierName",
                                                    "width": 8,
                                                    "text": "Function",
                                                    "valueText": "Function"
                                                },
                                                "_argumentList": {
                                                    "kind": "ArgumentList",
                                                    "fullWidth": 17,
                                                    "_openParenToken": {
                                                        "kind": "OpenParenToken",
                                                        "width": 1,
                                                        "text": "("
                                                    },
                                                    "_arguments": [
                                                        {
                                                            "kind": "StringLiteral",
                                                            "width": 15,
                                                            "text": "\"'use strict';\""
                                                        }
                                                    ],
                                                    "_closeParenToken": {
                                                        "kind": "CloseParenToken",
                                                        "width": 1,
                                                        "text": ")"
                                                    }
                                                }
                                            }
                                        }
                                    }
                                ]
                            },
                            "_semicolonToken": {
                                "kind": "SemicolonToken",
                                "width": 1,
                                "fullWidth": 3,
                                "text": ";",
                                "hasTrailingTrivia": true,
                                "hasTrailingNewLine": true,
                                "trailingTrivia": [
                                    {
                                        "kind": "NewLineTrivia",
                                        "text": "\r\n"
                                    }
                                ]
                            }
                        },
                        {
                            "kind": "TryStatement",
                            "fullWidth": 159,
                            "_tryKeyword": {
                                "kind": "TryKeyword",
                                "width": 3,
                                "fullWidth": 12,
                                "text": "try",
                                "hasLeadingTrivia": true,
                                "hasTrailingTrivia": true,
                                "leadingTrivia": [
                                    {
                                        "kind": "WhitespaceTrivia",
                                        "text": "        "
                                    }
                                ],
                                "trailingTrivia": [
                                    {
                                        "kind": "WhitespaceTrivia",
                                        "text": " "
                                    }
                                ]
                            },
                            "_block": {
                                "kind": "Block",
                                "fullWidth": 71,
                                "_openBraceToken": {
                                    "kind": "OpenBraceToken",
                                    "width": 1,
                                    "fullWidth": 3,
                                    "text": "{",
                                    "hasTrailingTrivia": true,
                                    "hasTrailingNewLine": true,
                                    "trailingTrivia": [
                                        {
                                            "kind": "NewLineTrivia",
                                            "text": "\r\n"
                                        }
                                    ]
                                },
                                "_statements": [
                                    {
                                        "kind": "ExpressionStatement",
                                        "fullWidth": 30,
                                        "_expression": {
                                            "kind": "AssignmentExpression",
                                            "fullWidth": 27,
                                            "_left": {
                                                "kind": "MemberAccessExpression",
                                                "fullWidth": 23,
                                                "_expression": {
                                                    "kind": "IdentifierName",
                                                    "width": 3,
                                                    "fullWidth": 15,
                                                    "text": "foo",
                                                    "valueText": "foo",
                                                    "hasLeadingTrivia": true,
                                                    "leadingTrivia": [
                                                        {
                                                            "kind": "WhitespaceTrivia",
                                                            "text": "            "
                                                        }
                                                    ]
                                                },
                                                "_dotToken": {
                                                    "kind": "DotToken",
                                                    "width": 1,
                                                    "text": "."
                                                },
                                                "_identifierName": {
                                                    "kind": "IdentifierName",
                                                    "width": 6,
                                                    "fullWidth": 7,
                                                    "text": "caller",
                                                    "valueText": "caller",
                                                    "hasTrailingTrivia": true,
                                                    "trailingTrivia": [
                                                        {
                                                            "kind": "WhitespaceTrivia",
                                                            "text": " "
                                                        }
                                                    ]
                                                }
                                            },
                                            "_operatorToken": {
                                                "kind": "EqualsToken",
                                                "width": 1,
                                                "fullWidth": 2,
                                                "text": "=",
                                                "hasTrailingTrivia": true,
                                                "trailingTrivia": [
                                                    {
                                                        "kind": "WhitespaceTrivia",
                                                        "text": " "
                                                    }
                                                ]
                                            },
                                            "_right": {
                                                "kind": "NumericLiteral",
                                                "width": 2,
                                                "text": "41"
                                            }
                                        },
                                        "_semicolonToken": {
                                            "kind": "SemicolonToken",
                                            "width": 1,
                                            "fullWidth": 3,
                                            "text": ";",
                                            "hasTrailingTrivia": true,
                                            "hasTrailingNewLine": true,
                                            "trailingTrivia": [
                                                {
                                                    "kind": "NewLineTrivia",
                                                    "text": "\r\n"
                                                }
                                            ]
                                        }
                                    },
                                    {
                                        "kind": "ReturnStatement",
                                        "fullWidth": 27,
                                        "_returnKeyword": {
                                            "kind": "ReturnKeyword",
                                            "width": 6,
                                            "fullWidth": 19,
                                            "text": "return",
                                            "hasLeadingTrivia": true,
                                            "hasTrailingTrivia": true,
                                            "leadingTrivia": [
                                                {
                                                    "kind": "WhitespaceTrivia",
                                                    "text": "            "
                                                }
                                            ],
                                            "trailingTrivia": [
                                                {
                                                    "kind": "WhitespaceTrivia",
                                                    "text": " "
                                                }
                                            ]
                                        },
                                        "_expression": {
                                            "kind": "FalseKeyword",
                                            "width": 5,
                                            "text": "false"
                                        },
                                        "_semicolonToken": {
                                            "kind": "SemicolonToken",
                                            "width": 1,
                                            "fullWidth": 3,
                                            "text": ";",
                                            "hasTrailingTrivia": true,
                                            "hasTrailingNewLine": true,
                                            "trailingTrivia": [
                                                {
                                                    "kind": "NewLineTrivia",
                                                    "text": "\r\n"
                                                }
                                            ]
                                        }
                                    }
                                ],
                                "_closeBraceToken": {
                                    "kind": "CloseBraceToken",
                                    "width": 1,
                                    "fullWidth": 11,
                                    "text": "}",
                                    "hasLeadingTrivia": true,
                                    "hasTrailingTrivia": true,
                                    "hasTrailingNewLine": true,
                                    "leadingTrivia": [
                                        {
                                            "kind": "WhitespaceTrivia",
                                            "text": "        "
                                        }
                                    ],
                                    "trailingTrivia": [
                                        {
                                            "kind": "NewLineTrivia",
                                            "text": "\r\n"
                                        }
                                    ]
                                }
                            },
                            "_catchClause": {
                                "kind": "CatchClause",
                                "fullWidth": 76,
                                "_catchKeyword": {
                                    "kind": "CatchKeyword",
                                    "width": 5,
                                    "fullWidth": 14,
                                    "text": "catch",
                                    "hasLeadingTrivia": true,
                                    "hasTrailingTrivia": true,
                                    "leadingTrivia": [
                                        {
                                            "kind": "WhitespaceTrivia",
                                            "text": "        "
                                        }
                                    ],
                                    "trailingTrivia": [
                                        {
                                            "kind": "WhitespaceTrivia",
                                            "text": " "
                                        }
                                    ]
                                },
                                "_openParenToken": {
                                    "kind": "OpenParenToken",
                                    "width": 1,
                                    "text": "("
                                },
                                "_identifier": {
                                    "kind": "IdentifierName",
                                    "width": 1,
                                    "text": "e",
                                    "valueText": "e"
                                },
                                "_closeParenToken": {
                                    "kind": "CloseParenToken",
                                    "width": 1,
                                    "fullWidth": 2,
                                    "text": ")",
                                    "hasTrailingTrivia": true,
                                    "trailingTrivia": [
                                        {
                                            "kind": "WhitespaceTrivia",
                                            "text": " "
                                        }
                                    ]
                                },
                                "_block": {
                                    "kind": "Block",
                                    "fullWidth": 58,
                                    "_openBraceToken": {
                                        "kind": "OpenBraceToken",
                                        "width": 1,
                                        "fullWidth": 3,
                                        "text": "{",
                                        "hasTrailingTrivia": true,
                                        "hasTrailingNewLine": true,
                                        "trailingTrivia": [
                                            {
                                                "kind": "NewLineTrivia",
                                                "text": "\r\n"
                                            }
                                        ]
                                    },
                                    "_statements": [
                                        {
                                            "kind": "ReturnStatement",
                                            "fullWidth": 44,
                                            "_returnKeyword": {
                                                "kind": "ReturnKeyword",
                                                "width": 6,
                                                "fullWidth": 19,
                                                "text": "return",
                                                "hasLeadingTrivia": true,
                                                "hasTrailingTrivia": true,
                                                "leadingTrivia": [
                                                    {
                                                        "kind": "WhitespaceTrivia",
                                                        "text": "            "
                                                    }
                                                ],
                                                "trailingTrivia": [
                                                    {
                                                        "kind": "WhitespaceTrivia",
                                                        "text": " "
                                                    }
                                                ]
                                            },
                                            "_expression": {
                                                "kind": "InstanceOfExpression",
                                                "fullWidth": 22,
                                                "_left": {
                                                    "kind": "IdentifierName",
                                                    "width": 1,
                                                    "fullWidth": 2,
                                                    "text": "e",
                                                    "valueText": "e",
                                                    "hasTrailingTrivia": true,
                                                    "trailingTrivia": [
                                                        {
                                                            "kind": "WhitespaceTrivia",
                                                            "text": " "
                                                        }
                                                    ]
                                                },
                                                "_operatorToken": {
                                                    "kind": "InstanceOfKeyword",
                                                    "width": 10,
                                                    "fullWidth": 11,
                                                    "text": "instanceof",
                                                    "hasTrailingTrivia": true,
                                                    "trailingTrivia": [
                                                        {
                                                            "kind": "WhitespaceTrivia",
                                                            "text": " "
                                                        }
                                                    ]
                                                },
                                                "_right": {
                                                    "kind": "IdentifierName",
                                                    "width": 9,
                                                    "text": "TypeError",
                                                    "valueText": "TypeError"
                                                }
                                            },
                                            "_semicolonToken": {
                                                "kind": "SemicolonToken",
                                                "width": 1,
                                                "fullWidth": 3,
                                                "text": ";",
                                                "hasTrailingTrivia": true,
                                                "hasTrailingNewLine": true,
                                                "trailingTrivia": [
                                                    {
                                                        "kind": "NewLineTrivia",
                                                        "text": "\r\n"
                                                    }
                                                ]
                                            }
                                        }
                                    ],
                                    "_closeBraceToken": {
                                        "kind": "CloseBraceToken",
                                        "width": 1,
                                        "fullWidth": 11,
                                        "text": "}",
                                        "hasLeadingTrivia": true,
                                        "hasTrailingTrivia": true,
                                        "hasTrailingNewLine": true,
                                        "leadingTrivia": [
                                            {
                                                "kind": "WhitespaceTrivia",
                                                "text": "        "
                                            }
                                        ],
                                        "trailingTrivia": [
                                            {
                                                "kind": "NewLineTrivia",
                                                "text": "\r\n"
                                            }
                                        ]
                                    }
                                }
                            }
                        }
                    ],
                    "_closeBraceToken": {
                        "kind": "CloseBraceToken",
                        "width": 1,
                        "fullWidth": 3,
                        "text": "}",
                        "hasTrailingTrivia": true,
                        "hasTrailingNewLine": true,
                        "trailingTrivia": [
                            {
                                "kind": "NewLineTrivia",
                                "text": "\r\n"
                            }
                        ]
                    }
                }
            },
            {
                "kind": "ExpressionStatement",
                "fullWidth": 22,
                "_expression": {
                    "kind": "InvocationExpression",
                    "fullWidth": 21,
                    "_expression": {
                        "kind": "IdentifierName",
                        "width": 11,
                        "text": "runTestCase",
                        "valueText": "runTestCase"
                    },
                    "_argumentList": {
                        "kind": "ArgumentList",
                        "fullWidth": 10,
                        "_openParenToken": {
                            "kind": "OpenParenToken",
                            "width": 1,
                            "text": "("
                        },
                        "_arguments": [
                            {
                                "kind": "IdentifierName",
                                "width": 8,
                                "text": "testcase",
                                "valueText": "testcase"
                            }
                        ],
                        "_closeParenToken": {
                            "kind": "CloseParenToken",
                            "width": 1,
                            "text": ")"
                        }
                    }
                },
                "_semicolonToken": {
                    "kind": "SemicolonToken",
                    "width": 1,
                    "text": ";"
                }
            }
        ],
        "_endOfFileToken": {
            "kind": "EndOfFileToken",
            "width": 0,
            "text": ""
        }
    }
}