{
    "_sourceUnit": {
        "kind": "SourceUnit",
        "fullWidth": 542,
        "_moduleElements": [
            {
                "kind": "VariableStatement",
                "fullWidth": 317,
                "_variableDeclaration": {
                    "kind": "VariableDeclaration",
                    "fullWidth": 314,
                    "_varKeyword": {
                        "kind": "VarKeyword",
                        "width": 3,
                        "fullWidth": 305,
                        "text": "var",
                        "hasLeadingTrivia": true,
                        "hasLeadingComment": true,
                        "hasLeadingNewLine": true,
                        "hasTrailingTrivia": true,
                        "leadingTrivia": [
                            {
                                "kind": "SingleLineCommentTrivia",
                                "text": "// Copyright 2009 the Sputnik authors.  All rights reserved."
                            },
                            {
                                "kind": "NewLineTrivia",
                                "text": "\n"
                            },
                            {
                                "kind": "SingleLineCommentTrivia",
                                "text": "// This code is governed by the BSD license found in the LICENSE file."
                            },
                            {
                                "kind": "NewLineTrivia",
                                "text": "\n"
                            },
                            {
                                "kind": "NewLineTrivia",
                                "text": "\n"
                            },
                            {
                                "kind": "MultiLineCommentTrivia",
                                "text": "/**\n * Operator ++x returns ToNumber(x) + 1\n *\n * @path ch11/11.4/11.4.4/S11.4.4_A4_T1.js\n * @description Type(x) is boolean primitive or Boolean object\n */"
                            },
                            {
                                "kind": "NewLineTrivia",
                                "text": "\n"
                            },
                            {
                                "kind": "NewLineTrivia",
                                "text": "\n"
                            },
                            {
                                "kind": "SingleLineCommentTrivia",
                                "text": "//CHECK#1"
                            },
                            {
                                "kind": "NewLineTrivia",
                                "text": "\n"
                            }
                        ],
                        "trailingTrivia": [
                            {
                                "kind": "WhitespaceTrivia",
                                "text": " "
                            }
                        ]
                    },
                    "_variableDeclarators": [
                        {
                            "kind": "VariableDeclarator",
                            "fullWidth": 9,
                            "_identifier": {
                                "kind": "IdentifierNameToken",
                                "width": 1,
                                "fullWidth": 2,
                                "text": "x",
                                "valueText": "x",
                                "hasTrailingTrivia": true,
                                "trailingTrivia": [
                                    {
                                        "kind": "WhitespaceTrivia",
                                        "text": " "
                                    }
                                ]
                            },
                            "_equalsValueClause": {
                                "kind": "EqualsValueClause",
                                "fullWidth": 7,
                                "_equalsToken": {
                                    "kind": "EqualsToken",
                                    "width": 1,
                                    "fullWidth": 2,
                                    "text": "=",
                                    "hasTrailingTrivia": true,
                                    "trailingTrivia": [
                                        {
                                            "kind": "WhitespaceTrivia",
                                            "text": " "
                                        }
                                    ]
                                },
                                "_value": {
                                    "kind": "FalseKeyword",
                                    "width": 5,
                                    "text": "false"
                                }
                            }
                        }
                    ]
                },
                "_semicolonToken": {
                    "kind": "SemicolonToken",
                    "width": 1,
                    "fullWidth": 3,
                    "text": ";",
                    "hasTrailingTrivia": true,
                    "hasTrailingNewLine": true,
                    "trailingTrivia": [
                        {
                            "kind": "WhitespaceTrivia",
                            "text": " "
                        },
                        {
                            "kind": "NewLineTrivia",
                            "text": "\n"
                        }
                    ]
                }
            },
            {
                "kind": "IfStatement",
                "fullWidth": 87,
                "_ifKeyword": {
                    "kind": "IfKeyword",
                    "width": 2,
                    "fullWidth": 3,
                    "text": "if",
                    "hasTrailingTrivia": true,
                    "trailingTrivia": [
                        {
                            "kind": "WhitespaceTrivia",
                            "text": " "
                        }
                    ]
                },
                "_openParenToken": {
                    "kind": "OpenParenToken",
                    "width": 1,
                    "text": "("
                },
                "_condition": {
                    "kind": "NotEqualsExpression",
                    "fullWidth": 13,
                    "_left": {
                        "kind": "PreIncrementExpression",
                        "fullWidth": 4,
                        "_operatorToken": {
                            "kind": "PlusPlusToken",
                            "width": 2,
                            "text": "++"
                        },
                        "_operand": {
                            "kind": "IdentifierNameToken",
                            "width": 1,
                            "fullWidth": 2,
                            "text": "x",
                            "valueText": "x",
                            "hasTrailingTrivia": true,
                            "trailingTrivia": [
                                {
                                    "kind": "WhitespaceTrivia",
                                    "text": " "
                                }
                            ]
                        }
                    },
                    "_operatorToken": {
                        "kind": "ExclamationEqualsEqualsToken",
                        "width": 3,
                        "fullWidth": 4,
                        "text": "!==",
                        "hasTrailingTrivia": true,
                        "trailingTrivia": [
                            {
                                "kind": "WhitespaceTrivia",
                                "text": " "
                            }
                        ]
                    },
                    "_right": {
                        "kind": "AddExpression",
                        "fullWidth": 5,
                        "_left": {
                            "kind": "NumericLiteral",
                            "width": 1,
                            "fullWidth": 2,
                            "text": "0",
                            "hasTrailingTrivia": true,
                            "trailingTrivia": [
                                {
                                    "kind": "WhitespaceTrivia",
                                    "text": " "
                                }
                            ]
                        },
                        "_operatorToken": {
                            "kind": "PlusToken",
                            "width": 1,
                            "fullWidth": 2,
                            "text": "+",
                            "hasTrailingTrivia": true,
                            "trailingTrivia": [
                                {
                                    "kind": "WhitespaceTrivia",
                                    "text": " "
                                }
                            ]
                        },
                        "_right": {
                            "kind": "NumericLiteral",
                            "width": 1,
                            "text": "1"
                        }
                    }
                },
                "_closeParenToken": {
                    "kind": "CloseParenToken",
                    "width": 1,
                    "fullWidth": 2,
                    "text": ")",
                    "hasTrailingTrivia": true,
                    "trailingTrivia": [
                        {
                            "kind": "WhitespaceTrivia",
                            "text": " "
                        }
                    ]
                },
                "_statement": {
                    "kind": "Block",
                    "fullWidth": 68,
                    "_openBraceToken": {
                        "kind": "OpenBraceToken",
                        "width": 1,
                        "fullWidth": 2,
                        "text": "{",
                        "hasTrailingTrivia": true,
                        "hasTrailingNewLine": true,
                        "trailingTrivia": [
                            {
                                "kind": "NewLineTrivia",
                                "text": "\n"
                            }
                        ]
                    },
                    "_statements": [
                        {
                            "kind": "ExpressionStatement",
                            "fullWidth": 64,
                            "_expression": {
                                "kind": "InvocationExpression",
                                "fullWidth": 62,
                                "_expression": {
                                    "kind": "IdentifierNameToken",
                                    "width": 6,
                                    "fullWidth": 8,
                                    "text": "$ERROR",
                                    "valueText": "$ERROR",
                                    "hasLeadingTrivia": true,
                                    "leadingTrivia": [
                                        {
                                            "kind": "WhitespaceTrivia",
                                            "text": "  "
                                        }
                                    ]
                                },
                                "_argumentList": {
                                    "kind": "ArgumentList",
                                    "fullWidth": 54,
                                    "_openParenToken": {
                                        "kind": "OpenParenToken",
                                        "width": 1,
                                        "text": "("
                                    },
                                    "_arguments": [
                                        {
                                            "kind": "AddExpression",
                                            "fullWidth": 52,
                                            "_left": {
                                                "kind": "StringLiteral",
                                                "width": 44,
                                                "fullWidth": 45,
                                                "text": "'#1: var x = false; ++x === 0 + 1. Actual: '",
                                                "hasTrailingTrivia": true,
                                                "trailingTrivia": [
                                                    {
                                                        "kind": "WhitespaceTrivia",
                                                        "text": " "
                                                    }
                                                ]
                                            },
                                            "_operatorToken": {
                                                "kind": "PlusToken",
                                                "width": 1,
                                                "fullWidth": 2,
                                                "text": "+",
                                                "hasTrailingTrivia": true,
                                                "trailingTrivia": [
                                                    {
                                                        "kind": "WhitespaceTrivia",
                                                        "text": " "
                                                    }
                                                ]
                                            },
                                            "_right": {
                                                "kind": "ParenthesizedExpression",
                                                "fullWidth": 5,
                                                "_openParenToken": {
                                                    "kind": "OpenParenToken",
                                                    "width": 1,
                                                    "text": "("
                                                },
                                                "_expression": {
                                                    "kind": "PreIncrementExpression",
                                                    "fullWidth": 3,
                                                    "_operatorToken": {
                                                        "kind": "PlusPlusToken",
                                                        "width": 2,
                                                        "text": "++"
                                                    },
                                                    "_operand": {
                                                        "kind": "IdentifierNameToken",
                                                        "width": 1,
                                                        "text": "x",
                                                        "valueText": "x"
                                                    }
                                                },
                                                "_closeParenToken": {
                                                    "kind": "CloseParenToken",
                                                    "width": 1,
                                                    "text": ")"
                                                }
                                            }
                                        }
                                    ],
                                    "_closeParenToken": {
                                        "kind": "CloseParenToken",
                                        "width": 1,
                                        "text": ")"
                                    }
                                }
                            },
                            "_semicolonToken": {
                                "kind": "SemicolonToken",
                                "width": 1,
                                "fullWidth": 2,
                                "text": ";",
                                "hasTrailingTrivia": true,
                                "hasTrailingNewLine": true,
                                "trailingTrivia": [
                                    {
                                        "kind": "NewLineTrivia",
                                        "text": "\n"
                                    }
                                ]
                            }
                        }
                    ],
                    "_closeBraceToken": {
                        "kind": "CloseBraceToken",
                        "width": 1,
                        "fullWidth": 2,
                        "text": "}",
                        "hasTrailingTrivia": true,
                        "hasTrailingNewLine": true,
                        "trailingTrivia": [
                            {
                                "kind": "NewLineTrivia",
                                "text": "\n"
                            }
                        ]
                    }
                }
            },
            {
                "kind": "VariableStatement",
                "fullWidth": 38,
                "_variableDeclaration": {
                    "kind": "VariableDeclaration",
                    "fullWidth": 36,
                    "_varKeyword": {
                        "kind": "VarKeyword",
                        "width": 3,
                        "fullWidth": 15,
                        "text": "var",
                        "hasLeadingTrivia": true,
                        "hasLeadingComment": true,
                        "hasLeadingNewLine": true,
                        "hasTrailingTrivia": true,
                        "leadingTrivia": [
                            {
                                "kind": "NewLineTrivia",
                                "text": "\n"
                            },
                            {
                                "kind": "SingleLineCommentTrivia",
                                "text": "//CHECK#2"
                            },
                            {
                                "kind": "NewLineTrivia",
                                "text": "\n"
                            }
                        ],
                        "trailingTrivia": [
                            {
                                "kind": "WhitespaceTrivia",
                                "text": " "
                            }
                        ]
                    },
                    "_variableDeclarators": [
                        {
                            "kind": "VariableDeclarator",
                            "fullWidth": 21,
                            "_identifier": {
                                "kind": "IdentifierNameToken",
                                "width": 1,
                                "fullWidth": 2,
                                "text": "x",
                                "valueText": "x",
                                "hasTrailingTrivia": true,
                                "trailingTrivia": [
                                    {
                                        "kind": "WhitespaceTrivia",
                                        "text": " "
                                    }
                                ]
                            },
                            "_equalsValueClause": {
                                "kind": "EqualsValueClause",
                                "fullWidth": 19,
                                "_equalsToken": {
                                    "kind": "EqualsToken",
                                    "width": 1,
                                    "fullWidth": 2,
                                    "text": "=",
                                    "hasTrailingTrivia": true,
                                    "trailingTrivia": [
                                        {
                                            "kind": "WhitespaceTrivia",
                                            "text": " "
                                        }
                                    ]
                                },
                                "_value": {
                                    "kind": "ObjectCreationExpression",
                                    "fullWidth": 17,
                                    "_newKeyword": {
                                        "kind": "NewKeyword",
                                        "width": 3,
                                        "fullWidth": 4,
                                        "text": "new",
                                        "hasTrailingTrivia": true,
                                        "trailingTrivia": [
                                            {
                                                "kind": "WhitespaceTrivia",
                                                "text": " "
                                            }
                                        ]
                                    },
                                    "_expression": {
                                        "kind": "IdentifierNameToken",
                                        "width": 7,
                                        "text": "Boolean",
                                        "valueText": "Boolean"
                                    },
                                    "_argumentList": {
                                        "kind": "ArgumentList",
                                        "fullWidth": 6,
                                        "_openParenToken": {
                                            "kind": "OpenParenToken",
                                            "width": 1,
                                            "text": "("
                                        },
                                        "_arguments": [
                                            {
                                                "kind": "TrueKeyword",
                                                "width": 4,
                                                "text": "true"
                                            }
                                        ],
                                        "_closeParenToken": {
                                            "kind": "CloseParenToken",
                                            "width": 1,
                                            "text": ")"
                                        }
                                    }
                                }
                            }
                        }
                    ]
                },
                "_semicolonToken": {
                    "kind": "SemicolonToken",
                    "width": 1,
                    "fullWidth": 2,
                    "text": ";",
                    "hasTrailingTrivia": true,
                    "hasTrailingNewLine": true,
                    "trailingTrivia": [
                        {
                            "kind": "NewLineTrivia",
                            "text": "\n"
                        }
                    ]
                }
            },
            {
                "kind": "IfStatement",
                "fullWidth": 99,
                "_ifKeyword": {
                    "kind": "IfKeyword",
                    "width": 2,
                    "fullWidth": 3,
                    "text": "if",
                    "hasTrailingTrivia": true,
                    "trailingTrivia": [
                        {
                            "kind": "WhitespaceTrivia",
                            "text": " "
                        }
                    ]
                },
                "_openParenToken": {
                    "kind": "OpenParenToken",
                    "width": 1,
                    "text": "("
                },
                "_condition": {
                    "kind": "NotEqualsExpression",
                    "fullWidth": 13,
                    "_left": {
                        "kind": "PreIncrementExpression",
                        "fullWidth": 4,
                        "_operatorToken": {
                            "kind": "PlusPlusToken",
                            "width": 2,
                            "text": "++"
                        },
                        "_operand": {
                            "kind": "IdentifierNameToken",
                            "width": 1,
                            "fullWidth": 2,
                            "text": "x",
                            "valueText": "x",
                            "hasTrailingTrivia": true,
                            "trailingTrivia": [
                                {
                                    "kind": "WhitespaceTrivia",
                                    "text": " "
                                }
                            ]
                        }
                    },
                    "_operatorToken": {
                        "kind": "ExclamationEqualsEqualsToken",
                        "width": 3,
                        "fullWidth": 4,
                        "text": "!==",
                        "hasTrailingTrivia": true,
                        "trailingTrivia": [
                            {
                                "kind": "WhitespaceTrivia",
                                "text": " "
                            }
                        ]
                    },
                    "_right": {
                        "kind": "AddExpression",
                        "fullWidth": 5,
                        "_left": {
                            "kind": "NumericLiteral",
                            "width": 1,
                            "fullWidth": 2,
                            "text": "1",
                            "hasTrailingTrivia": true,
                            "trailingTrivia": [
                                {
                                    "kind": "WhitespaceTrivia",
                                    "text": " "
                                }
                            ]
                        },
                        "_operatorToken": {
                            "kind": "PlusToken",
                            "width": 1,
                            "fullWidth": 2,
                            "text": "+",
                            "hasTrailingTrivia": true,
                            "trailingTrivia": [
                                {
                                    "kind": "WhitespaceTrivia",
                                    "text": " "
                                }
                            ]
                        },
                        "_right": {
                            "kind": "NumericLiteral",
                            "width": 1,
                            "text": "1"
                        }
                    }
                },
                "_closeParenToken": {
                    "kind": "CloseParenToken",
                    "width": 1,
                    "fullWidth": 2,
                    "text": ")",
                    "hasTrailingTrivia": true,
                    "trailingTrivia": [
                        {
                            "kind": "WhitespaceTrivia",
                            "text": " "
                        }
                    ]
                },
                "_statement": {
                    "kind": "Block",
                    "fullWidth": 80,
                    "_openBraceToken": {
                        "kind": "OpenBraceToken",
                        "width": 1,
                        "fullWidth": 2,
                        "text": "{",
                        "hasTrailingTrivia": true,
                        "hasTrailingNewLine": true,
                        "trailingTrivia": [
                            {
                                "kind": "NewLineTrivia",
                                "text": "\n"
                            }
                        ]
                    },
                    "_statements": [
                        {
                            "kind": "ExpressionStatement",
                            "fullWidth": 76,
                            "_expression": {
                                "kind": "InvocationExpression",
                                "fullWidth": 74,
                                "_expression": {
                                    "kind": "IdentifierNameToken",
                                    "width": 6,
                                    "fullWidth": 8,
                                    "text": "$ERROR",
                                    "valueText": "$ERROR",
                                    "hasLeadingTrivia": true,
                                    "leadingTrivia": [
                                        {
                                            "kind": "WhitespaceTrivia",
                                            "text": "  "
                                        }
                                    ]
                                },
                                "_argumentList": {
                                    "kind": "ArgumentList",
                                    "fullWidth": 66,
                                    "_openParenToken": {
                                        "kind": "OpenParenToken",
                                        "width": 1,
                                        "text": "("
                                    },
                                    "_arguments": [
                                        {
                                            "kind": "AddExpression",
                                            "fullWidth": 64,
                                            "_left": {
                                                "kind": "StringLiteral",
                                                "width": 56,
                                                "fullWidth": 57,
                                                "text": "'#2: var x = new Boolean(true); ++x === 1 + 1. Actual: '",
                                                "hasTrailingTrivia": true,
                                                "trailingTrivia": [
                                                    {
                                                        "kind": "WhitespaceTrivia",
                                                        "text": " "
                                                    }
                                                ]
                                            },
                                            "_operatorToken": {
                                                "kind": "PlusToken",
                                                "width": 1,
                                                "fullWidth": 2,
                                                "text": "+",
                                                "hasTrailingTrivia": true,
                                                "trailingTrivia": [
                                                    {
                                                        "kind": "WhitespaceTrivia",
                                                        "text": " "
                                                    }
                                                ]
                                            },
                                            "_right": {
                                                "kind": "ParenthesizedExpression",
                                                "fullWidth": 5,
                                                "_openParenToken": {
                                                    "kind": "OpenParenToken",
                                                    "width": 1,
                                                    "text": "("
                                                },
                                                "_expression": {
                                                    "kind": "PreIncrementExpression",
                                                    "fullWidth": 3,
                                                    "_operatorToken": {
                                                        "kind": "PlusPlusToken",
                                                        "width": 2,
                                                        "text": "++"
                                                    },
                                                    "_operand": {
                                                        "kind": "IdentifierNameToken",
                                                        "width": 1,
                                                        "text": "x",
                                                        "valueText": "x"
                                                    }
                                                },
                                                "_closeParenToken": {
                                                    "kind": "CloseParenToken",
                                                    "width": 1,
                                                    "text": ")"
                                                }
                                            }
                                        }
                                    ],
                                    "_closeParenToken": {
                                        "kind": "CloseParenToken",
                                        "width": 1,
                                        "text": ")"
                                    }
                                }
                            },
                            "_semicolonToken": {
                                "kind": "SemicolonToken",
                                "width": 1,
                                "fullWidth": 2,
                                "text": ";",
                                "hasTrailingTrivia": true,
                                "hasTrailingNewLine": true,
                                "trailingTrivia": [
                                    {
                                        "kind": "NewLineTrivia",
                                        "text": "\n"
                                    }
                                ]
                            }
                        }
                    ],
                    "_closeBraceToken": {
                        "kind": "CloseBraceToken",
                        "width": 1,
                        "fullWidth": 2,
                        "text": "}",
                        "hasTrailingTrivia": true,
                        "hasTrailingNewLine": true,
                        "trailingTrivia": [
                            {
                                "kind": "NewLineTrivia",
                                "text": "\n"
                            }
                        ]
                    }
                }
            }
        ],
        "_endOfFileToken": {
            "kind": "EndOfFileToken",
            "width": 0,
            "fullWidth": 1,
            "text": "",
            "hasLeadingTrivia": true,
            "hasLeadingNewLine": true,
            "leadingTrivia": [
                {
                    "kind": "NewLineTrivia",
                    "text": "\n"
                }
            ]
        }
    }
}