{
    "_sourceUnit": {
        "kind": "SourceUnit",
        "_moduleElements": [
            {
                "kind": "FunctionDeclaration",
                "_functionKeyword": {
                    "kind": "IdentifierNameToken",
                    "keywordKind": "FunctionKeyword",
                    "start": 662,
                    "fullStart": 0,
                    "width": 8,
                    "fullWidth": 671,
                    "text": "function",
                    "hasLeadingTrivia": true,
                    "hasLeadingCommentTrivia": true,
                    "hasLeadingNewLineTrivia": true,
                    "hasTrailingTrivia": true
                },
                "_functionSignature": {
                    "kind": "FunctionSignature",
                    "_identifier": {
                        "kind": "IdentifierNameToken",
                        "start": 671,
                        "width": 1,
                        "text": "f",
                        "valueText": "f"
                    },
                    "_parameterList": {
                        "kind": "ParameterList",
                        "_openParenToken": {
                            "kind": "OpenParenToken",
                            "start": 672,
                            "width": 1,
                            "text": "("
                        },
                        "_parameters": [],
                        "_closeParenToken": {
                            "kind": "CloseParenToken",
                            "start": 673,
                            "width": 1,
                            "fullWidth": 2,
                            "text": ")",
                            "hasTrailingTrivia": true
                        }
                    }
                },
                "_block": {
                    "kind": "Block",
                    "_openBraceToken": {
                        "kind": "OpenBraceToken",
                        "start": 675,
                        "width": 1,
                        "fullWidth": 2,
                        "text": "{",
                        "hasTrailingTrivia": true
                    },
                    "_statements": [
                        {
                            "kind": "ExpressionStatement",
                            "_expression": {
                                "kind": "StringLiteralExpression",
                                "_literalToken": {
                                    "kind": "StringLiteral",
                                    "start": 677,
                                    "width": 12,
                                    "text": "\"use strict\""
                                }
                            },
                            "_semicolonToken": {
                                "kind": "SemicolonToken",
                                "start": 689,
                                "width": 1,
                                "fullWidth": 2,
                                "text": ";",
                                "hasTrailingTrivia": true
                            }
                        },
                        {
                            "kind": "ReturnStatement",
                            "_returnKeyword": {
                                "kind": "IdentifierNameToken",
                                "keywordKind": "ReturnKeyword",
                                "start": 691,
                                "width": 6,
                                "fullWidth": 7,
                                "text": "return",
                                "hasTrailingTrivia": true
                            },
                            "_expression": {
                                "kind": "InvocationExpression",
                                "_expression": {
                                    "kind": "IdentifierName",
                                    "_identifier": {
                                        "kind": "IdentifierNameToken",
                                        "start": 698,
                                        "width": 10,
                                        "text": "gNonStrict",
                                        "valueText": "gNonStrict"
                                    }
                                },
                                "_argumentList": {
                                    "kind": "ArgumentList",
                                    "_openParenToken": {
                                        "kind": "OpenParenToken",
                                        "start": 708,
                                        "width": 1,
                                        "text": "("
                                    },
                                    "_arguments": [],
                                    "_closeParenToken": {
                                        "kind": "CloseParenToken",
                                        "start": 709,
                                        "width": 1,
                                        "text": ")"
                                    }
                                }
                            },
                            "_semicolonToken": {
                                "kind": "SemicolonToken",
                                "start": 710,
                                "width": 1,
                                "text": ";"
                            }
                        }
                    ],
                    "_closeBraceToken": {
                        "kind": "CloseBraceToken",
                        "start": 711,
                        "width": 1,
                        "text": "}"
                    }
                }
            },
            {
                "kind": "EmptyStatement",
                "_semicolonToken": {
                    "kind": "SemicolonToken",
                    "start": 712,
                    "width": 1,
                    "fullWidth": 3,
                    "text": ";",
                    "hasTrailingTrivia": true,
                    "hasTrailingNewLineTrivia": true
                }
            },
            {
                "kind": "ExpressionStatement",
                "_expression": {
                    "kind": "InvocationExpression",
                    "_expression": {
                        "kind": "InvocationExpression",
                        "_expression": {
                            "kind": "MemberAccessExpression",
                            "_expression": {
                                "kind": "IdentifierName",
                                "_identifier": {
                                    "kind": "IdentifierNameToken",
                                    "start": 715,
                                    "width": 1,
                                    "text": "f",
                                    "valueText": "f"
                                }
                            },
                            "_dotToken": {
                                "kind": "DotToken",
                                "start": 716,
                                "width": 1,
                                "text": "."
                            },
                            "_identifierName": {
                                "kind": "IdentifierName",
                                "_identifier": {
                                    "kind": "IdentifierNameToken",
                                    "start": 717,
                                    "width": 4,
                                    "text": "bind",
                                    "valueText": "bind"
                                }
                            }
                        },
                        "_argumentList": {
                            "kind": "ArgumentList",
                            "_openParenToken": {
                                "kind": "OpenParenToken",
                                "start": 721,
                                "width": 1,
                                "text": "("
                            },
                            "_arguments": [
                                {
                                    "kind": "IdentifierName",
                                    "_identifier": {
                                        "kind": "IdentifierNameToken",
                                        "start": 722,
                                        "width": 9,
                                        "text": "undefined",
                                        "valueText": "undefined"
                                    }
                                }
                            ],
                            "_closeParenToken": {
                                "kind": "CloseParenToken",
                                "start": 731,
                                "width": 1,
                                "text": ")"
                            }
                        }
                    },
                    "_argumentList": {
                        "kind": "ArgumentList",
                        "_openParenToken": {
                            "kind": "OpenParenToken",
                            "start": 732,
                            "width": 1,
                            "text": "("
                        },
                        "_arguments": [],
                        "_closeParenToken": {
                            "kind": "CloseParenToken",
                            "start": 733,
                            "width": 1,
                            "text": ")"
                        }
                    }
                },
                "_semicolonToken": {
                    "kind": "SemicolonToken",
                    "start": 734,
                    "width": 1,
                    "fullWidth": 3,
                    "text": ";",
                    "hasTrailingTrivia": true,
                    "hasTrailingNewLineTrivia": true
                }
            },
            {
                "kind": "FunctionDeclaration",
                "_functionKeyword": {
                    "kind": "IdentifierNameToken",
                    "keywordKind": "FunctionKeyword",
                    "start": 741,
                    "fullStart": 737,
                    "width": 8,
                    "fullWidth": 13,
                    "text": "function",
                    "hasLeadingTrivia": true,
                    "hasLeadingNewLineTrivia": true,
                    "hasTrailingTrivia": true
                },
                "_functionSignature": {
                    "kind": "FunctionSignature",
                    "_identifier": {
                        "kind": "IdentifierNameToken",
                        "start": 750,
                        "width": 10,
                        "text": "gNonStrict",
                        "valueText": "gNonStrict"
                    },
                    "_parameterList": {
                        "kind": "ParameterList",
                        "_openParenToken": {
                            "kind": "OpenParenToken",
                            "start": 760,
                            "width": 1,
                            "text": "("
                        },
                        "_parameters": [],
                        "_closeParenToken": {
                            "kind": "CloseParenToken",
                            "start": 761,
                            "width": 1,
                            "fullWidth": 2,
                            "text": ")",
                            "hasTrailingTrivia": true
                        }
                    }
                },
                "_block": {
                    "kind": "Block",
                    "_openBraceToken": {
                        "kind": "OpenBraceToken",
                        "start": 763,
                        "width": 1,
                        "fullWidth": 3,
                        "text": "{",
                        "hasTrailingTrivia": true,
                        "hasTrailingNewLineTrivia": true
                    },
                    "_statements": [
                        {
                            "kind": "ReturnStatement",
                            "_returnKeyword": {
                                "kind": "IdentifierNameToken",
                                "keywordKind": "ReturnKeyword",
                                "start": 770,
                                "fullStart": 766,
                                "width": 6,
                                "fullWidth": 11,
                                "text": "return",
                                "hasLeadingTrivia": true,
                                "hasTrailingTrivia": true
                            },
                            "_expression": {
                                "kind": "LogicalOrExpression",
                                "_left": {
                                    "kind": "MemberAccessExpression",
                                    "_expression": {
                                        "kind": "IdentifierName",
                                        "_identifier": {
                                            "kind": "IdentifierNameToken",
                                            "start": 777,
                                            "width": 10,
                                            "text": "gNonStrict",
                                            "valueText": "gNonStrict"
                                        }
                                    },
                                    "_dotToken": {
                                        "kind": "DotToken",
                                        "start": 787,
                                        "width": 1,
                                        "text": "."
                                    },
                                    "_identifierName": {
                                        "kind": "IdentifierName",
                                        "_identifier": {
                                            "kind": "IdentifierNameToken",
                                            "start": 788,
                                            "width": 6,
                                            "fullWidth": 7,
                                            "text": "caller",
                                            "valueText": "caller",
                                            "hasTrailingTrivia": true
                                        }
                                    }
                                },
                                "_operatorToken": {
                                    "kind": "BarBarToken",
                                    "start": 795,
                                    "width": 2,
                                    "fullWidth": 3,
                                    "text": "||",
                                    "hasTrailingTrivia": true
                                },
                                "_right": {
                                    "kind": "MemberAccessExpression",
                                    "_expression": {
                                        "kind": "MemberAccessExpression",
                                        "_expression": {
                                            "kind": "IdentifierName",
                                            "_identifier": {
                                                "kind": "IdentifierNameToken",
                                                "start": 798,
                                                "width": 10,
                                                "text": "gNonStrict",
                                                "valueText": "gNonStrict"
                                            }
                                        },
                                        "_dotToken": {
                                            "kind": "DotToken",
                                            "start": 808,
                                            "width": 1,
                                            "text": "."
                                        },
                                        "_identifierName": {
                                            "kind": "IdentifierName",
                                            "_identifier": {
                                                "kind": "IdentifierNameToken",
                                                "start": 809,
                                                "width": 6,
                                                "text": "caller",
                                                "valueText": "caller"
                                            }
                                        }
                                    },
                                    "_dotToken": {
                                        "kind": "DotToken",
                                        "start": 815,
                                        "width": 1,
                                        "text": "."
                                    },
                                    "_identifierName": {
                                        "kind": "IdentifierName",
                                        "_identifier": {
                                            "kind": "IdentifierNameToken",
                                            "start": 816,
                                            "width": 14,
                                            "text": "throwTypeError",
                                            "valueText": "throwTypeError"
                                        }
                                    }
                                }
                            },
                            "_semicolonToken": {
                                "kind": "SemicolonToken",
                                "start": 830,
                                "width": 1,
                                "fullWidth": 3,
                                "text": ";",
                                "hasTrailingTrivia": true,
                                "hasTrailingNewLineTrivia": true
                            }
                        }
                    ],
                    "_closeBraceToken": {
                        "kind": "CloseBraceToken",
                        "start": 833,
                        "width": 1,
                        "fullWidth": 3,
                        "text": "}",
                        "hasTrailingTrivia": true,
                        "hasTrailingNewLineTrivia": true
                    }
                }
            }
        ],
        "_endOfFileToken": {
            "kind": "EndOfFileToken",
            "start": 838,
            "fullStart": 836,
            "width": 0,
            "fullWidth": 2,
            "text": "",
            "hasLeadingTrivia": true,
            "hasLeadingNewLineTrivia": true
        }
    }
}