{
    "_sourceUnit": {
        "kind": "SourceUnit",
        "_moduleElements": [
            {
                "kind": "ExpressionStatement",
                "_expression": {
                    "kind": "StringLiteralExpression",
                    "_literalToken": {
                        "kind": "StringLiteral",
                        "start": 614,
                        "fullStart": 0,
                        "width": 12,
                        "fullWidth": 626,
                        "text": "\"use strict\"",
                        "hasLeadingTrivia": true,
                        "hasLeadingCommentTrivia": true,
                        "hasLeadingNewLineTrivia": true
                    }
                },
                "_semicolonToken": {
                    "kind": "SemicolonToken",
                    "start": 626,
                    "width": 1,
                    "fullWidth": 3,
                    "text": ";",
                    "hasTrailingTrivia": true,
                    "hasTrailingNewLineTrivia": true
                }
            },
            {
                "kind": "ExpressionStatement",
                "_expression": {
                    "kind": "InvocationExpression",
                    "_expression": {
                        "kind": "IdentifierName",
                        "_identifier": {
                            "kind": "IdentifierNameToken",
                            "start": 629,
                            "width": 4,
                            "text": "eval",
                            "valueText": "eval"
                        }
                    },
                    "_argumentList": {
                        "kind": "ArgumentList",
                        "_openParenToken": {
                            "kind": "OpenParenToken",
                            "start": 633,
                            "width": 1,
                            "text": "("
                        },
                        "_arguments": [
                            {
                                "kind": "StringLiteralExpression",
                                "_literalToken": {
                                    "kind": "StringLiteral",
                                    "start": 634,
                                    "width": 15,
                                    "text": "\"gNonStrict();\""
                                }
                            }
                        ],
                        "_closeParenToken": {
                            "kind": "CloseParenToken",
                            "start": 649,
                            "width": 1,
                            "text": ")"
                        }
                    }
                },
                "_semicolonToken": {
                    "kind": "SemicolonToken",
                    "start": 650,
                    "width": 1,
                    "fullWidth": 3,
                    "text": ";",
                    "hasTrailingTrivia": true,
                    "hasTrailingNewLineTrivia": true
                }
            },
            {
                "kind": "FunctionDeclaration",
                "_functionKeyword": {
                    "kind": "IdentifierNameToken",
                    "keywordKind": "FunctionKeyword",
                    "start": 657,
                    "fullStart": 653,
                    "width": 8,
                    "fullWidth": 13,
                    "text": "function",
                    "hasLeadingTrivia": true,
                    "hasLeadingNewLineTrivia": true,
                    "hasTrailingTrivia": true
                },
                "_functionSignature": {
                    "kind": "FunctionSignature",
                    "_identifier": {
                        "kind": "IdentifierNameToken",
                        "start": 666,
                        "width": 10,
                        "text": "gNonStrict",
                        "valueText": "gNonStrict"
                    },
                    "_parameterList": {
                        "kind": "ParameterList",
                        "_openParenToken": {
                            "kind": "OpenParenToken",
                            "start": 676,
                            "width": 1,
                            "text": "("
                        },
                        "_parameters": [],
                        "_closeParenToken": {
                            "kind": "CloseParenToken",
                            "start": 677,
                            "width": 1,
                            "fullWidth": 2,
                            "text": ")",
                            "hasTrailingTrivia": true
                        }
                    }
                },
                "_block": {
                    "kind": "Block",
                    "_openBraceToken": {
                        "kind": "OpenBraceToken",
                        "start": 679,
                        "width": 1,
                        "fullWidth": 3,
                        "text": "{",
                        "hasTrailingTrivia": true,
                        "hasTrailingNewLineTrivia": true
                    },
                    "_statements": [
                        {
                            "kind": "ReturnStatement",
                            "_returnKeyword": {
                                "kind": "IdentifierNameToken",
                                "keywordKind": "ReturnKeyword",
                                "start": 686,
                                "fullStart": 682,
                                "width": 6,
                                "fullWidth": 11,
                                "text": "return",
                                "hasLeadingTrivia": true,
                                "hasTrailingTrivia": true
                            },
                            "_expression": {
                                "kind": "MemberAccessExpression",
                                "_expression": {
                                    "kind": "IdentifierName",
                                    "_identifier": {
                                        "kind": "IdentifierNameToken",
                                        "start": 693,
                                        "width": 10,
                                        "text": "gNonStrict",
                                        "valueText": "gNonStrict"
                                    }
                                },
                                "_dotToken": {
                                    "kind": "DotToken",
                                    "start": 703,
                                    "width": 1,
                                    "text": "."
                                },
                                "_identifierName": {
                                    "kind": "IdentifierName",
                                    "_identifier": {
                                        "kind": "IdentifierNameToken",
                                        "start": 704,
                                        "width": 6,
                                        "text": "caller",
                                        "valueText": "caller"
                                    }
                                }
                            },
                            "_semicolonToken": {
                                "kind": "SemicolonToken",
                                "start": 710,
                                "width": 1,
                                "fullWidth": 3,
                                "text": ";",
                                "hasTrailingTrivia": true,
                                "hasTrailingNewLineTrivia": true
                            }
                        }
                    ],
                    "_closeBraceToken": {
                        "kind": "CloseBraceToken",
                        "start": 713,
                        "width": 1,
                        "fullWidth": 3,
                        "text": "}",
                        "hasTrailingTrivia": true,
                        "hasTrailingNewLineTrivia": true
                    }
                }
            }
        ],
        "_endOfFileToken": {
            "kind": "EndOfFileToken",
            "start": 718,
            "fullStart": 716,
            "width": 0,
            "fullWidth": 2,
            "text": "",
            "hasLeadingTrivia": true,
            "hasLeadingNewLineTrivia": true
        }
    }
}