{
    "_sourceUnit": {
        "kind": "SourceUnit",
        "_moduleElements": [
            {
                "kind": "FunctionDeclaration",
                "_functionKeyword": {
                    "kind": "IdentifierNameToken",
                    "keywordKind": "FunctionKeyword",
                    "start": 557,
                    "fullStart": 0,
                    "width": 8,
                    "fullWidth": 566,
                    "text": "function",
                    "hasLeadingTrivia": true,
                    "hasLeadingCommentTrivia": true,
                    "hasLeadingNewLineTrivia": true,
                    "hasTrailingTrivia": true
                },
                "_functionSignature": {
                    "kind": "FunctionSignature",
                    "_identifier": {
                        "kind": "IdentifierNameToken",
                        "start": 566,
                        "width": 8,
                        "text": "testcase",
                        "valueText": "testcase"
                    },
                    "_parameterList": {
                        "kind": "ParameterList",
                        "_openParenToken": {
                            "kind": "OpenParenToken",
                            "start": 574,
                            "width": 1,
                            "text": "("
                        },
                        "_parameters": [],
                        "_closeParenToken": {
                            "kind": "CloseParenToken",
                            "start": 575,
                            "width": 1,
                            "fullWidth": 2,
                            "text": ")",
                            "hasTrailingTrivia": true
                        }
                    }
                },
                "_block": {
                    "kind": "Block",
                    "_openBraceToken": {
                        "kind": "OpenBraceToken",
                        "start": 577,
                        "width": 1,
                        "fullWidth": 3,
                        "text": "{",
                        "hasTrailingTrivia": true,
                        "hasTrailingNewLineTrivia": true
                    },
                    "_statements": [
                        {
                            "kind": "VariableStatement",
                            "_variableDeclaration": {
                                "kind": "VariableDeclaration",
                                "_varKeyword": {
                                    "kind": "IdentifierNameToken",
                                    "keywordKind": "VarKeyword",
                                    "start": 588,
                                    "fullStart": 580,
                                    "width": 3,
                                    "fullWidth": 12,
                                    "text": "var",
                                    "hasLeadingTrivia": true,
                                    "hasTrailingTrivia": true
                                },
                                "_variableDeclarators": [
                                    {
                                        "kind": "VariableDeclarator",
                                        "_identifier": {
                                            "kind": "IdentifierNameToken",
                                            "start": 592,
                                            "width": 6,
                                            "fullWidth": 7,
                                            "text": "regObj",
                                            "valueText": "regObj",
                                            "hasTrailingTrivia": true
                                        },
                                        "_equalsValueClause": {
                                            "kind": "EqualsValueClause",
                                            "_equalsToken": {
                                                "kind": "EqualsToken",
                                                "start": 599,
                                                "width": 1,
                                                "fullWidth": 2,
                                                "text": "=",
                                                "hasTrailingTrivia": true
                                            },
                                            "_value": {
                                                "kind": "ObjectCreationExpression",
                                                "_newKeyword": {
                                                    "kind": "IdentifierNameToken",
                                                    "keywordKind": "NewKeyword",
                                                    "start": 601,
                                                    "width": 3,
                                                    "fullWidth": 4,
                                                    "text": "new",
                                                    "hasTrailingTrivia": true
                                                },
                                                "_expression": {
                                                    "kind": "IdentifierName",
                                                    "_identifier": {
                                                        "kind": "IdentifierNameToken",
                                                        "start": 605,
                                                        "width": 6,
                                                        "text": "RegExp",
                                                        "valueText": "RegExp"
                                                    }
                                                },
                                                "_argumentList": {
                                                    "kind": "ArgumentList",
                                                    "_openParenToken": {
                                                        "kind": "OpenParenToken",
                                                        "start": 611,
                                                        "width": 1,
                                                        "text": "("
                                                    },
                                                    "_arguments": [],
                                                    "_closeParenToken": {
                                                        "kind": "CloseParenToken",
                                                        "start": 612,
                                                        "width": 1,
                                                        "text": ")"
                                                    }
                                                }
                                            }
                                        }
                                    }
                                ]
                            },
                            "_semicolonToken": {
                                "kind": "SemicolonToken",
                                "start": 613,
                                "width": 1,
                                "fullWidth": 3,
                                "text": ";",
                                "hasTrailingTrivia": true,
                                "hasTrailingNewLineTrivia": true
                            }
                        },
                        {
                            "kind": "ExpressionStatement",
                            "_expression": {
                                "kind": "AssignmentExpression",
                                "_left": {
                                    "kind": "MemberAccessExpression",
                                    "_expression": {
                                        "kind": "IdentifierName",
                                        "_identifier": {
                                            "kind": "IdentifierNameToken",
                                            "start": 626,
                                            "fullStart": 616,
                                            "width": 6,
                                            "fullWidth": 16,
                                            "text": "regObj",
                                            "valueText": "regObj",
                                            "hasLeadingTrivia": true,
                                            "hasLeadingNewLineTrivia": true
                                        }
                                    },
                                    "_dotToken": {
                                        "kind": "DotToken",
                                        "start": 632,
                                        "width": 1,
                                        "text": "."
                                    },
                                    "_identifierName": {
                                        "kind": "IdentifierName",
                                        "_identifier": {
                                            "kind": "IdentifierNameToken",
                                            "start": 633,
                                            "width": 3,
                                            "fullWidth": 4,
                                            "text": "foo",
                                            "valueText": "foo",
                                            "hasTrailingTrivia": true
                                        }
                                    }
                                },
                                "_operatorToken": {
                                    "kind": "EqualsToken",
                                    "start": 637,
                                    "width": 1,
                                    "fullWidth": 2,
                                    "text": "=",
                                    "hasTrailingTrivia": true
                                },
                                "_right": {
                                    "kind": "NumericLiteralExpression",
                                    "_literalToken": {
                                        "kind": "NumericLiteral",
                                        "start": 639,
                                        "width": 2,
                                        "text": "10"
                                    }
                                }
                            },
                            "_semicolonToken": {
                                "kind": "SemicolonToken",
                                "start": 641,
                                "width": 1,
                                "fullWidth": 3,
                                "text": ";",
                                "hasTrailingTrivia": true,
                                "hasTrailingNewLineTrivia": true
                            }
                        },
                        {
                            "kind": "VariableStatement",
                            "_variableDeclaration": {
                                "kind": "VariableDeclaration",
                                "_varKeyword": {
                                    "kind": "IdentifierNameToken",
                                    "keywordKind": "VarKeyword",
                                    "start": 652,
                                    "fullStart": 644,
                                    "width": 3,
                                    "fullWidth": 12,
                                    "text": "var",
                                    "hasLeadingTrivia": true,
                                    "hasTrailingTrivia": true
                                },
                                "_variableDeclarators": [
                                    {
                                        "kind": "VariableDeclarator",
                                        "_identifier": {
                                            "kind": "IdentifierNameToken",
                                            "start": 656,
                                            "width": 8,
                                            "fullWidth": 9,
                                            "text": "preCheck",
                                            "valueText": "preCheck",
                                            "hasTrailingTrivia": true
                                        },
                                        "_equalsValueClause": {
                                            "kind": "EqualsValueClause",
                                            "_equalsToken": {
                                                "kind": "EqualsToken",
                                                "start": 665,
                                                "width": 1,
                                                "fullWidth": 2,
                                                "text": "=",
                                                "hasTrailingTrivia": true
                                            },
                                            "_value": {
                                                "kind": "InvocationExpression",
                                                "_expression": {
                                                    "kind": "MemberAccessExpression",
                                                    "_expression": {
                                                        "kind": "IdentifierName",
                                                        "_identifier": {
                                                            "kind": "IdentifierNameToken",
                                                            "start": 667,
                                                            "width": 6,
                                                            "text": "Object",
                                                            "valueText": "Object"
                                                        }
                                                    },
                                                    "_dotToken": {
                                                        "kind": "DotToken",
                                                        "start": 673,
                                                        "width": 1,
                                                        "text": "."
                                                    },
                                                    "_identifierName": {
                                                        "kind": "IdentifierName",
                                                        "_identifier": {
                                                            "kind": "IdentifierNameToken",
                                                            "start": 674,
                                                            "width": 12,
                                                            "text": "isExtensible",
                                                            "valueText": "isExtensible"
                                                        }
                                                    }
                                                },
                                                "_argumentList": {
                                                    "kind": "ArgumentList",
                                                    "_openParenToken": {
                                                        "kind": "OpenParenToken",
                                                        "start": 686,
                                                        "width": 1,
                                                        "text": "("
                                                    },
                                                    "_arguments": [
                                                        {
                                                            "kind": "IdentifierName",
                                                            "_identifier": {
                                                                "kind": "IdentifierNameToken",
                                                                "start": 687,
                                                                "width": 6,
                                                                "text": "regObj",
                                                                "valueText": "regObj"
                                                            }
                                                        }
                                                    ],
                                                    "_closeParenToken": {
                                                        "kind": "CloseParenToken",
                                                        "start": 693,
                                                        "width": 1,
                                                        "text": ")"
                                                    }
                                                }
                                            }
                                        }
                                    }
                                ]
                            },
                            "_semicolonToken": {
                                "kind": "SemicolonToken",
                                "start": 694,
                                "width": 1,
                                "fullWidth": 3,
                                "text": ";",
                                "hasTrailingTrivia": true,
                                "hasTrailingNewLineTrivia": true
                            }
                        },
                        {
                            "kind": "ExpressionStatement",
                            "_expression": {
                                "kind": "InvocationExpression",
                                "_expression": {
                                    "kind": "MemberAccessExpression",
                                    "_expression": {
                                        "kind": "IdentifierName",
                                        "_identifier": {
                                            "kind": "IdentifierNameToken",
                                            "start": 705,
                                            "fullStart": 697,
                                            "width": 6,
                                            "fullWidth": 14,
                                            "text": "Object",
                                            "valueText": "Object",
                                            "hasLeadingTrivia": true
                                        }
                                    },
                                    "_dotToken": {
                                        "kind": "DotToken",
                                        "start": 711,
                                        "width": 1,
                                        "text": "."
                                    },
                                    "_identifierName": {
                                        "kind": "IdentifierName",
                                        "_identifier": {
                                            "kind": "IdentifierNameToken",
                                            "start": 712,
                                            "width": 4,
                                            "text": "seal",
                                            "valueText": "seal"
                                        }
                                    }
                                },
                                "_argumentList": {
                                    "kind": "ArgumentList",
                                    "_openParenToken": {
                                        "kind": "OpenParenToken",
                                        "start": 716,
                                        "width": 1,
                                        "text": "("
                                    },
                                    "_arguments": [
                                        {
                                            "kind": "IdentifierName",
                                            "_identifier": {
                                                "kind": "IdentifierNameToken",
                                                "start": 717,
                                                "width": 6,
                                                "text": "regObj",
                                                "valueText": "regObj"
                                            }
                                        }
                                    ],
                                    "_closeParenToken": {
                                        "kind": "CloseParenToken",
                                        "start": 723,
                                        "width": 1,
                                        "text": ")"
                                    }
                                }
                            },
                            "_semicolonToken": {
                                "kind": "SemicolonToken",
                                "start": 724,
                                "width": 1,
                                "fullWidth": 3,
                                "text": ";",
                                "hasTrailingTrivia": true,
                                "hasTrailingNewLineTrivia": true
                            }
                        },
                        {
                            "kind": "ExpressionStatement",
                            "_expression": {
                                "kind": "DeleteExpression",
                                "_deleteKeyword": {
                                    "kind": "IdentifierNameToken",
                                    "keywordKind": "DeleteKeyword",
                                    "start": 737,
                                    "fullStart": 727,
                                    "width": 6,
                                    "fullWidth": 17,
                                    "text": "delete",
                                    "hasLeadingTrivia": true,
                                    "hasLeadingNewLineTrivia": true,
                                    "hasTrailingTrivia": true
                                },
                                "_expression": {
                                    "kind": "MemberAccessExpression",
                                    "_expression": {
                                        "kind": "IdentifierName",
                                        "_identifier": {
                                            "kind": "IdentifierNameToken",
                                            "start": 744,
                                            "width": 6,
                                            "text": "regObj",
                                            "valueText": "regObj"
                                        }
                                    },
                                    "_dotToken": {
                                        "kind": "DotToken",
                                        "start": 750,
                                        "width": 1,
                                        "text": "."
                                    },
                                    "_identifierName": {
                                        "kind": "IdentifierName",
                                        "_identifier": {
                                            "kind": "IdentifierNameToken",
                                            "start": 751,
                                            "width": 3,
                                            "text": "foo",
                                            "valueText": "foo"
                                        }
                                    }
                                }
                            },
                            "_semicolonToken": {
                                "kind": "SemicolonToken",
                                "start": 754,
                                "width": 1,
                                "fullWidth": 3,
                                "text": ";",
                                "hasTrailingTrivia": true,
                                "hasTrailingNewLineTrivia": true
                            }
                        },
                        {
                            "kind": "ReturnStatement",
                            "_returnKeyword": {
                                "kind": "IdentifierNameToken",
                                "keywordKind": "ReturnKeyword",
                                "start": 765,
                                "fullStart": 757,
                                "width": 6,
                                "fullWidth": 15,
                                "text": "return",
                                "hasLeadingTrivia": true,
                                "hasTrailingTrivia": true
                            },
                            "_expression": {
                                "kind": "LogicalAndExpression",
                                "_left": {
                                    "kind": "IdentifierName",
                                    "_identifier": {
                                        "kind": "IdentifierNameToken",
                                        "start": 772,
                                        "width": 8,
                                        "fullWidth": 9,
                                        "text": "preCheck",
                                        "valueText": "preCheck",
                                        "hasTrailingTrivia": true
                                    }
                                },
                                "_operatorToken": {
                                    "kind": "AmpersandAmpersandToken",
                                    "start": 781,
                                    "width": 2,
                                    "fullWidth": 3,
                                    "text": "&&",
                                    "hasTrailingTrivia": true
                                },
                                "_right": {
                                    "kind": "EqualsExpression",
                                    "_left": {
                                        "kind": "MemberAccessExpression",
                                        "_expression": {
                                            "kind": "IdentifierName",
                                            "_identifier": {
                                                "kind": "IdentifierNameToken",
                                                "start": 784,
                                                "width": 6,
                                                "text": "regObj",
                                                "valueText": "regObj"
                                            }
                                        },
                                        "_dotToken": {
                                            "kind": "DotToken",
                                            "start": 790,
                                            "width": 1,
                                            "text": "."
                                        },
                                        "_identifierName": {
                                            "kind": "IdentifierName",
                                            "_identifier": {
                                                "kind": "IdentifierNameToken",
                                                "start": 791,
                                                "width": 3,
                                                "fullWidth": 4,
                                                "text": "foo",
                                                "valueText": "foo",
                                                "hasTrailingTrivia": true
                                            }
                                        }
                                    },
                                    "_operatorToken": {
                                        "kind": "EqualsEqualsEqualsToken",
                                        "start": 795,
                                        "width": 3,
                                        "fullWidth": 4,
                                        "text": "===",
                                        "hasTrailingTrivia": true
                                    },
                                    "_right": {
                                        "kind": "NumericLiteralExpression",
                                        "_literalToken": {
                                            "kind": "NumericLiteral",
                                            "start": 799,
                                            "width": 2,
                                            "text": "10"
                                        }
                                    }
                                }
                            },
                            "_semicolonToken": {
                                "kind": "SemicolonToken",
                                "start": 801,
                                "width": 1,
                                "fullWidth": 3,
                                "text": ";",
                                "hasTrailingTrivia": true,
                                "hasTrailingNewLineTrivia": true
                            }
                        }
                    ],
                    "_closeBraceToken": {
                        "kind": "CloseBraceToken",
                        "start": 808,
                        "fullStart": 804,
                        "width": 1,
                        "fullWidth": 7,
                        "text": "}",
                        "hasLeadingTrivia": true,
                        "hasTrailingTrivia": true,
                        "hasTrailingNewLineTrivia": true
                    }
                }
            },
            {
                "kind": "ExpressionStatement",
                "_expression": {
                    "kind": "InvocationExpression",
                    "_expression": {
                        "kind": "IdentifierName",
                        "_identifier": {
                            "kind": "IdentifierNameToken",
                            "start": 811,
                            "width": 11,
                            "text": "runTestCase",
                            "valueText": "runTestCase"
                        }
                    },
                    "_argumentList": {
                        "kind": "ArgumentList",
                        "_openParenToken": {
                            "kind": "OpenParenToken",
                            "start": 822,
                            "width": 1,
                            "text": "("
                        },
                        "_arguments": [
                            {
                                "kind": "IdentifierName",
                                "_identifier": {
                                    "kind": "IdentifierNameToken",
                                    "start": 823,
                                    "width": 8,
                                    "text": "testcase",
                                    "valueText": "testcase"
                                }
                            }
                        ],
                        "_closeParenToken": {
                            "kind": "CloseParenToken",
                            "start": 831,
                            "width": 1,
                            "text": ")"
                        }
                    }
                },
                "_semicolonToken": {
                    "kind": "SemicolonToken",
                    "start": 832,
                    "width": 1,
                    "fullWidth": 3,
                    "text": ";",
                    "hasTrailingTrivia": true,
                    "hasTrailingNewLineTrivia": true
                }
            }
        ],
        "_endOfFileToken": {
            "kind": "EndOfFileToken",
            "start": 835,
            "width": 0,
            "text": ""
        }
    }
}