{
    "_sourceUnit": {
        "kind": "SourceUnit",
        "_moduleElements": [
            {
                "kind": "FunctionDeclaration",
                "_functionKeyword": {
                    "kind": "IdentifierNameToken",
                    "keywordKind": "FunctionKeyword",
                    "start": 610,
                    "fullStart": 0,
                    "width": 8,
                    "fullWidth": 619,
                    "text": "function",
                    "hasLeadingTrivia": true,
                    "hasLeadingCommentTrivia": true,
                    "hasLeadingNewLineTrivia": true,
                    "hasTrailingTrivia": true
                },
                "_functionSignature": {
                    "kind": "FunctionSignature",
                    "_identifier": {
                        "kind": "IdentifierNameToken",
                        "start": 619,
                        "width": 8,
                        "text": "testcase",
                        "valueText": "testcase"
                    },
                    "_parameterList": {
                        "kind": "ParameterList",
                        "_openParenToken": {
                            "kind": "OpenParenToken",
                            "start": 627,
                            "width": 1,
                            "text": "("
                        },
                        "_parameters": [],
                        "_closeParenToken": {
                            "kind": "CloseParenToken",
                            "start": 628,
                            "width": 1,
                            "fullWidth": 2,
                            "text": ")",
                            "hasTrailingTrivia": true
                        }
                    }
                },
                "_block": {
                    "kind": "Block",
                    "_openBraceToken": {
                        "kind": "OpenBraceToken",
                        "start": 630,
                        "width": 1,
                        "fullWidth": 3,
                        "text": "{",
                        "hasTrailingTrivia": true,
                        "hasTrailingNewLineTrivia": true
                    },
                    "_statements": [
                        {
                            "kind": "TryStatement",
                            "_tryKeyword": {
                                "kind": "IdentifierNameToken",
                                "keywordKind": "TryKeyword",
                                "start": 643,
                                "fullStart": 633,
                                "width": 3,
                                "fullWidth": 14,
                                "text": "try",
                                "hasLeadingTrivia": true,
                                "hasLeadingNewLineTrivia": true,
                                "hasTrailingTrivia": true
                            },
                            "_block": {
                                "kind": "Block",
                                "_openBraceToken": {
                                    "kind": "OpenBraceToken",
                                    "start": 647,
                                    "width": 1,
                                    "fullWidth": 3,
                                    "text": "{",
                                    "hasTrailingTrivia": true,
                                    "hasTrailingNewLineTrivia": true
                                },
                                "_statements": [
                                    {
                                        "kind": "ExpressionStatement",
                                        "_expression": {
                                            "kind": "InvocationExpression",
                                            "_expression": {
                                                "kind": "MemberAccessExpression",
                                                "_expression": {
                                                    "kind": "IdentifierName",
                                                    "_identifier": {
                                                        "kind": "IdentifierNameToken",
                                                        "start": 662,
                                                        "fullStart": 650,
                                                        "width": 6,
                                                        "fullWidth": 18,
                                                        "text": "Object",
                                                        "valueText": "Object",
                                                        "hasLeadingTrivia": true
                                                    }
                                                },
                                                "_dotToken": {
                                                    "kind": "DotToken",
                                                    "start": 668,
                                                    "width": 1,
                                                    "text": "."
                                                },
                                                "_identifierName": {
                                                    "kind": "IdentifierName",
                                                    "_identifier": {
                                                        "kind": "IdentifierNameToken",
                                                        "start": 669,
                                                        "width": 6,
                                                        "text": "create",
                                                        "valueText": "create"
                                                    }
                                                }
                                            },
                                            "_argumentList": {
                                                "kind": "ArgumentList",
                                                "_openParenToken": {
                                                    "kind": "OpenParenToken",
                                                    "start": 675,
                                                    "width": 1,
                                                    "text": "("
                                                },
                                                "_arguments": [
                                                    {
                                                        "kind": "ObjectLiteralExpression",
                                                        "_openBraceToken": {
                                                            "kind": "OpenBraceToken",
                                                            "start": 676,
                                                            "width": 1,
                                                            "text": "{"
                                                        },
                                                        "_propertyAssignments": [],
                                                        "_closeBraceToken": {
                                                            "kind": "CloseBraceToken",
                                                            "start": 677,
                                                            "width": 1,
                                                            "text": "}"
                                                        }
                                                    },
                                                    {
                                                        "kind": "CommaToken",
                                                        "start": 678,
                                                        "width": 1,
                                                        "fullWidth": 2,
                                                        "text": ",",
                                                        "hasTrailingTrivia": true
                                                    },
                                                    {
                                                        "kind": "ObjectLiteralExpression",
                                                        "_openBraceToken": {
                                                            "kind": "OpenBraceToken",
                                                            "start": 680,
                                                            "width": 1,
                                                            "fullWidth": 3,
                                                            "text": "{",
                                                            "hasTrailingTrivia": true,
                                                            "hasTrailingNewLineTrivia": true
                                                        },
                                                        "_propertyAssignments": [
                                                            {
                                                                "kind": "SimplePropertyAssignment",
                                                                "_propertyName": {
                                                                    "kind": "IdentifierNameToken",
                                                                    "start": 699,
                                                                    "fullStart": 683,
                                                                    "width": 4,
                                                                    "fullWidth": 20,
                                                                    "text": "prop",
                                                                    "valueText": "prop",
                                                                    "hasLeadingTrivia": true
                                                                },
                                                                "_colonToken": {
                                                                    "kind": "ColonToken",
                                                                    "start": 703,
                                                                    "width": 1,
                                                                    "fullWidth": 2,
                                                                    "text": ":",
                                                                    "hasTrailingTrivia": true
                                                                },
                                                                "_expression": {
                                                                    "kind": "ObjectLiteralExpression",
                                                                    "_openBraceToken": {
                                                                        "kind": "OpenBraceToken",
                                                                        "start": 705,
                                                                        "width": 1,
                                                                        "fullWidth": 3,
                                                                        "text": "{",
                                                                        "hasTrailingTrivia": true,
                                                                        "hasTrailingNewLineTrivia": true
                                                                    },
                                                                    "_propertyAssignments": [
                                                                        {
                                                                            "kind": "SimplePropertyAssignment",
                                                                            "_propertyName": {
                                                                                "kind": "IdentifierNameToken",
                                                                                "keywordKind": "GetKeyword",
                                                                                "start": 728,
                                                                                "fullStart": 708,
                                                                                "width": 3,
                                                                                "fullWidth": 23,
                                                                                "text": "get",
                                                                                "hasLeadingTrivia": true
                                                                            },
                                                                            "_colonToken": {
                                                                                "kind": "ColonToken",
                                                                                "start": 731,
                                                                                "width": 1,
                                                                                "fullWidth": 2,
                                                                                "text": ":",
                                                                                "hasTrailingTrivia": true
                                                                            },
                                                                            "_expression": {
                                                                                "kind": "FunctionExpression",
                                                                                "_functionKeyword": {
                                                                                    "kind": "IdentifierNameToken",
                                                                                    "keywordKind": "FunctionKeyword",
                                                                                    "start": 733,
                                                                                    "width": 8,
                                                                                    "fullWidth": 9,
                                                                                    "text": "function",
                                                                                    "hasTrailingTrivia": true
                                                                                },
                                                                                "_callSignature": {
                                                                                    "kind": "CallSignature",
                                                                                    "_parameterList": {
                                                                                        "kind": "ParameterList",
                                                                                        "_openParenToken": {
                                                                                            "kind": "OpenParenToken",
                                                                                            "start": 742,
                                                                                            "width": 1,
                                                                                            "text": "("
                                                                                        },
                                                                                        "_parameters": [],
                                                                                        "_closeParenToken": {
                                                                                            "kind": "CloseParenToken",
                                                                                            "start": 743,
                                                                                            "width": 1,
                                                                                            "fullWidth": 2,
                                                                                            "text": ")",
                                                                                            "hasTrailingTrivia": true
                                                                                        }
                                                                                    }
                                                                                },
                                                                                "_block": {
                                                                                    "kind": "Block",
                                                                                    "_openBraceToken": {
                                                                                        "kind": "OpenBraceToken",
                                                                                        "start": 745,
                                                                                        "width": 1,
                                                                                        "fullWidth": 2,
                                                                                        "text": "{",
                                                                                        "hasTrailingTrivia": true
                                                                                    },
                                                                                    "_statements": [],
                                                                                    "_closeBraceToken": {
                                                                                        "kind": "CloseBraceToken",
                                                                                        "start": 747,
                                                                                        "width": 1,
                                                                                        "text": "}"
                                                                                    }
                                                                                }
                                                                            }
                                                                        },
                                                                        {
                                                                            "kind": "CommaToken",
                                                                            "start": 748,
                                                                            "width": 1,
                                                                            "fullWidth": 3,
                                                                            "text": ",",
                                                                            "hasTrailingTrivia": true,
                                                                            "hasTrailingNewLineTrivia": true
                                                                        },
                                                                        {
                                                                            "kind": "SimplePropertyAssignment",
                                                                            "_propertyName": {
                                                                                "kind": "IdentifierNameToken",
                                                                                "start": 771,
                                                                                "fullStart": 751,
                                                                                "width": 8,
                                                                                "fullWidth": 28,
                                                                                "text": "writable",
                                                                                "valueText": "writable",
                                                                                "hasLeadingTrivia": true
                                                                            },
                                                                            "_colonToken": {
                                                                                "kind": "ColonToken",
                                                                                "start": 779,
                                                                                "width": 1,
                                                                                "fullWidth": 2,
                                                                                "text": ":",
                                                                                "hasTrailingTrivia": true
                                                                            },
                                                                            "_expression": {
                                                                                "kind": "BooleanLiteralExpression",
                                                                                "_literalToken": {
                                                                                    "kind": "IdentifierNameToken",
                                                                                    "keywordKind": "TrueKeyword",
                                                                                    "start": 781,
                                                                                    "width": 4,
                                                                                    "fullWidth": 6,
                                                                                    "text": "true",
                                                                                    "hasTrailingTrivia": true,
                                                                                    "hasTrailingNewLineTrivia": true
                                                                                }
                                                                            }
                                                                        }
                                                                    ],
                                                                    "_closeBraceToken": {
                                                                        "kind": "CloseBraceToken",
                                                                        "start": 803,
                                                                        "fullStart": 787,
                                                                        "width": 1,
                                                                        "fullWidth": 19,
                                                                        "text": "}",
                                                                        "hasLeadingTrivia": true,
                                                                        "hasTrailingTrivia": true,
                                                                        "hasTrailingNewLineTrivia": true
                                                                    }
                                                                }
                                                            }
                                                        ],
                                                        "_closeBraceToken": {
                                                            "kind": "CloseBraceToken",
                                                            "start": 818,
                                                            "fullStart": 806,
                                                            "width": 1,
                                                            "fullWidth": 13,
                                                            "text": "}",
                                                            "hasLeadingTrivia": true
                                                        }
                                                    }
                                                ],
                                                "_closeParenToken": {
                                                    "kind": "CloseParenToken",
                                                    "start": 819,
                                                    "width": 1,
                                                    "text": ")"
                                                }
                                            }
                                        },
                                        "_semicolonToken": {
                                            "kind": "SemicolonToken",
                                            "start": 820,
                                            "width": 1,
                                            "fullWidth": 3,
                                            "text": ";",
                                            "hasTrailingTrivia": true,
                                            "hasTrailingNewLineTrivia": true
                                        }
                                    },
                                    {
                                        "kind": "ReturnStatement",
                                        "_returnKeyword": {
                                            "kind": "IdentifierNameToken",
                                            "keywordKind": "ReturnKeyword",
                                            "start": 837,
                                            "fullStart": 823,
                                            "width": 6,
                                            "fullWidth": 21,
                                            "text": "return",
                                            "hasLeadingTrivia": true,
                                            "hasLeadingNewLineTrivia": true,
                                            "hasTrailingTrivia": true
                                        },
                                        "_expression": {
                                            "kind": "BooleanLiteralExpression",
                                            "_literalToken": {
                                                "kind": "IdentifierNameToken",
                                                "keywordKind": "FalseKeyword",
                                                "start": 844,
                                                "width": 5,
                                                "text": "false"
                                            }
                                        },
                                        "_semicolonToken": {
                                            "kind": "SemicolonToken",
                                            "start": 849,
                                            "width": 1,
                                            "fullWidth": 3,
                                            "text": ";",
                                            "hasTrailingTrivia": true,
                                            "hasTrailingNewLineTrivia": true
                                        }
                                    }
                                ],
                                "_closeBraceToken": {
                                    "kind": "CloseBraceToken",
                                    "start": 860,
                                    "fullStart": 852,
                                    "width": 1,
                                    "fullWidth": 10,
                                    "text": "}",
                                    "hasLeadingTrivia": true,
                                    "hasTrailingTrivia": true
                                }
                            },
                            "_catchClause": {
                                "kind": "CatchClause",
                                "_catchKeyword": {
                                    "kind": "IdentifierNameToken",
                                    "keywordKind": "CatchKeyword",
                                    "start": 862,
                                    "width": 5,
                                    "fullWidth": 6,
                                    "text": "catch",
                                    "hasTrailingTrivia": true
                                },
                                "_openParenToken": {
                                    "kind": "OpenParenToken",
                                    "start": 868,
                                    "width": 1,
                                    "text": "("
                                },
                                "_identifier": {
                                    "kind": "IdentifierNameToken",
                                    "start": 869,
                                    "width": 1,
                                    "text": "e",
                                    "valueText": "e"
                                },
                                "_closeParenToken": {
                                    "kind": "CloseParenToken",
                                    "start": 870,
                                    "width": 1,
                                    "fullWidth": 2,
                                    "text": ")",
                                    "hasTrailingTrivia": true
                                },
                                "_block": {
                                    "kind": "Block",
                                    "_openBraceToken": {
                                        "kind": "OpenBraceToken",
                                        "start": 872,
                                        "width": 1,
                                        "fullWidth": 3,
                                        "text": "{",
                                        "hasTrailingTrivia": true,
                                        "hasTrailingNewLineTrivia": true
                                    },
                                    "_statements": [
                                        {
                                            "kind": "ReturnStatement",
                                            "_returnKeyword": {
                                                "kind": "IdentifierNameToken",
                                                "keywordKind": "ReturnKeyword",
                                                "start": 887,
                                                "fullStart": 875,
                                                "width": 6,
                                                "fullWidth": 19,
                                                "text": "return",
                                                "hasLeadingTrivia": true,
                                                "hasTrailingTrivia": true
                                            },
                                            "_expression": {
                                                "kind": "ParenthesizedExpression",
                                                "_openParenToken": {
                                                    "kind": "OpenParenToken",
                                                    "start": 894,
                                                    "width": 1,
                                                    "text": "("
                                                },
                                                "_expression": {
                                                    "kind": "InstanceOfExpression",
                                                    "_left": {
                                                        "kind": "IdentifierName",
                                                        "_identifier": {
                                                            "kind": "IdentifierNameToken",
                                                            "start": 895,
                                                            "width": 1,
                                                            "fullWidth": 2,
                                                            "text": "e",
                                                            "valueText": "e",
                                                            "hasTrailingTrivia": true
                                                        }
                                                    },
                                                    "_operatorToken": {
                                                        "kind": "IdentifierNameToken",
                                                        "keywordKind": "InstanceOfKeyword",
                                                        "start": 897,
                                                        "width": 10,
                                                        "fullWidth": 11,
                                                        "text": "instanceof",
                                                        "hasTrailingTrivia": true
                                                    },
                                                    "_right": {
                                                        "kind": "IdentifierName",
                                                        "_identifier": {
                                                            "kind": "IdentifierNameToken",
                                                            "start": 908,
                                                            "width": 9,
                                                            "text": "TypeError",
                                                            "valueText": "TypeError"
                                                        }
                                                    }
                                                },
                                                "_closeParenToken": {
                                                    "kind": "CloseParenToken",
                                                    "start": 917,
                                                    "width": 1,
                                                    "text": ")"
                                                }
                                            },
                                            "_semicolonToken": {
                                                "kind": "SemicolonToken",
                                                "start": 918,
                                                "width": 1,
                                                "fullWidth": 3,
                                                "text": ";",
                                                "hasTrailingTrivia": true,
                                                "hasTrailingNewLineTrivia": true
                                            }
                                        }
                                    ],
                                    "_closeBraceToken": {
                                        "kind": "CloseBraceToken",
                                        "start": 929,
                                        "fullStart": 921,
                                        "width": 1,
                                        "fullWidth": 11,
                                        "text": "}",
                                        "hasLeadingTrivia": true,
                                        "hasTrailingTrivia": true,
                                        "hasTrailingNewLineTrivia": true
                                    }
                                }
                            }
                        }
                    ],
                    "_closeBraceToken": {
                        "kind": "CloseBraceToken",
                        "start": 936,
                        "fullStart": 932,
                        "width": 1,
                        "fullWidth": 7,
                        "text": "}",
                        "hasLeadingTrivia": true,
                        "hasTrailingTrivia": true,
                        "hasTrailingNewLineTrivia": true
                    }
                }
            },
            {
                "kind": "ExpressionStatement",
                "_expression": {
                    "kind": "InvocationExpression",
                    "_expression": {
                        "kind": "IdentifierName",
                        "_identifier": {
                            "kind": "IdentifierNameToken",
                            "start": 939,
                            "width": 11,
                            "text": "runTestCase",
                            "valueText": "runTestCase"
                        }
                    },
                    "_argumentList": {
                        "kind": "ArgumentList",
                        "_openParenToken": {
                            "kind": "OpenParenToken",
                            "start": 950,
                            "width": 1,
                            "text": "("
                        },
                        "_arguments": [
                            {
                                "kind": "IdentifierName",
                                "_identifier": {
                                    "kind": "IdentifierNameToken",
                                    "start": 951,
                                    "width": 8,
                                    "text": "testcase",
                                    "valueText": "testcase"
                                }
                            }
                        ],
                        "_closeParenToken": {
                            "kind": "CloseParenToken",
                            "start": 959,
                            "width": 1,
                            "text": ")"
                        }
                    }
                },
                "_semicolonToken": {
                    "kind": "SemicolonToken",
                    "start": 960,
                    "width": 1,
                    "fullWidth": 3,
                    "text": ";",
                    "hasTrailingTrivia": true,
                    "hasTrailingNewLineTrivia": true
                }
            }
        ],
        "_endOfFileToken": {
            "kind": "EndOfFileToken",
            "start": 963,
            "width": 0,
            "text": ""
        }
    }
}