{
    "_sourceUnit": {
        "kind": "SourceUnit",
        "_moduleElements": [
            {
                "kind": "FunctionDeclaration",
                "_functionKeyword": {
                    "kind": "IdentifierNameToken",
                    "keywordKind": "FunctionKeyword",
                    "start": 604,
                    "fullStart": 0,
                    "width": 8,
                    "fullWidth": 613,
                    "text": "function",
                    "hasLeadingTrivia": true,
                    "hasLeadingCommentTrivia": true,
                    "hasLeadingNewLineTrivia": true,
                    "hasTrailingTrivia": true
                },
                "_functionSignature": {
                    "kind": "FunctionSignature",
                    "_identifier": {
                        "kind": "IdentifierNameToken",
                        "start": 613,
                        "width": 8,
                        "text": "testcase",
                        "valueText": "testcase"
                    },
                    "_parameterList": {
                        "kind": "ParameterList",
                        "_openParenToken": {
                            "kind": "OpenParenToken",
                            "start": 621,
                            "width": 1,
                            "text": "("
                        },
                        "_parameters": [],
                        "_closeParenToken": {
                            "kind": "CloseParenToken",
                            "start": 622,
                            "width": 1,
                            "fullWidth": 2,
                            "text": ")",
                            "hasTrailingTrivia": true
                        }
                    }
                },
                "_block": {
                    "kind": "Block",
                    "_openBraceToken": {
                        "kind": "OpenBraceToken",
                        "start": 624,
                        "width": 1,
                        "fullWidth": 3,
                        "text": "{",
                        "hasTrailingTrivia": true,
                        "hasTrailingNewLineTrivia": true
                    },
                    "_statements": [
                        {
                            "kind": "VariableStatement",
                            "_variableDeclaration": {
                                "kind": "VariableDeclaration",
                                "_varKeyword": {
                                    "kind": "IdentifierNameToken",
                                    "keywordKind": "VarKeyword",
                                    "start": 635,
                                    "fullStart": 627,
                                    "width": 3,
                                    "fullWidth": 12,
                                    "text": "var",
                                    "hasLeadingTrivia": true,
                                    "hasTrailingTrivia": true
                                },
                                "_variableDeclarators": [
                                    {
                                        "kind": "VariableDeclarator",
                                        "_identifier": {
                                            "kind": "IdentifierNameToken",
                                            "start": 639,
                                            "width": 3,
                                            "fullWidth": 4,
                                            "text": "obj",
                                            "valueText": "obj",
                                            "hasTrailingTrivia": true
                                        },
                                        "_equalsValueClause": {
                                            "kind": "EqualsValueClause",
                                            "_equalsToken": {
                                                "kind": "EqualsToken",
                                                "start": 643,
                                                "width": 1,
                                                "fullWidth": 2,
                                                "text": "=",
                                                "hasTrailingTrivia": true
                                            },
                                            "_value": {
                                                "kind": "ObjectLiteralExpression",
                                                "_openBraceToken": {
                                                    "kind": "OpenBraceToken",
                                                    "start": 645,
                                                    "width": 1,
                                                    "text": "{"
                                                },
                                                "_propertyAssignments": [],
                                                "_closeBraceToken": {
                                                    "kind": "CloseBraceToken",
                                                    "start": 646,
                                                    "width": 1,
                                                    "text": "}"
                                                }
                                            }
                                        }
                                    }
                                ]
                            },
                            "_semicolonToken": {
                                "kind": "SemicolonToken",
                                "start": 647,
                                "width": 1,
                                "fullWidth": 3,
                                "text": ";",
                                "hasTrailingTrivia": true,
                                "hasTrailingNewLineTrivia": true
                            }
                        },
                        {
                            "kind": "VariableStatement",
                            "_variableDeclaration": {
                                "kind": "VariableDeclaration",
                                "_varKeyword": {
                                    "kind": "IdentifierNameToken",
                                    "keywordKind": "VarKeyword",
                                    "start": 660,
                                    "fullStart": 650,
                                    "width": 3,
                                    "fullWidth": 14,
                                    "text": "var",
                                    "hasLeadingTrivia": true,
                                    "hasLeadingNewLineTrivia": true,
                                    "hasTrailingTrivia": true
                                },
                                "_variableDeclarators": [
                                    {
                                        "kind": "VariableDeclarator",
                                        "_identifier": {
                                            "kind": "IdentifierNameToken",
                                            "start": 664,
                                            "width": 7,
                                            "fullWidth": 8,
                                            "text": "descObj",
                                            "valueText": "descObj",
                                            "hasTrailingTrivia": true
                                        },
                                        "_equalsValueClause": {
                                            "kind": "EqualsValueClause",
                                            "_equalsToken": {
                                                "kind": "EqualsToken",
                                                "start": 672,
                                                "width": 1,
                                                "fullWidth": 2,
                                                "text": "=",
                                                "hasTrailingTrivia": true
                                            },
                                            "_value": {
                                                "kind": "ObjectCreationExpression",
                                                "_newKeyword": {
                                                    "kind": "IdentifierNameToken",
                                                    "keywordKind": "NewKeyword",
                                                    "start": 674,
                                                    "width": 3,
                                                    "fullWidth": 4,
                                                    "text": "new",
                                                    "hasTrailingTrivia": true
                                                },
                                                "_expression": {
                                                    "kind": "IdentifierName",
                                                    "_identifier": {
                                                        "kind": "IdentifierNameToken",
                                                        "start": 678,
                                                        "width": 6,
                                                        "text": "Number",
                                                        "valueText": "Number"
                                                    }
                                                },
                                                "_argumentList": {
                                                    "kind": "ArgumentList",
                                                    "_openParenToken": {
                                                        "kind": "OpenParenToken",
                                                        "start": 684,
                                                        "width": 1,
                                                        "text": "("
                                                    },
                                                    "_arguments": [
                                                        {
                                                            "kind": "NegateExpression",
                                                            "_operatorToken": {
                                                                "kind": "MinusToken",
                                                                "start": 685,
                                                                "width": 1,
                                                                "text": "-"
                                                            },
                                                            "_operand": {
                                                                "kind": "NumericLiteralExpression",
                                                                "_literalToken": {
                                                                    "kind": "NumericLiteral",
                                                                    "start": 686,
                                                                    "width": 1,
                                                                    "text": "9"
                                                                }
                                                            }
                                                        }
                                                    ],
                                                    "_closeParenToken": {
                                                        "kind": "CloseParenToken",
                                                        "start": 687,
                                                        "width": 1,
                                                        "text": ")"
                                                    }
                                                }
                                            }
                                        }
                                    }
                                ]
                            },
                            "_semicolonToken": {
                                "kind": "SemicolonToken",
                                "start": 688,
                                "width": 1,
                                "fullWidth": 3,
                                "text": ";",
                                "hasTrailingTrivia": true,
                                "hasTrailingNewLineTrivia": true
                            }
                        },
                        {
                            "kind": "ExpressionStatement",
                            "_expression": {
                                "kind": "AssignmentExpression",
                                "_left": {
                                    "kind": "MemberAccessExpression",
                                    "_expression": {
                                        "kind": "IdentifierName",
                                        "_identifier": {
                                            "kind": "IdentifierNameToken",
                                            "start": 701,
                                            "fullStart": 691,
                                            "width": 7,
                                            "fullWidth": 17,
                                            "text": "descObj",
                                            "valueText": "descObj",
                                            "hasLeadingTrivia": true,
                                            "hasLeadingNewLineTrivia": true
                                        }
                                    },
                                    "_dotToken": {
                                        "kind": "DotToken",
                                        "start": 708,
                                        "width": 1,
                                        "text": "."
                                    },
                                    "_identifierName": {
                                        "kind": "IdentifierName",
                                        "_identifier": {
                                            "kind": "IdentifierNameToken",
                                            "start": 709,
                                            "width": 5,
                                            "fullWidth": 6,
                                            "text": "value",
                                            "valueText": "value",
                                            "hasTrailingTrivia": true
                                        }
                                    }
                                },
                                "_operatorToken": {
                                    "kind": "EqualsToken",
                                    "start": 715,
                                    "width": 1,
                                    "fullWidth": 2,
                                    "text": "=",
                                    "hasTrailingTrivia": true
                                },
                                "_right": {
                                    "kind": "StringLiteralExpression",
                                    "_literalToken": {
                                        "kind": "StringLiteral",
                                        "start": 717,
                                        "width": 8,
                                        "text": "\"Number\""
                                    }
                                }
                            },
                            "_semicolonToken": {
                                "kind": "SemicolonToken",
                                "start": 725,
                                "width": 1,
                                "fullWidth": 3,
                                "text": ";",
                                "hasTrailingTrivia": true,
                                "hasTrailingNewLineTrivia": true
                            }
                        },
                        {
                            "kind": "ExpressionStatement",
                            "_expression": {
                                "kind": "InvocationExpression",
                                "_expression": {
                                    "kind": "MemberAccessExpression",
                                    "_expression": {
                                        "kind": "IdentifierName",
                                        "_identifier": {
                                            "kind": "IdentifierNameToken",
                                            "start": 738,
                                            "fullStart": 728,
                                            "width": 6,
                                            "fullWidth": 16,
                                            "text": "Object",
                                            "valueText": "Object",
                                            "hasLeadingTrivia": true,
                                            "hasLeadingNewLineTrivia": true
                                        }
                                    },
                                    "_dotToken": {
                                        "kind": "DotToken",
                                        "start": 744,
                                        "width": 1,
                                        "text": "."
                                    },
                                    "_identifierName": {
                                        "kind": "IdentifierName",
                                        "_identifier": {
                                            "kind": "IdentifierNameToken",
                                            "start": 745,
                                            "width": 16,
                                            "text": "defineProperties",
                                            "valueText": "defineProperties"
                                        }
                                    }
                                },
                                "_argumentList": {
                                    "kind": "ArgumentList",
                                    "_openParenToken": {
                                        "kind": "OpenParenToken",
                                        "start": 761,
                                        "width": 1,
                                        "text": "("
                                    },
                                    "_arguments": [
                                        {
                                            "kind": "IdentifierName",
                                            "_identifier": {
                                                "kind": "IdentifierNameToken",
                                                "start": 762,
                                                "width": 3,
                                                "text": "obj",
                                                "valueText": "obj"
                                            }
                                        },
                                        {
                                            "kind": "CommaToken",
                                            "start": 765,
                                            "width": 1,
                                            "fullWidth": 2,
                                            "text": ",",
                                            "hasTrailingTrivia": true
                                        },
                                        {
                                            "kind": "ObjectLiteralExpression",
                                            "_openBraceToken": {
                                                "kind": "OpenBraceToken",
                                                "start": 767,
                                                "width": 1,
                                                "fullWidth": 3,
                                                "text": "{",
                                                "hasTrailingTrivia": true,
                                                "hasTrailingNewLineTrivia": true
                                            },
                                            "_propertyAssignments": [
                                                {
                                                    "kind": "SimplePropertyAssignment",
                                                    "_propertyName": {
                                                        "kind": "IdentifierNameToken",
                                                        "start": 782,
                                                        "fullStart": 770,
                                                        "width": 8,
                                                        "fullWidth": 20,
                                                        "text": "property",
                                                        "valueText": "property",
                                                        "hasLeadingTrivia": true
                                                    },
                                                    "_colonToken": {
                                                        "kind": "ColonToken",
                                                        "start": 790,
                                                        "width": 1,
                                                        "fullWidth": 2,
                                                        "text": ":",
                                                        "hasTrailingTrivia": true
                                                    },
                                                    "_expression": {
                                                        "kind": "IdentifierName",
                                                        "_identifier": {
                                                            "kind": "IdentifierNameToken",
                                                            "start": 792,
                                                            "width": 7,
                                                            "fullWidth": 9,
                                                            "text": "descObj",
                                                            "valueText": "descObj",
                                                            "hasTrailingTrivia": true,
                                                            "hasTrailingNewLineTrivia": true
                                                        }
                                                    }
                                                }
                                            ],
                                            "_closeBraceToken": {
                                                "kind": "CloseBraceToken",
                                                "start": 809,
                                                "fullStart": 801,
                                                "width": 1,
                                                "fullWidth": 9,
                                                "text": "}",
                                                "hasLeadingTrivia": true
                                            }
                                        }
                                    ],
                                    "_closeParenToken": {
                                        "kind": "CloseParenToken",
                                        "start": 810,
                                        "width": 1,
                                        "text": ")"
                                    }
                                }
                            },
                            "_semicolonToken": {
                                "kind": "SemicolonToken",
                                "start": 811,
                                "width": 1,
                                "fullWidth": 3,
                                "text": ";",
                                "hasTrailingTrivia": true,
                                "hasTrailingNewLineTrivia": true
                            }
                        },
                        {
                            "kind": "ReturnStatement",
                            "_returnKeyword": {
                                "kind": "IdentifierNameToken",
                                "keywordKind": "ReturnKeyword",
                                "start": 824,
                                "fullStart": 814,
                                "width": 6,
                                "fullWidth": 17,
                                "text": "return",
                                "hasLeadingTrivia": true,
                                "hasLeadingNewLineTrivia": true,
                                "hasTrailingTrivia": true
                            },
                            "_expression": {
                                "kind": "EqualsExpression",
                                "_left": {
                                    "kind": "MemberAccessExpression",
                                    "_expression": {
                                        "kind": "IdentifierName",
                                        "_identifier": {
                                            "kind": "IdentifierNameToken",
                                            "start": 831,
                                            "width": 3,
                                            "text": "obj",
                                            "valueText": "obj"
                                        }
                                    },
                                    "_dotToken": {
                                        "kind": "DotToken",
                                        "start": 834,
                                        "width": 1,
                                        "text": "."
                                    },
                                    "_identifierName": {
                                        "kind": "IdentifierName",
                                        "_identifier": {
                                            "kind": "IdentifierNameToken",
                                            "start": 835,
                                            "width": 8,
                                            "fullWidth": 9,
                                            "text": "property",
                                            "valueText": "property",
                                            "hasTrailingTrivia": true
                                        }
                                    }
                                },
                                "_operatorToken": {
                                    "kind": "EqualsEqualsEqualsToken",
                                    "start": 844,
                                    "width": 3,
                                    "fullWidth": 4,
                                    "text": "===",
                                    "hasTrailingTrivia": true
                                },
                                "_right": {
                                    "kind": "StringLiteralExpression",
                                    "_literalToken": {
                                        "kind": "StringLiteral",
                                        "start": 848,
                                        "width": 8,
                                        "text": "\"Number\""
                                    }
                                }
                            },
                            "_semicolonToken": {
                                "kind": "SemicolonToken",
                                "start": 856,
                                "width": 1,
                                "fullWidth": 3,
                                "text": ";",
                                "hasTrailingTrivia": true,
                                "hasTrailingNewLineTrivia": true
                            }
                        }
                    ],
                    "_closeBraceToken": {
                        "kind": "CloseBraceToken",
                        "start": 863,
                        "fullStart": 859,
                        "width": 1,
                        "fullWidth": 7,
                        "text": "}",
                        "hasLeadingTrivia": true,
                        "hasTrailingTrivia": true,
                        "hasTrailingNewLineTrivia": true
                    }
                }
            },
            {
                "kind": "ExpressionStatement",
                "_expression": {
                    "kind": "InvocationExpression",
                    "_expression": {
                        "kind": "IdentifierName",
                        "_identifier": {
                            "kind": "IdentifierNameToken",
                            "start": 866,
                            "width": 11,
                            "text": "runTestCase",
                            "valueText": "runTestCase"
                        }
                    },
                    "_argumentList": {
                        "kind": "ArgumentList",
                        "_openParenToken": {
                            "kind": "OpenParenToken",
                            "start": 877,
                            "width": 1,
                            "text": "("
                        },
                        "_arguments": [
                            {
                                "kind": "IdentifierName",
                                "_identifier": {
                                    "kind": "IdentifierNameToken",
                                    "start": 878,
                                    "width": 8,
                                    "text": "testcase",
                                    "valueText": "testcase"
                                }
                            }
                        ],
                        "_closeParenToken": {
                            "kind": "CloseParenToken",
                            "start": 886,
                            "width": 1,
                            "text": ")"
                        }
                    }
                },
                "_semicolonToken": {
                    "kind": "SemicolonToken",
                    "start": 887,
                    "width": 1,
                    "fullWidth": 3,
                    "text": ";",
                    "hasTrailingTrivia": true,
                    "hasTrailingNewLineTrivia": true
                }
            }
        ],
        "_endOfFileToken": {
            "kind": "EndOfFileToken",
            "start": 890,
            "width": 0,
            "text": ""
        }
    }
}