{
    "_sourceUnit": {
        "kind": "SourceUnit",
        "_moduleElements": [
            {
                "kind": "FunctionDeclaration",
                "_functionKeyword": {
                    "kind": "IdentifierNameToken",
                    "keywordKind": "FunctionKeyword",
                    "start": 511,
                    "fullStart": 0,
                    "width": 8,
                    "fullWidth": 520,
                    "text": "function",
                    "hasLeadingTrivia": true,
                    "hasLeadingCommentTrivia": true,
                    "hasLeadingNewLineTrivia": true,
                    "hasTrailingTrivia": true
                },
                "_functionSignature": {
                    "kind": "FunctionSignature",
                    "_identifier": {
                        "kind": "IdentifierNameToken",
                        "start": 520,
                        "width": 8,
                        "text": "testcase",
                        "valueText": "testcase"
                    },
                    "_parameterList": {
                        "kind": "ParameterList",
                        "_openParenToken": {
                            "kind": "OpenParenToken",
                            "start": 528,
                            "width": 1,
                            "text": "("
                        },
                        "_parameters": [],
                        "_closeParenToken": {
                            "kind": "CloseParenToken",
                            "start": 529,
                            "width": 1,
                            "fullWidth": 2,
                            "text": ")",
                            "hasTrailingTrivia": true
                        }
                    }
                },
                "_block": {
                    "kind": "Block",
                    "_openBraceToken": {
                        "kind": "OpenBraceToken",
                        "start": 531,
                        "width": 1,
                        "fullWidth": 3,
                        "text": "{",
                        "hasTrailingTrivia": true,
                        "hasTrailingNewLineTrivia": true
                    },
                    "_statements": [
                        {
                            "kind": "ExpressionStatement",
                            "_expression": {
                                "kind": "StringLiteralExpression",
                                "_literalToken": {
                                    "kind": "StringLiteral",
                                    "start": 536,
                                    "fullStart": 534,
                                    "width": 12,
                                    "fullWidth": 14,
                                    "text": "'use strict'",
                                    "hasLeadingTrivia": true
                                }
                            },
                            "_semicolonToken": {
                                "kind": "SemicolonToken",
                                "start": 548,
                                "width": 1,
                                "fullWidth": 3,
                                "text": ";",
                                "hasTrailingTrivia": true,
                                "hasTrailingNewLineTrivia": true
                            }
                        },
                        {
                            "kind": "VariableStatement",
                            "_variableDeclaration": {
                                "kind": "VariableDeclaration",
                                "_varKeyword": {
                                    "kind": "IdentifierNameToken",
                                    "keywordKind": "VarKeyword",
                                    "start": 555,
                                    "fullStart": 551,
                                    "width": 3,
                                    "fullWidth": 8,
                                    "text": "var",
                                    "hasLeadingTrivia": true,
                                    "hasLeadingNewLineTrivia": true,
                                    "hasTrailingTrivia": true
                                },
                                "_variableDeclarators": [
                                    {
                                        "kind": "VariableDeclarator",
                                        "_identifier": {
                                            "kind": "IdentifierNameToken",
                                            "start": 559,
                                            "width": 1,
                                            "fullWidth": 2,
                                            "text": "o",
                                            "valueText": "o",
                                            "hasTrailingTrivia": true
                                        },
                                        "_equalsValueClause": {
                                            "kind": "EqualsValueClause",
                                            "_equalsToken": {
                                                "kind": "EqualsToken",
                                                "start": 561,
                                                "width": 1,
                                                "fullWidth": 2,
                                                "text": "=",
                                                "hasTrailingTrivia": true
                                            },
                                            "_value": {
                                                "kind": "ObjectLiteralExpression",
                                                "_openBraceToken": {
                                                    "kind": "OpenBraceToken",
                                                    "start": 563,
                                                    "width": 1,
                                                    "fullWidth": 2,
                                                    "text": "{",
                                                    "hasTrailingTrivia": true
                                                },
                                                "_propertyAssignments": [
                                                    {
                                                        "kind": "SimplePropertyAssignment",
                                                        "_propertyName": {
                                                            "kind": "IdentifierNameToken",
                                                            "start": 565,
                                                            "width": 4,
                                                            "text": "eval",
                                                            "valueText": "eval"
                                                        },
                                                        "_colonToken": {
                                                            "kind": "ColonToken",
                                                            "start": 569,
                                                            "width": 1,
                                                            "fullWidth": 2,
                                                            "text": ":",
                                                            "hasTrailingTrivia": true
                                                        },
                                                        "_expression": {
                                                            "kind": "NumericLiteralExpression",
                                                            "_literalToken": {
                                                                "kind": "NumericLiteral",
                                                                "start": 571,
                                                                "width": 2,
                                                                "text": "42"
                                                            }
                                                        }
                                                    }
                                                ],
                                                "_closeBraceToken": {
                                                    "kind": "CloseBraceToken",
                                                    "start": 573,
                                                    "width": 1,
                                                    "text": "}"
                                                }
                                            }
                                        }
                                    }
                                ]
                            },
                            "_semicolonToken": {
                                "kind": "SemicolonToken",
                                "start": 574,
                                "width": 1,
                                "fullWidth": 3,
                                "text": ";",
                                "hasTrailingTrivia": true,
                                "hasTrailingNewLineTrivia": true
                            }
                        },
                        {
                            "kind": "ReturnStatement",
                            "_returnKeyword": {
                                "kind": "IdentifierNameToken",
                                "keywordKind": "ReturnKeyword",
                                "start": 579,
                                "fullStart": 577,
                                "width": 6,
                                "fullWidth": 9,
                                "text": "return",
                                "hasLeadingTrivia": true,
                                "hasTrailingTrivia": true
                            },
                            "_expression": {
                                "kind": "BooleanLiteralExpression",
                                "_literalToken": {
                                    "kind": "IdentifierNameToken",
                                    "keywordKind": "TrueKeyword",
                                    "start": 586,
                                    "width": 4,
                                    "text": "true"
                                }
                            },
                            "_semicolonToken": {
                                "kind": "SemicolonToken",
                                "start": 590,
                                "width": 1,
                                "fullWidth": 3,
                                "text": ";",
                                "hasTrailingTrivia": true,
                                "hasTrailingNewLineTrivia": true
                            }
                        }
                    ],
                    "_closeBraceToken": {
                        "kind": "CloseBraceToken",
                        "start": 594,
                        "fullStart": 593,
                        "width": 1,
                        "fullWidth": 4,
                        "text": "}",
                        "hasLeadingTrivia": true,
                        "hasTrailingTrivia": true,
                        "hasTrailingNewLineTrivia": true
                    }
                }
            },
            {
                "kind": "ExpressionStatement",
                "_expression": {
                    "kind": "InvocationExpression",
                    "_expression": {
                        "kind": "IdentifierName",
                        "_identifier": {
                            "kind": "IdentifierNameToken",
                            "start": 597,
                            "width": 11,
                            "text": "runTestCase",
                            "valueText": "runTestCase"
                        }
                    },
                    "_argumentList": {
                        "kind": "ArgumentList",
                        "_openParenToken": {
                            "kind": "OpenParenToken",
                            "start": 608,
                            "width": 1,
                            "text": "("
                        },
                        "_arguments": [
                            {
                                "kind": "IdentifierName",
                                "_identifier": {
                                    "kind": "IdentifierNameToken",
                                    "start": 609,
                                    "width": 8,
                                    "text": "testcase",
                                    "valueText": "testcase"
                                }
                            }
                        ],
                        "_closeParenToken": {
                            "kind": "CloseParenToken",
                            "start": 617,
                            "width": 1,
                            "text": ")"
                        }
                    }
                },
                "_semicolonToken": {
                    "kind": "SemicolonToken",
                    "start": 618,
                    "width": 1,
                    "fullWidth": 3,
                    "text": ";",
                    "hasTrailingTrivia": true,
                    "hasTrailingNewLineTrivia": true
                }
            }
        ],
        "_endOfFileToken": {
            "kind": "EndOfFileToken",
            "start": 621,
            "width": 0,
            "text": ""
        }
    }
}