{
    "_sourceUnit": {
        "kind": "SourceUnit",
        "fullWidth": 641,
        "hasZeroWidthToken": true,
        "_moduleElements": [
            {
                "kind": "FunctionDeclaration",
                "fullWidth": 617,
                "_functionKeyword": {
                    "kind": "IdentifierNameToken",
                    "keywordKind": "FunctionKeyword",
                    "width": 8,
                    "fullWidth": 543,
                    "text": "function",
                    "hasLeadingTrivia": true,
                    "hasLeadingComment": true,
                    "hasLeadingNewLine": true,
                    "hasTrailingTrivia": true,
                    "leadingTrivia": [
                        {
                            "kind": "SingleLineCommentTrivia",
                            "text": "/// Copyright (c) 2012 Ecma International.  All rights reserved. "
                        },
                        {
                            "kind": "NewLineTrivia",
                            "text": "\r\n"
                        },
                        {
                            "kind": "SingleLineCommentTrivia",
                            "text": "/// Ecma International makes this code available under the terms and conditions set"
                        },
                        {
                            "kind": "NewLineTrivia",
                            "text": "\r\n"
                        },
                        {
                            "kind": "SingleLineCommentTrivia",
                            "text": "/// forth on http://hg.ecmascript.org/tests/test262/raw-file/tip/LICENSE (the "
                        },
                        {
                            "kind": "NewLineTrivia",
                            "text": "\r\n"
                        },
                        {
                            "kind": "SingleLineCommentTrivia",
                            "text": "/// \"Use Terms\").   Any redistribution of this code must retain the above "
                        },
                        {
                            "kind": "NewLineTrivia",
                            "text": "\r\n"
                        },
                        {
                            "kind": "SingleLineCommentTrivia",
                            "text": "/// copyright and this notice and otherwise comply with the Use Terms."
                        },
                        {
                            "kind": "NewLineTrivia",
                            "text": "\r\n"
                        },
                        {
                            "kind": "MultiLineCommentTrivia",
                            "text": "/**\r\n * @path ch15/15.4/15.4.4/15.4.4.14/15.4.4.14-8-2.js\r\n * @description Array.prototype.indexOf returns correct index when 'fromIndex' is -1\r\n */"
                        },
                        {
                            "kind": "NewLineTrivia",
                            "text": "\r\n"
                        },
                        {
                            "kind": "NewLineTrivia",
                            "text": "\r\n"
                        },
                        {
                            "kind": "NewLineTrivia",
                            "text": "\r\n"
                        }
                    ],
                    "trailingTrivia": [
                        {
                            "kind": "WhitespaceTrivia",
                            "text": " "
                        }
                    ]
                },
                "_functionSignature": {
                    "kind": "FunctionSignature",
                    "fullWidth": 11,
                    "_identifier": {
                        "kind": "IdentifierNameToken",
                        "width": 8,
                        "text": "testcase",
                        "valueText": "testcase"
                    },
                    "_parameterList": {
                        "kind": "ParameterList",
                        "fullWidth": 3,
                        "_openParenToken": {
                            "kind": "OpenParenToken",
                            "width": 1,
                            "text": "("
                        },
                        "_parameters": [],
                        "_closeParenToken": {
                            "kind": "CloseParenToken",
                            "width": 1,
                            "fullWidth": 2,
                            "text": ")",
                            "hasTrailingTrivia": true,
                            "trailingTrivia": [
                                {
                                    "kind": "WhitespaceTrivia",
                                    "text": " "
                                }
                            ]
                        }
                    }
                },
                "_block": {
                    "kind": "Block",
                    "fullWidth": 63,
                    "_openBraceToken": {
                        "kind": "OpenBraceToken",
                        "width": 1,
                        "fullWidth": 3,
                        "text": "{",
                        "hasTrailingTrivia": true,
                        "hasTrailingNewLine": true,
                        "trailingTrivia": [
                            {
                                "kind": "NewLineTrivia",
                                "text": "\r\n"
                            }
                        ]
                    },
                    "_statements": [
                        {
                            "kind": "ReturnStatement",
                            "fullWidth": 53,
                            "_returnKeyword": {
                                "kind": "IdentifierNameToken",
                                "keywordKind": "ReturnKeyword",
                                "width": 6,
                                "fullWidth": 17,
                                "text": "return",
                                "hasLeadingTrivia": true,
                                "hasLeadingNewLine": true,
                                "hasTrailingTrivia": true,
                                "leadingTrivia": [
                                    {
                                        "kind": "NewLineTrivia",
                                        "text": "\r\n"
                                    },
                                    {
                                        "kind": "WhitespaceTrivia",
                                        "text": "        "
                                    }
                                ],
                                "trailingTrivia": [
                                    {
                                        "kind": "WhitespaceTrivia",
                                        "text": " "
                                    }
                                ]
                            },
                            "_expression": {
                                "kind": "EqualsExpression",
                                "fullWidth": 33,
                                "_left": {
                                    "kind": "InvocationExpression",
                                    "fullWidth": 28,
                                    "_expression": {
                                        "kind": "MemberAccessExpression",
                                        "fullWidth": 20,
                                        "_expression": {
                                            "kind": "ArrayLiteralExpression",
                                            "fullWidth": 12,
                                            "_openBracketToken": {
                                                "kind": "OpenBracketToken",
                                                "width": 1,
                                                "text": "["
                                            },
                                            "_expressions": [
                                                {
                                                    "kind": "NumericLiteralExpression",
                                                    "fullWidth": 1,
                                                    "_literalToken": {
                                                        "kind": "NumericLiteral",
                                                        "width": 1,
                                                        "text": "1"
                                                    }
                                                },
                                                {
                                                    "kind": "CommaToken",
                                                    "width": 1,
                                                    "fullWidth": 2,
                                                    "text": ",",
                                                    "hasTrailingTrivia": true,
                                                    "trailingTrivia": [
                                                        {
                                                            "kind": "WhitespaceTrivia",
                                                            "text": " "
                                                        }
                                                    ]
                                                },
                                                {
                                                    "kind": "NumericLiteralExpression",
                                                    "fullWidth": 1,
                                                    "_literalToken": {
                                                        "kind": "NumericLiteral",
                                                        "width": 1,
                                                        "text": "2"
                                                    }
                                                },
                                                {
                                                    "kind": "CommaToken",
                                                    "width": 1,
                                                    "fullWidth": 2,
                                                    "text": ",",
                                                    "hasTrailingTrivia": true,
                                                    "trailingTrivia": [
                                                        {
                                                            "kind": "WhitespaceTrivia",
                                                            "text": " "
                                                        }
                                                    ]
                                                },
                                                {
                                                    "kind": "NumericLiteralExpression",
                                                    "fullWidth": 1,
                                                    "_literalToken": {
                                                        "kind": "NumericLiteral",
                                                        "width": 1,
                                                        "text": "3"
                                                    }
                                                },
                                                {
                                                    "kind": "CommaToken",
                                                    "width": 1,
                                                    "fullWidth": 2,
                                                    "text": ",",
                                                    "hasTrailingTrivia": true,
                                                    "trailingTrivia": [
                                                        {
                                                            "kind": "WhitespaceTrivia",
                                                            "text": " "
                                                        }
                                                    ]
                                                },
                                                {
                                                    "kind": "NumericLiteralExpression",
                                                    "fullWidth": 1,
                                                    "_literalToken": {
                                                        "kind": "NumericLiteral",
                                                        "width": 1,
                                                        "text": "4"
                                                    }
                                                }
                                            ],
                                            "_closeBracketToken": {
                                                "kind": "CloseBracketToken",
                                                "width": 1,
                                                "text": "]"
                                            }
                                        },
                                        "_dotToken": {
                                            "kind": "DotToken",
                                            "width": 1,
                                            "text": "."
                                        },
                                        "_identifierName": {
                                            "kind": "IdentifierName",
                                            "fullWidth": 7,
                                            "_identifier": {
                                                "kind": "IdentifierNameToken",
                                                "width": 7,
                                                "text": "indexOf",
                                                "valueText": "indexOf"
                                            }
                                        }
                                    },
                                    "_argumentList": {
                                        "kind": "ArgumentList",
                                        "fullWidth": 8,
                                        "_openParenToken": {
                                            "kind": "OpenParenToken",
                                            "width": 1,
                                            "text": "("
                                        },
                                        "_arguments": [
                                            {
                                                "kind": "NumericLiteralExpression",
                                                "fullWidth": 1,
                                                "_literalToken": {
                                                    "kind": "NumericLiteral",
                                                    "width": 1,
                                                    "text": "4"
                                                }
                                            },
                                            {
                                                "kind": "CommaToken",
                                                "width": 1,
                                                "fullWidth": 2,
                                                "text": ",",
                                                "hasTrailingTrivia": true,
                                                "trailingTrivia": [
                                                    {
                                                        "kind": "WhitespaceTrivia",
                                                        "text": " "
                                                    }
                                                ]
                                            },
                                            {
                                                "kind": "NegateExpression",
                                                "fullWidth": 2,
                                                "_operatorToken": {
                                                    "kind": "MinusToken",
                                                    "width": 1,
                                                    "text": "-"
                                                },
                                                "_operand": {
                                                    "kind": "NumericLiteralExpression",
                                                    "fullWidth": 1,
                                                    "_literalToken": {
                                                        "kind": "NumericLiteral",
                                                        "width": 1,
                                                        "text": "1"
                                                    }
                                                }
                                            }
                                        ],
                                        "_closeParenToken": {
                                            "kind": "CloseParenToken",
                                            "width": 1,
                                            "fullWidth": 2,
                                            "text": ")",
                                            "hasTrailingTrivia": true,
                                            "trailingTrivia": [
                                                {
                                                    "kind": "WhitespaceTrivia",
                                                    "text": " "
                                                }
                                            ]
                                        }
                                    }
                                },
                                "_operatorToken": {
                                    "kind": "EqualsEqualsEqualsToken",
                                    "width": 3,
                                    "fullWidth": 4,
                                    "text": "===",
                                    "hasTrailingTrivia": true,
                                    "trailingTrivia": [
                                        {
                                            "kind": "WhitespaceTrivia",
                                            "text": " "
                                        }
                                    ]
                                },
                                "_right": {
                                    "kind": "NumericLiteralExpression",
                                    "fullWidth": 1,
                                    "_literalToken": {
                                        "kind": "NumericLiteral",
                                        "width": 1,
                                        "text": "3"
                                    }
                                }
                            },
                            "_semicolonToken": {
                                "kind": "SemicolonToken",
                                "width": 1,
                                "fullWidth": 3,
                                "text": ";",
                                "hasTrailingTrivia": true,
                                "hasTrailingNewLine": true,
                                "trailingTrivia": [
                                    {
                                        "kind": "NewLineTrivia",
                                        "text": "\r\n"
                                    }
                                ]
                            }
                        }
                    ],
                    "_closeBraceToken": {
                        "kind": "CloseBraceToken",
                        "width": 1,
                        "fullWidth": 7,
                        "text": "}",
                        "hasLeadingTrivia": true,
                        "hasTrailingTrivia": true,
                        "hasTrailingNewLine": true,
                        "leadingTrivia": [
                            {
                                "kind": "WhitespaceTrivia",
                                "text": "    "
                            }
                        ],
                        "trailingTrivia": [
                            {
                                "kind": "NewLineTrivia",
                                "text": "\r\n"
                            }
                        ]
                    }
                }
            },
            {
                "kind": "ExpressionStatement",
                "fullWidth": 24,
                "_expression": {
                    "kind": "InvocationExpression",
                    "fullWidth": 21,
                    "_expression": {
                        "kind": "IdentifierName",
                        "fullWidth": 11,
                        "_identifier": {
                            "kind": "IdentifierNameToken",
                            "width": 11,
                            "text": "runTestCase",
                            "valueText": "runTestCase"
                        }
                    },
                    "_argumentList": {
                        "kind": "ArgumentList",
                        "fullWidth": 10,
                        "_openParenToken": {
                            "kind": "OpenParenToken",
                            "width": 1,
                            "text": "("
                        },
                        "_arguments": [
                            {
                                "kind": "IdentifierName",
                                "fullWidth": 8,
                                "_identifier": {
                                    "kind": "IdentifierNameToken",
                                    "width": 8,
                                    "text": "testcase",
                                    "valueText": "testcase"
                                }
                            }
                        ],
                        "_closeParenToken": {
                            "kind": "CloseParenToken",
                            "width": 1,
                            "text": ")"
                        }
                    }
                },
                "_semicolonToken": {
                    "kind": "SemicolonToken",
                    "width": 1,
                    "fullWidth": 3,
                    "text": ";",
                    "hasTrailingTrivia": true,
                    "hasTrailingNewLine": true,
                    "trailingTrivia": [
                        {
                            "kind": "NewLineTrivia",
                            "text": "\r\n"
                        }
                    ]
                }
            }
        ],
        "_endOfFileToken": {
            "kind": "EndOfFileToken",
            "width": 0,
            "text": ""
        }
    }
}