{
    "_sourceUnit": {
        "kind": "SourceUnit",
        "_moduleElements": [
            {
                "kind": "FunctionDeclaration",
                "_functionKeyword": {
                    "kind": "IdentifierNameToken",
                    "keywordKind": "FunctionKeyword",
                    "start": 531,
                    "fullStart": 0,
                    "width": 8,
                    "fullWidth": 540,
                    "text": "function",
                    "hasLeadingTrivia": true,
                    "hasLeadingCommentTrivia": true,
                    "hasLeadingNewLineTrivia": true,
                    "hasTrailingTrivia": true
                },
                "_functionSignature": {
                    "kind": "FunctionSignature",
                    "_identifier": {
                        "kind": "IdentifierNameToken",
                        "start": 540,
                        "width": 8,
                        "text": "testcase",
                        "valueText": "testcase"
                    },
                    "_parameterList": {
                        "kind": "ParameterList",
                        "_openParenToken": {
                            "kind": "OpenParenToken",
                            "start": 548,
                            "width": 1,
                            "text": "("
                        },
                        "_parameters": [],
                        "_closeParenToken": {
                            "kind": "CloseParenToken",
                            "start": 549,
                            "width": 1,
                            "fullWidth": 2,
                            "text": ")",
                            "hasTrailingTrivia": true
                        }
                    }
                },
                "_block": {
                    "kind": "Block",
                    "_openBraceToken": {
                        "kind": "OpenBraceToken",
                        "start": 551,
                        "width": 1,
                        "fullWidth": 3,
                        "text": "{",
                        "hasTrailingTrivia": true,
                        "hasTrailingNewLineTrivia": true
                    },
                    "_statements": [
                        {
                            "kind": "FunctionDeclaration",
                            "_functionKeyword": {
                                "kind": "IdentifierNameToken",
                                "keywordKind": "FunctionKeyword",
                                "start": 564,
                                "fullStart": 554,
                                "width": 8,
                                "fullWidth": 19,
                                "text": "function",
                                "hasLeadingTrivia": true,
                                "hasLeadingNewLineTrivia": true,
                                "hasTrailingTrivia": true
                            },
                            "_functionSignature": {
                                "kind": "FunctionSignature",
                                "_identifier": {
                                    "kind": "IdentifierNameToken",
                                    "start": 573,
                                    "width": 10,
                                    "text": "callbackfn",
                                    "valueText": "callbackfn"
                                },
                                "_parameterList": {
                                    "kind": "ParameterList",
                                    "_openParenToken": {
                                        "kind": "OpenParenToken",
                                        "start": 583,
                                        "width": 1,
                                        "text": "("
                                    },
                                    "_parameters": [
                                        {
                                            "kind": "Parameter",
                                            "_identifier": {
                                                "kind": "IdentifierNameToken",
                                                "start": 584,
                                                "width": 3,
                                                "text": "val",
                                                "valueText": "val"
                                            }
                                        },
                                        {
                                            "kind": "CommaToken",
                                            "start": 587,
                                            "width": 1,
                                            "fullWidth": 2,
                                            "text": ",",
                                            "hasTrailingTrivia": true
                                        },
                                        {
                                            "kind": "Parameter",
                                            "_identifier": {
                                                "kind": "IdentifierNameToken",
                                                "start": 589,
                                                "width": 3,
                                                "text": "idx",
                                                "valueText": "idx"
                                            }
                                        },
                                        {
                                            "kind": "CommaToken",
                                            "start": 592,
                                            "width": 1,
                                            "fullWidth": 2,
                                            "text": ",",
                                            "hasTrailingTrivia": true
                                        },
                                        {
                                            "kind": "Parameter",
                                            "_identifier": {
                                                "kind": "IdentifierNameToken",
                                                "start": 594,
                                                "width": 3,
                                                "text": "obj",
                                                "valueText": "obj"
                                            }
                                        }
                                    ],
                                    "_closeParenToken": {
                                        "kind": "CloseParenToken",
                                        "start": 597,
                                        "width": 1,
                                        "fullWidth": 2,
                                        "text": ")",
                                        "hasTrailingTrivia": true
                                    }
                                }
                            },
                            "_block": {
                                "kind": "Block",
                                "_openBraceToken": {
                                    "kind": "OpenBraceToken",
                                    "start": 599,
                                    "width": 1,
                                    "fullWidth": 3,
                                    "text": "{",
                                    "hasTrailingTrivia": true,
                                    "hasTrailingNewLineTrivia": true
                                },
                                "_statements": [
                                    {
                                        "kind": "ReturnStatement",
                                        "_returnKeyword": {
                                            "kind": "IdentifierNameToken",
                                            "keywordKind": "ReturnKeyword",
                                            "start": 614,
                                            "fullStart": 602,
                                            "width": 6,
                                            "fullWidth": 19,
                                            "text": "return",
                                            "hasLeadingTrivia": true,
                                            "hasTrailingTrivia": true
                                        },
                                        "_expression": {
                                            "kind": "GreaterThanExpression",
                                            "_left": {
                                                "kind": "IdentifierName",
                                                "_identifier": {
                                                    "kind": "IdentifierNameToken",
                                                    "start": 621,
                                                    "width": 3,
                                                    "fullWidth": 4,
                                                    "text": "val",
                                                    "valueText": "val",
                                                    "hasTrailingTrivia": true
                                                }
                                            },
                                            "_operatorToken": {
                                                "kind": "GreaterThanToken",
                                                "start": 625,
                                                "width": 1,
                                                "fullWidth": 2,
                                                "text": ">",
                                                "hasTrailingTrivia": true
                                            },
                                            "_right": {
                                                "kind": "NumericLiteralExpression",
                                                "_literalToken": {
                                                    "kind": "NumericLiteral",
                                                    "start": 627,
                                                    "width": 2,
                                                    "text": "10"
                                                }
                                            }
                                        },
                                        "_semicolonToken": {
                                            "kind": "SemicolonToken",
                                            "start": 629,
                                            "width": 1,
                                            "fullWidth": 3,
                                            "text": ";",
                                            "hasTrailingTrivia": true,
                                            "hasTrailingNewLineTrivia": true
                                        }
                                    }
                                ],
                                "_closeBraceToken": {
                                    "kind": "CloseBraceToken",
                                    "start": 640,
                                    "fullStart": 632,
                                    "width": 1,
                                    "fullWidth": 11,
                                    "text": "}",
                                    "hasLeadingTrivia": true,
                                    "hasTrailingTrivia": true,
                                    "hasTrailingNewLineTrivia": true
                                }
                            }
                        },
                        {
                            "kind": "VariableStatement",
                            "_variableDeclaration": {
                                "kind": "VariableDeclaration",
                                "_varKeyword": {
                                    "kind": "IdentifierNameToken",
                                    "keywordKind": "VarKeyword",
                                    "start": 653,
                                    "fullStart": 643,
                                    "width": 3,
                                    "fullWidth": 14,
                                    "text": "var",
                                    "hasLeadingTrivia": true,
                                    "hasLeadingNewLineTrivia": true,
                                    "hasTrailingTrivia": true
                                },
                                "_variableDeclarators": [
                                    {
                                        "kind": "VariableDeclarator",
                                        "_identifier": {
                                            "kind": "IdentifierNameToken",
                                            "start": 657,
                                            "width": 3,
                                            "fullWidth": 4,
                                            "text": "obj",
                                            "valueText": "obj",
                                            "hasTrailingTrivia": true
                                        },
                                        "_equalsValueClause": {
                                            "kind": "EqualsValueClause",
                                            "_equalsToken": {
                                                "kind": "EqualsToken",
                                                "start": 661,
                                                "width": 1,
                                                "fullWidth": 2,
                                                "text": "=",
                                                "hasTrailingTrivia": true
                                            },
                                            "_value": {
                                                "kind": "ObjectLiteralExpression",
                                                "_openBraceToken": {
                                                    "kind": "OpenBraceToken",
                                                    "start": 663,
                                                    "width": 1,
                                                    "fullWidth": 3,
                                                    "text": "{",
                                                    "hasTrailingTrivia": true,
                                                    "hasTrailingNewLineTrivia": true
                                                },
                                                "_propertyAssignments": [
                                                    {
                                                        "kind": "SimplePropertyAssignment",
                                                        "_propertyName": {
                                                            "kind": "NumericLiteral",
                                                            "start": 678,
                                                            "fullStart": 666,
                                                            "width": 1,
                                                            "fullWidth": 13,
                                                            "text": "0",
                                                            "hasLeadingTrivia": true
                                                        },
                                                        "_colonToken": {
                                                            "kind": "ColonToken",
                                                            "start": 679,
                                                            "width": 1,
                                                            "fullWidth": 2,
                                                            "text": ":",
                                                            "hasTrailingTrivia": true
                                                        },
                                                        "_expression": {
                                                            "kind": "NumericLiteralExpression",
                                                            "_literalToken": {
                                                                "kind": "NumericLiteral",
                                                                "start": 681,
                                                                "width": 2,
                                                                "text": "12"
                                                            }
                                                        }
                                                    },
                                                    {
                                                        "kind": "CommaToken",
                                                        "start": 683,
                                                        "width": 1,
                                                        "fullWidth": 3,
                                                        "text": ",",
                                                        "hasTrailingTrivia": true,
                                                        "hasTrailingNewLineTrivia": true
                                                    },
                                                    {
                                                        "kind": "SimplePropertyAssignment",
                                                        "_propertyName": {
                                                            "kind": "IdentifierNameToken",
                                                            "start": 698,
                                                            "fullStart": 686,
                                                            "width": 6,
                                                            "fullWidth": 18,
                                                            "text": "length",
                                                            "valueText": "length",
                                                            "hasLeadingTrivia": true
                                                        },
                                                        "_colonToken": {
                                                            "kind": "ColonToken",
                                                            "start": 704,
                                                            "width": 1,
                                                            "fullWidth": 2,
                                                            "text": ":",
                                                            "hasTrailingTrivia": true
                                                        },
                                                        "_expression": {
                                                            "kind": "NumericLiteralExpression",
                                                            "_literalToken": {
                                                                "kind": "NumericLiteral",
                                                                "start": 706,
                                                                "width": 10,
                                                                "fullWidth": 12,
                                                                "text": "4294967296",
                                                                "hasTrailingTrivia": true,
                                                                "hasTrailingNewLineTrivia": true
                                                            }
                                                        }
                                                    }
                                                ],
                                                "_closeBraceToken": {
                                                    "kind": "CloseBraceToken",
                                                    "start": 726,
                                                    "fullStart": 718,
                                                    "width": 1,
                                                    "fullWidth": 9,
                                                    "text": "}",
                                                    "hasLeadingTrivia": true
                                                }
                                            }
                                        }
                                    }
                                ]
                            },
                            "_semicolonToken": {
                                "kind": "SemicolonToken",
                                "start": 727,
                                "width": 1,
                                "fullWidth": 3,
                                "text": ";",
                                "hasTrailingTrivia": true,
                                "hasTrailingNewLineTrivia": true
                            }
                        },
                        {
                            "kind": "VariableStatement",
                            "_variableDeclaration": {
                                "kind": "VariableDeclaration",
                                "_varKeyword": {
                                    "kind": "IdentifierNameToken",
                                    "keywordKind": "VarKeyword",
                                    "start": 740,
                                    "fullStart": 730,
                                    "width": 3,
                                    "fullWidth": 14,
                                    "text": "var",
                                    "hasLeadingTrivia": true,
                                    "hasLeadingNewLineTrivia": true,
                                    "hasTrailingTrivia": true
                                },
                                "_variableDeclarators": [
                                    {
                                        "kind": "VariableDeclarator",
                                        "_identifier": {
                                            "kind": "IdentifierNameToken",
                                            "start": 744,
                                            "width": 6,
                                            "fullWidth": 7,
                                            "text": "newArr",
                                            "valueText": "newArr",
                                            "hasTrailingTrivia": true
                                        },
                                        "_equalsValueClause": {
                                            "kind": "EqualsValueClause",
                                            "_equalsToken": {
                                                "kind": "EqualsToken",
                                                "start": 751,
                                                "width": 1,
                                                "fullWidth": 2,
                                                "text": "=",
                                                "hasTrailingTrivia": true
                                            },
                                            "_value": {
                                                "kind": "InvocationExpression",
                                                "_expression": {
                                                    "kind": "MemberAccessExpression",
                                                    "_expression": {
                                                        "kind": "MemberAccessExpression",
                                                        "_expression": {
                                                            "kind": "MemberAccessExpression",
                                                            "_expression": {
                                                                "kind": "IdentifierName",
                                                                "_identifier": {
                                                                    "kind": "IdentifierNameToken",
                                                                    "start": 753,
                                                                    "width": 5,
                                                                    "text": "Array",
                                                                    "valueText": "Array"
                                                                }
                                                            },
                                                            "_dotToken": {
                                                                "kind": "DotToken",
                                                                "start": 758,
                                                                "width": 1,
                                                                "text": "."
                                                            },
                                                            "_identifierName": {
                                                                "kind": "IdentifierName",
                                                                "_identifier": {
                                                                    "kind": "IdentifierNameToken",
                                                                    "start": 759,
                                                                    "width": 9,
                                                                    "text": "prototype",
                                                                    "valueText": "prototype"
                                                                }
                                                            }
                                                        },
                                                        "_dotToken": {
                                                            "kind": "DotToken",
                                                            "start": 768,
                                                            "width": 1,
                                                            "text": "."
                                                        },
                                                        "_identifierName": {
                                                            "kind": "IdentifierName",
                                                            "_identifier": {
                                                                "kind": "IdentifierNameToken",
                                                                "start": 769,
                                                                "width": 3,
                                                                "text": "map",
                                                                "valueText": "map"
                                                            }
                                                        }
                                                    },
                                                    "_dotToken": {
                                                        "kind": "DotToken",
                                                        "start": 772,
                                                        "width": 1,
                                                        "text": "."
                                                    },
                                                    "_identifierName": {
                                                        "kind": "IdentifierName",
                                                        "_identifier": {
                                                            "kind": "IdentifierNameToken",
                                                            "start": 773,
                                                            "width": 4,
                                                            "text": "call",
                                                            "valueText": "call"
                                                        }
                                                    }
                                                },
                                                "_argumentList": {
                                                    "kind": "ArgumentList",
                                                    "_openParenToken": {
                                                        "kind": "OpenParenToken",
                                                        "start": 777,
                                                        "width": 1,
                                                        "text": "("
                                                    },
                                                    "_arguments": [
                                                        {
                                                            "kind": "IdentifierName",
                                                            "_identifier": {
                                                                "kind": "IdentifierNameToken",
                                                                "start": 778,
                                                                "width": 3,
                                                                "text": "obj",
                                                                "valueText": "obj"
                                                            }
                                                        },
                                                        {
                                                            "kind": "CommaToken",
                                                            "start": 781,
                                                            "width": 1,
                                                            "fullWidth": 2,
                                                            "text": ",",
                                                            "hasTrailingTrivia": true
                                                        },
                                                        {
                                                            "kind": "IdentifierName",
                                                            "_identifier": {
                                                                "kind": "IdentifierNameToken",
                                                                "start": 783,
                                                                "width": 10,
                                                                "text": "callbackfn",
                                                                "valueText": "callbackfn"
                                                            }
                                                        }
                                                    ],
                                                    "_closeParenToken": {
                                                        "kind": "CloseParenToken",
                                                        "start": 793,
                                                        "width": 1,
                                                        "text": ")"
                                                    }
                                                }
                                            }
                                        }
                                    }
                                ]
                            },
                            "_semicolonToken": {
                                "kind": "SemicolonToken",
                                "start": 794,
                                "width": 1,
                                "fullWidth": 3,
                                "text": ";",
                                "hasTrailingTrivia": true,
                                "hasTrailingNewLineTrivia": true
                            }
                        },
                        {
                            "kind": "ReturnStatement",
                            "_returnKeyword": {
                                "kind": "IdentifierNameToken",
                                "keywordKind": "ReturnKeyword",
                                "start": 807,
                                "fullStart": 797,
                                "width": 6,
                                "fullWidth": 17,
                                "text": "return",
                                "hasLeadingTrivia": true,
                                "hasLeadingNewLineTrivia": true,
                                "hasTrailingTrivia": true
                            },
                            "_expression": {
                                "kind": "EqualsExpression",
                                "_left": {
                                    "kind": "MemberAccessExpression",
                                    "_expression": {
                                        "kind": "IdentifierName",
                                        "_identifier": {
                                            "kind": "IdentifierNameToken",
                                            "start": 814,
                                            "width": 6,
                                            "text": "newArr",
                                            "valueText": "newArr"
                                        }
                                    },
                                    "_dotToken": {
                                        "kind": "DotToken",
                                        "start": 820,
                                        "width": 1,
                                        "text": "."
                                    },
                                    "_identifierName": {
                                        "kind": "IdentifierName",
                                        "_identifier": {
                                            "kind": "IdentifierNameToken",
                                            "start": 821,
                                            "width": 6,
                                            "fullWidth": 7,
                                            "text": "length",
                                            "valueText": "length",
                                            "hasTrailingTrivia": true
                                        }
                                    }
                                },
                                "_operatorToken": {
                                    "kind": "EqualsEqualsEqualsToken",
                                    "start": 828,
                                    "width": 3,
                                    "fullWidth": 4,
                                    "text": "===",
                                    "hasTrailingTrivia": true
                                },
                                "_right": {
                                    "kind": "NumericLiteralExpression",
                                    "_literalToken": {
                                        "kind": "NumericLiteral",
                                        "start": 832,
                                        "width": 1,
                                        "text": "0"
                                    }
                                }
                            },
                            "_semicolonToken": {
                                "kind": "SemicolonToken",
                                "start": 833,
                                "width": 1,
                                "fullWidth": 3,
                                "text": ";",
                                "hasTrailingTrivia": true,
                                "hasTrailingNewLineTrivia": true
                            }
                        }
                    ],
                    "_closeBraceToken": {
                        "kind": "CloseBraceToken",
                        "start": 840,
                        "fullStart": 836,
                        "width": 1,
                        "fullWidth": 7,
                        "text": "}",
                        "hasLeadingTrivia": true,
                        "hasTrailingTrivia": true,
                        "hasTrailingNewLineTrivia": true
                    }
                }
            },
            {
                "kind": "ExpressionStatement",
                "_expression": {
                    "kind": "InvocationExpression",
                    "_expression": {
                        "kind": "IdentifierName",
                        "_identifier": {
                            "kind": "IdentifierNameToken",
                            "start": 843,
                            "width": 11,
                            "text": "runTestCase",
                            "valueText": "runTestCase"
                        }
                    },
                    "_argumentList": {
                        "kind": "ArgumentList",
                        "_openParenToken": {
                            "kind": "OpenParenToken",
                            "start": 854,
                            "width": 1,
                            "text": "("
                        },
                        "_arguments": [
                            {
                                "kind": "IdentifierName",
                                "_identifier": {
                                    "kind": "IdentifierNameToken",
                                    "start": 855,
                                    "width": 8,
                                    "text": "testcase",
                                    "valueText": "testcase"
                                }
                            }
                        ],
                        "_closeParenToken": {
                            "kind": "CloseParenToken",
                            "start": 863,
                            "width": 1,
                            "text": ")"
                        }
                    }
                },
                "_semicolonToken": {
                    "kind": "SemicolonToken",
                    "start": 864,
                    "width": 1,
                    "fullWidth": 3,
                    "text": ";",
                    "hasTrailingTrivia": true,
                    "hasTrailingNewLineTrivia": true
                }
            }
        ],
        "_endOfFileToken": {
            "kind": "EndOfFileToken",
            "start": 867,
            "width": 0,
            "text": ""
        }
    }
}