{
    "_sourceUnit": {
        "kind": "SourceUnit",
        "fullWidth": 676,
        "hasZeroWidthToken": true,
        "_moduleElements": [
            {
                "kind": "FunctionDeclaration",
                "fullWidth": 652,
                "_functionKeyword": {
                    "kind": "IdentifierNameToken",
                    "keywordKind": "FunctionKeyword",
                    "width": 8,
                    "fullWidth": 516,
                    "text": "function",
                    "hasLeadingTrivia": true,
                    "hasLeadingComment": true,
                    "hasLeadingNewLine": true,
                    "hasTrailingTrivia": true,
                    "leadingTrivia": [
                        {
                            "kind": "SingleLineCommentTrivia",
                            "text": "/// Copyright (c) 2012 Ecma International.  All rights reserved. "
                        },
                        {
                            "kind": "NewLineTrivia",
                            "text": "\r\n"
                        },
                        {
                            "kind": "SingleLineCommentTrivia",
                            "text": "/// Ecma International makes this code available under the terms and conditions set"
                        },
                        {
                            "kind": "NewLineTrivia",
                            "text": "\r\n"
                        },
                        {
                            "kind": "SingleLineCommentTrivia",
                            "text": "/// forth on http://hg.ecmascript.org/tests/test262/raw-file/tip/LICENSE (the "
                        },
                        {
                            "kind": "NewLineTrivia",
                            "text": "\r\n"
                        },
                        {
                            "kind": "SingleLineCommentTrivia",
                            "text": "/// \"Use Terms\").   Any redistribution of this code must retain the above "
                        },
                        {
                            "kind": "NewLineTrivia",
                            "text": "\r\n"
                        },
                        {
                            "kind": "SingleLineCommentTrivia",
                            "text": "/// copyright and this notice and otherwise comply with the Use Terms."
                        },
                        {
                            "kind": "NewLineTrivia",
                            "text": "\r\n"
                        },
                        {
                            "kind": "MultiLineCommentTrivia",
                            "text": "/**\r\n * @path ch15/15.5/15.5.4/15.5.4.20/15.5.4.20-1-5.js\r\n * @description String.prototype.trim works for an Object\r\n */"
                        },
                        {
                            "kind": "NewLineTrivia",
                            "text": "\r\n"
                        },
                        {
                            "kind": "NewLineTrivia",
                            "text": "\r\n"
                        },
                        {
                            "kind": "NewLineTrivia",
                            "text": "\r\n"
                        }
                    ],
                    "trailingTrivia": [
                        {
                            "kind": "WhitespaceTrivia",
                            "text": " "
                        }
                    ]
                },
                "_functionSignature": {
                    "kind": "FunctionSignature",
                    "fullWidth": 11,
                    "_identifier": {
                        "kind": "IdentifierNameToken",
                        "width": 8,
                        "text": "testcase",
                        "valueText": "testcase"
                    },
                    "_parameterList": {
                        "kind": "ParameterList",
                        "fullWidth": 3,
                        "_openParenToken": {
                            "kind": "OpenParenToken",
                            "width": 1,
                            "text": "("
                        },
                        "_parameters": [],
                        "_closeParenToken": {
                            "kind": "CloseParenToken",
                            "width": 1,
                            "fullWidth": 2,
                            "text": ")",
                            "hasTrailingTrivia": true,
                            "trailingTrivia": [
                                {
                                    "kind": "WhitespaceTrivia",
                                    "text": " "
                                }
                            ]
                        }
                    }
                },
                "_block": {
                    "kind": "Block",
                    "fullWidth": 125,
                    "_openBraceToken": {
                        "kind": "OpenBraceToken",
                        "width": 1,
                        "fullWidth": 3,
                        "text": "{",
                        "hasTrailingTrivia": true,
                        "hasTrailingNewLine": true,
                        "trailingTrivia": [
                            {
                                "kind": "NewLineTrivia",
                                "text": "\r\n"
                            }
                        ]
                    },
                    "_statements": [
                        {
                            "kind": "TryStatement",
                            "fullWidth": 118,
                            "_tryKeyword": {
                                "kind": "IdentifierNameToken",
                                "keywordKind": "TryKeyword",
                                "width": 3,
                                "fullWidth": 7,
                                "text": "try",
                                "hasLeadingTrivia": true,
                                "hasTrailingTrivia": true,
                                "hasTrailingNewLine": true,
                                "leadingTrivia": [
                                    {
                                        "kind": "WhitespaceTrivia",
                                        "text": "  "
                                    }
                                ],
                                "trailingTrivia": [
                                    {
                                        "kind": "NewLineTrivia",
                                        "text": "\r\n"
                                    }
                                ]
                            },
                            "_block": {
                                "kind": "Block",
                                "fullWidth": 89,
                                "_openBraceToken": {
                                    "kind": "OpenBraceToken",
                                    "width": 1,
                                    "fullWidth": 5,
                                    "text": "{",
                                    "hasLeadingTrivia": true,
                                    "hasTrailingTrivia": true,
                                    "hasTrailingNewLine": true,
                                    "leadingTrivia": [
                                        {
                                            "kind": "WhitespaceTrivia",
                                            "text": "  "
                                        }
                                    ],
                                    "trailingTrivia": [
                                        {
                                            "kind": "NewLineTrivia",
                                            "text": "\r\n"
                                        }
                                    ]
                                },
                                "_statements": [
                                    {
                                        "kind": "IfStatement",
                                        "fullWidth": 79,
                                        "_ifKeyword": {
                                            "kind": "IdentifierNameToken",
                                            "keywordKind": "IfKeyword",
                                            "width": 2,
                                            "fullWidth": 6,
                                            "text": "if",
                                            "hasLeadingTrivia": true,
                                            "leadingTrivia": [
                                                {
                                                    "kind": "WhitespaceTrivia",
                                                    "text": "    "
                                                }
                                            ]
                                        },
                                        "_openParenToken": {
                                            "kind": "OpenParenToken",
                                            "width": 1,
                                            "text": "("
                                        },
                                        "_condition": {
                                            "kind": "EqualsWithTypeConversionExpression",
                                            "fullWidth": 49,
                                            "_left": {
                                                "kind": "InvocationExpression",
                                                "fullWidth": 30,
                                                "_expression": {
                                                    "kind": "MemberAccessExpression",
                                                    "fullWidth": 26,
                                                    "_expression": {
                                                        "kind": "MemberAccessExpression",
                                                        "fullWidth": 21,
                                                        "_expression": {
                                                            "kind": "MemberAccessExpression",
                                                            "fullWidth": 16,
                                                            "_expression": {
                                                                "kind": "IdentifierNameToken",
                                                                "width": 6,
                                                                "text": "String",
                                                                "valueText": "String"
                                                            },
                                                            "_dotToken": {
                                                                "kind": "DotToken",
                                                                "width": 1,
                                                                "text": "."
                                                            },
                                                            "_identifierName": {
                                                                "kind": "IdentifierNameToken",
                                                                "width": 9,
                                                                "text": "prototype",
                                                                "valueText": "prototype"
                                                            }
                                                        },
                                                        "_dotToken": {
                                                            "kind": "DotToken",
                                                            "width": 1,
                                                            "text": "."
                                                        },
                                                        "_identifierName": {
                                                            "kind": "IdentifierNameToken",
                                                            "width": 4,
                                                            "text": "trim",
                                                            "valueText": "trim"
                                                        }
                                                    },
                                                    "_dotToken": {
                                                        "kind": "DotToken",
                                                        "width": 1,
                                                        "text": "."
                                                    },
                                                    "_identifierName": {
                                                        "kind": "IdentifierNameToken",
                                                        "width": 4,
                                                        "text": "call",
                                                        "valueText": "call"
                                                    }
                                                },
                                                "_argumentList": {
                                                    "kind": "ArgumentList",
                                                    "fullWidth": 4,
                                                    "_openParenToken": {
                                                        "kind": "OpenParenToken",
                                                        "width": 1,
                                                        "text": "("
                                                    },
                                                    "_arguments": [
                                                        {
                                                            "kind": "ObjectLiteralExpression",
                                                            "fullWidth": 2,
                                                            "_openBraceToken": {
                                                                "kind": "OpenBraceToken",
                                                                "width": 1,
                                                                "text": "{"
                                                            },
                                                            "_propertyAssignments": [],
                                                            "_closeBraceToken": {
                                                                "kind": "CloseBraceToken",
                                                                "width": 1,
                                                                "text": "}"
                                                            }
                                                        }
                                                    ],
                                                    "_closeParenToken": {
                                                        "kind": "CloseParenToken",
                                                        "width": 1,
                                                        "text": ")"
                                                    }
                                                }
                                            },
                                            "_operatorToken": {
                                                "kind": "EqualsEqualsToken",
                                                "width": 2,
                                                "text": "=="
                                            },
                                            "_right": {
                                                "kind": "StringLiteral",
                                                "width": 17,
                                                "text": "\"[object Object]\""
                                            }
                                        },
                                        "_closeParenToken": {
                                            "kind": "CloseParenToken",
                                            "width": 1,
                                            "fullWidth": 3,
                                            "text": ")",
                                            "hasTrailingTrivia": true,
                                            "hasTrailingNewLine": true,
                                            "trailingTrivia": [
                                                {
                                                    "kind": "NewLineTrivia",
                                                    "text": "\r\n"
                                                }
                                            ]
                                        },
                                        "_statement": {
                                            "kind": "ReturnStatement",
                                            "fullWidth": 20,
                                            "_returnKeyword": {
                                                "kind": "IdentifierNameToken",
                                                "keywordKind": "ReturnKeyword",
                                                "width": 6,
                                                "fullWidth": 13,
                                                "text": "return",
                                                "hasLeadingTrivia": true,
                                                "hasTrailingTrivia": true,
                                                "leadingTrivia": [
                                                    {
                                                        "kind": "WhitespaceTrivia",
                                                        "text": "      "
                                                    }
                                                ],
                                                "trailingTrivia": [
                                                    {
                                                        "kind": "WhitespaceTrivia",
                                                        "text": " "
                                                    }
                                                ]
                                            },
                                            "_expression": {
                                                "kind": "IdentifierNameToken",
                                                "keywordKind": "TrueKeyword",
                                                "width": 4,
                                                "text": "true"
                                            },
                                            "_semicolonToken": {
                                                "kind": "SemicolonToken",
                                                "width": 1,
                                                "fullWidth": 3,
                                                "text": ";",
                                                "hasTrailingTrivia": true,
                                                "hasTrailingNewLine": true,
                                                "trailingTrivia": [
                                                    {
                                                        "kind": "NewLineTrivia",
                                                        "text": "\r\n"
                                                    }
                                                ]
                                            }
                                        }
                                    }
                                ],
                                "_closeBraceToken": {
                                    "kind": "CloseBraceToken",
                                    "width": 1,
                                    "fullWidth": 5,
                                    "text": "}",
                                    "hasLeadingTrivia": true,
                                    "hasTrailingTrivia": true,
                                    "hasTrailingNewLine": true,
                                    "leadingTrivia": [
                                        {
                                            "kind": "WhitespaceTrivia",
                                            "text": "  "
                                        }
                                    ],
                                    "trailingTrivia": [
                                        {
                                            "kind": "NewLineTrivia",
                                            "text": "\r\n"
                                        }
                                    ]
                                }
                            },
                            "_catchClause": {
                                "kind": "CatchClause",
                                "fullWidth": 22,
                                "_catchKeyword": {
                                    "kind": "IdentifierNameToken",
                                    "keywordKind": "CatchKeyword",
                                    "width": 5,
                                    "fullWidth": 7,
                                    "text": "catch",
                                    "hasLeadingTrivia": true,
                                    "leadingTrivia": [
                                        {
                                            "kind": "WhitespaceTrivia",
                                            "text": "  "
                                        }
                                    ]
                                },
                                "_openParenToken": {
                                    "kind": "OpenParenToken",
                                    "width": 1,
                                    "text": "("
                                },
                                "_identifier": {
                                    "kind": "IdentifierNameToken",
                                    "width": 1,
                                    "text": "e",
                                    "valueText": "e"
                                },
                                "_closeParenToken": {
                                    "kind": "CloseParenToken",
                                    "width": 1,
                                    "fullWidth": 3,
                                    "text": ")",
                                    "hasTrailingTrivia": true,
                                    "hasTrailingNewLine": true,
                                    "trailingTrivia": [
                                        {
                                            "kind": "NewLineTrivia",
                                            "text": "\r\n"
                                        }
                                    ]
                                },
                                "_block": {
                                    "kind": "Block",
                                    "fullWidth": 10,
                                    "_openBraceToken": {
                                        "kind": "OpenBraceToken",
                                        "width": 1,
                                        "fullWidth": 5,
                                        "text": "{",
                                        "hasLeadingTrivia": true,
                                        "hasTrailingTrivia": true,
                                        "hasTrailingNewLine": true,
                                        "leadingTrivia": [
                                            {
                                                "kind": "WhitespaceTrivia",
                                                "text": "  "
                                            }
                                        ],
                                        "trailingTrivia": [
                                            {
                                                "kind": "NewLineTrivia",
                                                "text": "\r\n"
                                            }
                                        ]
                                    },
                                    "_statements": [],
                                    "_closeBraceToken": {
                                        "kind": "CloseBraceToken",
                                        "width": 1,
                                        "fullWidth": 5,
                                        "text": "}",
                                        "hasLeadingTrivia": true,
                                        "hasTrailingTrivia": true,
                                        "hasTrailingNewLine": true,
                                        "leadingTrivia": [
                                            {
                                                "kind": "WhitespaceTrivia",
                                                "text": "  "
                                            }
                                        ],
                                        "trailingTrivia": [
                                            {
                                                "kind": "NewLineTrivia",
                                                "text": "\r\n"
                                            }
                                        ]
                                    }
                                }
                            }
                        }
                    ],
                    "_closeBraceToken": {
                        "kind": "CloseBraceToken",
                        "width": 1,
                        "fullWidth": 4,
                        "text": "}",
                        "hasLeadingTrivia": true,
                        "hasTrailingTrivia": true,
                        "hasTrailingNewLine": true,
                        "leadingTrivia": [
                            {
                                "kind": "WhitespaceTrivia",
                                "text": " "
                            }
                        ],
                        "trailingTrivia": [
                            {
                                "kind": "NewLineTrivia",
                                "text": "\r\n"
                            }
                        ]
                    }
                }
            },
            {
                "kind": "ExpressionStatement",
                "fullWidth": 24,
                "_expression": {
                    "kind": "InvocationExpression",
                    "fullWidth": 21,
                    "_expression": {
                        "kind": "IdentifierNameToken",
                        "width": 11,
                        "text": "runTestCase",
                        "valueText": "runTestCase"
                    },
                    "_argumentList": {
                        "kind": "ArgumentList",
                        "fullWidth": 10,
                        "_openParenToken": {
                            "kind": "OpenParenToken",
                            "width": 1,
                            "text": "("
                        },
                        "_arguments": [
                            {
                                "kind": "IdentifierNameToken",
                                "width": 8,
                                "text": "testcase",
                                "valueText": "testcase"
                            }
                        ],
                        "_closeParenToken": {
                            "kind": "CloseParenToken",
                            "width": 1,
                            "text": ")"
                        }
                    }
                },
                "_semicolonToken": {
                    "kind": "SemicolonToken",
                    "width": 1,
                    "fullWidth": 3,
                    "text": ";",
                    "hasTrailingTrivia": true,
                    "hasTrailingNewLine": true,
                    "trailingTrivia": [
                        {
                            "kind": "NewLineTrivia",
                            "text": "\r\n"
                        }
                    ]
                }
            }
        ],
        "_endOfFileToken": {
            "kind": "EndOfFileToken",
            "width": 0,
            "text": ""
        }
    }
}