{
    "fullText": [
        "function foo() {",
        "}"
    ],
    "sourceUnit": {
        "kind": "SourceUnit",
        "fullWidth": 19,
        "hasZeroWidthToken": true,
        "moduleElements": [
            {
                "kind": "FunctionDeclaration",
                "fullWidth": 19,
                "functionKeyword": {
                    "kind": "FunctionKeyword",
                    "width": 8,
                    "fullWidth": 9,
                    "text": "function",
                    "hasTrailingTrivia": true,
                    "trailingTrivia": [
                        {
                            "kind": "WhitespaceTrivia",
                            "text": " "
                        }
                    ]
                },
                "identifier": {
                    "kind": "IdentifierName",
                    "width": 3,
                    "text": "foo",
                    "valueText": "foo"
                },
                "callSignature": {
                    "kind": "CallSignature",
                    "fullWidth": 3,
                    "parameterList": {
                        "kind": "ParameterList",
                        "fullWidth": 3,
                        "openParenToken": {
                            "kind": "OpenParenToken",
                            "width": 1,
                            "text": "("
                        },
                        "parameters": [],
                        "closeParenToken": {
                            "kind": "CloseParenToken",
                            "width": 1,
                            "fullWidth": 2,
                            "text": ")",
                            "hasTrailingTrivia": true,
                            "trailingTrivia": [
                                {
                                    "kind": "WhitespaceTrivia",
                                    "text": " "
                                }
                            ]
                        }
                    }
                },
                "block": {
                    "kind": "Block",
                    "fullWidth": 4,
                    "openBraceToken": {
                        "kind": "OpenBraceToken",
                        "width": 1,
                        "fullWidth": 3,
                        "text": "{",
                        "hasTrailingTrivia": true,
                        "hasTrailingNewLine": true,
                        "trailingTrivia": [
                            {
                                "kind": "NewLineTrivia",
                                "text": "\r\n"
                            }
                        ]
                    },
                    "statements": [],
                    "closeBraceToken": {
                        "kind": "CloseBraceToken",
                        "width": 1,
                        "text": "}"
                    }
                }
            }
        ],
        "endOfFileToken": {
            "kind": "EndOfFileToken",
            "width": 0,
            "text": ""
        }
    }
}