{
    "_sourceUnit": {
        "kind": "SourceUnit",
        "_moduleElements": [
            {
                "kind": "IfStatement",
                "_ifKeyword": {
                    "kind": "IdentifierNameToken",
                    "keywordKind": "IfKeyword",
                    "start": 360,
                    "fullStart": 0,
                    "width": 2,
                    "fullWidth": 363,
                    "text": "if",
                    "hasLeadingTrivia": true,
                    "hasLeadingCommentTrivia": true,
                    "hasLeadingNewLineTrivia": true,
                    "hasTrailingTrivia": true
                },
                "_openParenToken": {
                    "kind": "OpenParenToken",
                    "start": 363,
                    "width": 1,
                    "text": "("
                },
                "_condition": {
                    "kind": "NotEqualsExpression",
                    "_left": {
                        "kind": "MemberAccessExpression",
                        "_expression": {
                            "kind": "IdentifierName",
                            "_identifier": {
                                "kind": "IdentifierNameToken",
                                "start": 364,
                                "width": 6,
                                "text": "String",
                                "valueText": "String"
                            }
                        },
                        "_dotToken": {
                            "kind": "DotToken",
                            "start": 370,
                            "width": 1,
                            "text": "."
                        },
                        "_identifierName": {
                            "kind": "IdentifierName",
                            "_identifier": {
                                "kind": "IdentifierNameToken",
                                "start": 371,
                                "width": 6,
                                "fullWidth": 7,
                                "text": "length",
                                "valueText": "length",
                                "hasTrailingTrivia": true
                            }
                        }
                    },
                    "_operatorToken": {
                        "kind": "ExclamationEqualsEqualsToken",
                        "start": 378,
                        "width": 3,
                        "fullWidth": 4,
                        "text": "!==",
                        "hasTrailingTrivia": true
                    },
                    "_right": {
                        "kind": "NumericLiteralExpression",
                        "_literalToken": {
                            "kind": "NumericLiteral",
                            "start": 382,
                            "width": 1,
                            "text": "1"
                        }
                    }
                },
                "_closeParenToken": {
                    "kind": "CloseParenToken",
                    "start": 383,
                    "width": 1,
                    "fullWidth": 2,
                    "text": ")",
                    "hasTrailingTrivia": true
                },
                "_statement": {
                    "kind": "Block",
                    "_openBraceToken": {
                        "kind": "OpenBraceToken",
                        "start": 385,
                        "width": 1,
                        "fullWidth": 2,
                        "text": "{",
                        "hasTrailingTrivia": true,
                        "hasTrailingNewLineTrivia": true
                    },
                    "_statements": [
                        {
                            "kind": "ExpressionStatement",
                            "_expression": {
                                "kind": "InvocationExpression",
                                "_expression": {
                                    "kind": "IdentifierName",
                                    "_identifier": {
                                        "kind": "IdentifierNameToken",
                                        "start": 389,
                                        "fullStart": 387,
                                        "width": 6,
                                        "fullWidth": 8,
                                        "text": "$ERROR",
                                        "valueText": "$ERROR",
                                        "hasLeadingTrivia": true
                                    }
                                },
                                "_argumentList": {
                                    "kind": "ArgumentList",
                                    "_openParenToken": {
                                        "kind": "OpenParenToken",
                                        "start": 395,
                                        "width": 1,
                                        "text": "("
                                    },
                                    "_arguments": [
                                        {
                                            "kind": "AddExpression",
                                            "_left": {
                                                "kind": "StringLiteralExpression",
                                                "_literalToken": {
                                                    "kind": "StringLiteral",
                                                    "start": 396,
                                                    "width": 71,
                                                    "text": "'String has length property whose value is 1. Actual: String.length==='"
                                                }
                                            },
                                            "_operatorToken": {
                                                "kind": "PlusToken",
                                                "start": 467,
                                                "width": 1,
                                                "text": "+"
                                            },
                                            "_right": {
                                                "kind": "MemberAccessExpression",
                                                "_expression": {
                                                    "kind": "IdentifierName",
                                                    "_identifier": {
                                                        "kind": "IdentifierNameToken",
                                                        "start": 468,
                                                        "width": 6,
                                                        "text": "String",
                                                        "valueText": "String"
                                                    }
                                                },
                                                "_dotToken": {
                                                    "kind": "DotToken",
                                                    "start": 474,
                                                    "width": 1,
                                                    "text": "."
                                                },
                                                "_identifierName": {
                                                    "kind": "IdentifierName",
                                                    "_identifier": {
                                                        "kind": "IdentifierNameToken",
                                                        "start": 475,
                                                        "width": 6,
                                                        "text": "length",
                                                        "valueText": "length"
                                                    }
                                                }
                                            }
                                        }
                                    ],
                                    "_closeParenToken": {
                                        "kind": "CloseParenToken",
                                        "start": 481,
                                        "width": 1,
                                        "text": ")"
                                    }
                                }
                            },
                            "_semicolonToken": {
                                "kind": "SemicolonToken",
                                "start": 482,
                                "width": 1,
                                "fullWidth": 2,
                                "text": ";",
                                "hasTrailingTrivia": true,
                                "hasTrailingNewLineTrivia": true
                            }
                        }
                    ],
                    "_closeBraceToken": {
                        "kind": "CloseBraceToken",
                        "start": 484,
                        "width": 1,
                        "fullWidth": 2,
                        "text": "}",
                        "hasTrailingTrivia": true,
                        "hasTrailingNewLineTrivia": true
                    }
                }
            }
        ],
        "_endOfFileToken": {
            "kind": "EndOfFileToken",
            "start": 569,
            "fullStart": 486,
            "width": 0,
            "fullWidth": 83,
            "text": "",
            "hasLeadingTrivia": true,
            "hasLeadingCommentTrivia": true,
            "hasLeadingNewLineTrivia": true
        }
    }
}