{
    "_sourceUnit": {
        "kind": "SourceUnit",
        "_moduleElements": [
            {
                "kind": "DoStatement",
                "_doKeyword": {
                    "kind": "IdentifierNameToken",
                    "keywordKind": "DoKeyword",
                    "start": 312,
                    "fullStart": 0,
                    "width": 2,
                    "fullWidth": 315,
                    "text": "do",
                    "hasLeadingTrivia": true,
                    "hasLeadingCommentTrivia": true,
                    "hasLeadingNewLineTrivia": true,
                    "hasTrailingTrivia": true
                },
                "_statement": {
                    "kind": "Block",
                    "_openBraceToken": {
                        "kind": "OpenBraceToken",
                        "start": 315,
                        "width": 1,
                        "fullWidth": 2,
                        "text": "{",
                        "hasTrailingTrivia": true,
                        "hasTrailingNewLineTrivia": true
                    },
                    "_statements": [
                        {
                            "kind": "EmptyStatement",
                            "_semicolonToken": {
                                "kind": "SemicolonToken",
                                "start": 319,
                                "fullStart": 317,
                                "width": 1,
                                "fullWidth": 4,
                                "text": ";",
                                "hasLeadingTrivia": true,
                                "hasTrailingTrivia": true,
                                "hasTrailingNewLineTrivia": true
                            }
                        }
                    ],
                    "_closeBraceToken": {
                        "kind": "CloseBraceToken",
                        "start": 321,
                        "width": 1,
                        "fullWidth": 2,
                        "text": "}",
                        "hasTrailingTrivia": true
                    }
                },
                "_whileKeyword": {
                    "kind": "IdentifierNameToken",
                    "keywordKind": "WhileKeyword",
                    "start": 323,
                    "width": 5,
                    "fullWidth": 6,
                    "text": "while",
                    "hasTrailingTrivia": true
                },
                "_openParenToken": {
                    "kind": "OpenParenToken",
                    "start": 329,
                    "width": 1,
                    "text": "("
                },
                "_condition": {
                    "kind": "BooleanLiteralExpression",
                    "_literalToken": {
                        "kind": "IdentifierNameToken",
                        "keywordKind": "FalseKeyword",
                        "start": 330,
                        "width": 5,
                        "text": "false"
                    }
                },
                "_closeParenToken": {
                    "kind": "CloseParenToken",
                    "start": 335,
                    "width": 1,
                    "fullWidth": 2,
                    "text": ")",
                    "hasTrailingTrivia": true
                },
                "_semicolonToken": {
                    "kind": "SemicolonToken",
                    "start": 336,
                    "width": 0,
                    "isMissing": true,
                    "text": ""
                }
            },
            {
                "kind": "ExpressionStatement",
                "_expression": {
                    "kind": "BooleanLiteralExpression",
                    "_literalToken": {
                        "kind": "IdentifierNameToken",
                        "keywordKind": "TrueKeyword",
                        "start": 337,
                        "width": 4,
                        "fullWidth": 5,
                        "text": "true",
                        "hasTrailingTrivia": true,
                        "hasTrailingNewLineTrivia": true
                    }
                },
                "_semicolonToken": {
                    "kind": "SemicolonToken",
                    "start": 341,
                    "width": 0,
                    "isMissing": true,
                    "text": ""
                }
            }
        ],
        "_endOfFileToken": {
            "kind": "EndOfFileToken",
            "start": 343,
            "fullStart": 342,
            "width": 0,
            "fullWidth": 1,
            "text": "",
            "hasLeadingTrivia": true,
            "hasLeadingNewLineTrivia": true
        }
    }
}