{
    "isDeclaration": false,
    "languageVersion": "EcmaScript5",
    "parseOptions": {
        "allowAutomaticSemicolonInsertion": true
    },
    "sourceUnit": {
        "kind": "SourceUnit",
        "fullWidth": 653,
        "moduleElements": [
            {
                "kind": "VariableStatement",
                "fullWidth": 384,
                "modifiers": [],
                "variableDeclaration": {
                    "kind": "VariableDeclaration",
                    "fullWidth": 382,
                    "varKeyword": {
                        "kind": "VarKeyword",
                        "width": 3,
                        "fullWidth": 348,
                        "text": "var",
                        "value": "var",
                        "valueText": "var",
                        "hasLeadingTrivia": true,
                        "hasLeadingComment": true,
                        "hasLeadingNewLine": true,
                        "hasTrailingTrivia": true,
                        "leadingTrivia": [
                            {
                                "kind": "SingleLineCommentTrivia",
                                "text": "// Copyright 2009 the Sputnik authors.  All rights reserved."
                            },
                            {
                                "kind": "NewLineTrivia",
                                "text": "\n"
                            },
                            {
                                "kind": "SingleLineCommentTrivia",
                                "text": "// This code is governed by the BSD license found in the LICENSE file."
                            },
                            {
                                "kind": "NewLineTrivia",
                                "text": "\n"
                            },
                            {
                                "kind": "NewLineTrivia",
                                "text": "\n"
                            },
                            {
                                "kind": "MultiLineCommentTrivia",
                                "text": "/**\n * The length property of reverse has the attribute ReadOnly\n *\n * @path ch15/15.4/15.4.4/15.4.4.8/S15.4.4.8_A5.3.js\n * @description Checking if varying the length property fails\n * @noStrict\n */"
                            },
                            {
                                "kind": "NewLineTrivia",
                                "text": "\n"
                            },
                            {
                                "kind": "NewLineTrivia",
                                "text": "\n"
                            },
                            {
                                "kind": "SingleLineCommentTrivia",
                                "text": "//CHECK#1"
                            },
                            {
                                "kind": "NewLineTrivia",
                                "text": "\n"
                            }
                        ],
                        "trailingTrivia": [
                            {
                                "kind": "WhitespaceTrivia",
                                "text": " "
                            }
                        ]
                    },
                    "variableDeclarators": [
                        {
                            "kind": "VariableDeclarator",
                            "fullWidth": 34,
                            "identifier": {
                                "kind": "IdentifierName",
                                "width": 1,
                                "fullWidth": 2,
                                "text": "x",
                                "value": "x",
                                "valueText": "x",
                                "hasTrailingTrivia": true,
                                "trailingTrivia": [
                                    {
                                        "kind": "WhitespaceTrivia",
                                        "text": " "
                                    }
                                ]
                            },
                            "equalsValueClause": {
                                "kind": "EqualsValueClause",
                                "fullWidth": 32,
                                "equalsToken": {
                                    "kind": "EqualsToken",
                                    "width": 1,
                                    "fullWidth": 2,
                                    "text": "=",
                                    "value": "=",
                                    "valueText": "=",
                                    "hasTrailingTrivia": true,
                                    "trailingTrivia": [
                                        {
                                            "kind": "WhitespaceTrivia",
                                            "text": " "
                                        }
                                    ]
                                },
                                "value": {
                                    "kind": "MemberAccessExpression",
                                    "fullWidth": 30,
                                    "expression": {
                                        "kind": "MemberAccessExpression",
                                        "fullWidth": 23,
                                        "expression": {
                                            "kind": "MemberAccessExpression",
                                            "fullWidth": 15,
                                            "expression": {
                                                "kind": "IdentifierName",
                                                "width": 5,
                                                "text": "Array",
                                                "value": "Array",
                                                "valueText": "Array"
                                            },
                                            "dotToken": {
                                                "kind": "DotToken",
                                                "width": 1,
                                                "text": ".",
                                                "value": ".",
                                                "valueText": "."
                                            },
                                            "name": {
                                                "kind": "IdentifierName",
                                                "width": 9,
                                                "text": "prototype",
                                                "value": "prototype",
                                                "valueText": "prototype"
                                            }
                                        },
                                        "dotToken": {
                                            "kind": "DotToken",
                                            "width": 1,
                                            "text": ".",
                                            "value": ".",
                                            "valueText": "."
                                        },
                                        "name": {
                                            "kind": "IdentifierName",
                                            "width": 7,
                                            "text": "reverse",
                                            "value": "reverse",
                                            "valueText": "reverse"
                                        }
                                    },
                                    "dotToken": {
                                        "kind": "DotToken",
                                        "width": 1,
                                        "text": ".",
                                        "value": ".",
                                        "valueText": "."
                                    },
                                    "name": {
                                        "kind": "IdentifierName",
                                        "width": 6,
                                        "text": "length",
                                        "value": "length",
                                        "valueText": "length"
                                    }
                                }
                            }
                        }
                    ]
                },
                "semicolonToken": {
                    "kind": "SemicolonToken",
                    "width": 1,
                    "fullWidth": 2,
                    "text": ";",
                    "value": ";",
                    "valueText": ";",
                    "hasTrailingTrivia": true,
                    "hasTrailingNewLine": true,
                    "trailingTrivia": [
                        {
                            "kind": "NewLineTrivia",
                            "text": "\n"
                        }
                    ]
                }
            },
            {
                "kind": "ExpressionStatement",
                "fullWidth": 43,
                "expression": {
                    "kind": "AssignmentExpression",
                    "fullWidth": 41,
                    "left": {
                        "kind": "MemberAccessExpression",
                        "fullWidth": 31,
                        "expression": {
                            "kind": "MemberAccessExpression",
                            "fullWidth": 23,
                            "expression": {
                                "kind": "MemberAccessExpression",
                                "fullWidth": 15,
                                "expression": {
                                    "kind": "IdentifierName",
                                    "width": 5,
                                    "text": "Array",
                                    "value": "Array",
                                    "valueText": "Array"
                                },
                                "dotToken": {
                                    "kind": "DotToken",
                                    "width": 1,
                                    "text": ".",
                                    "value": ".",
                                    "valueText": "."
                                },
                                "name": {
                                    "kind": "IdentifierName",
                                    "width": 9,
                                    "text": "prototype",
                                    "value": "prototype",
                                    "valueText": "prototype"
                                }
                            },
                            "dotToken": {
                                "kind": "DotToken",
                                "width": 1,
                                "text": ".",
                                "value": ".",
                                "valueText": "."
                            },
                            "name": {
                                "kind": "IdentifierName",
                                "width": 7,
                                "text": "reverse",
                                "value": "reverse",
                                "valueText": "reverse"
                            }
                        },
                        "dotToken": {
                            "kind": "DotToken",
                            "width": 1,
                            "text": ".",
                            "value": ".",
                            "valueText": "."
                        },
                        "name": {
                            "kind": "IdentifierName",
                            "width": 6,
                            "fullWidth": 7,
                            "text": "length",
                            "value": "length",
                            "valueText": "length",
                            "hasTrailingTrivia": true,
                            "trailingTrivia": [
                                {
                                    "kind": "WhitespaceTrivia",
                                    "text": " "
                                }
                            ]
                        }
                    },
                    "operatorToken": {
                        "kind": "EqualsToken",
                        "width": 1,
                        "fullWidth": 2,
                        "text": "=",
                        "value": "=",
                        "valueText": "=",
                        "hasTrailingTrivia": true,
                        "trailingTrivia": [
                            {
                                "kind": "WhitespaceTrivia",
                                "text": " "
                            }
                        ]
                    },
                    "right": {
                        "kind": "IdentifierName",
                        "width": 8,
                        "text": "Infinity",
                        "value": "Infinity",
                        "valueText": "Infinity"
                    }
                },
                "semicolonToken": {
                    "kind": "SemicolonToken",
                    "width": 1,
                    "fullWidth": 2,
                    "text": ";",
                    "value": ";",
                    "valueText": ";",
                    "hasTrailingTrivia": true,
                    "hasTrailingNewLine": true,
                    "trailingTrivia": [
                        {
                            "kind": "NewLineTrivia",
                            "text": "\n"
                        }
                    ]
                }
            },
            {
                "kind": "IfStatement",
                "fullWidth": 224,
                "ifKeyword": {
                    "kind": "IfKeyword",
                    "width": 2,
                    "fullWidth": 3,
                    "text": "if",
                    "value": "if",
                    "valueText": "if",
                    "hasTrailingTrivia": true,
                    "trailingTrivia": [
                        {
                            "kind": "WhitespaceTrivia",
                            "text": " "
                        }
                    ]
                },
                "openParenToken": {
                    "kind": "OpenParenToken",
                    "width": 1,
                    "text": "(",
                    "value": "(",
                    "valueText": "("
                },
                "condition": {
                    "kind": "NotEqualsExpression",
                    "fullWidth": 36,
                    "left": {
                        "kind": "MemberAccessExpression",
                        "fullWidth": 31,
                        "expression": {
                            "kind": "MemberAccessExpression",
                            "fullWidth": 23,
                            "expression": {
                                "kind": "MemberAccessExpression",
                                "fullWidth": 15,
                                "expression": {
                                    "kind": "IdentifierName",
                                    "width": 5,
                                    "text": "Array",
                                    "value": "Array",
                                    "valueText": "Array"
                                },
                                "dotToken": {
                                    "kind": "DotToken",
                                    "width": 1,
                                    "text": ".",
                                    "value": ".",
                                    "valueText": "."
                                },
                                "name": {
                                    "kind": "IdentifierName",
                                    "width": 9,
                                    "text": "prototype",
                                    "value": "prototype",
                                    "valueText": "prototype"
                                }
                            },
                            "dotToken": {
                                "kind": "DotToken",
                                "width": 1,
                                "text": ".",
                                "value": ".",
                                "valueText": "."
                            },
                            "name": {
                                "kind": "IdentifierName",
                                "width": 7,
                                "text": "reverse",
                                "value": "reverse",
                                "valueText": "reverse"
                            }
                        },
                        "dotToken": {
                            "kind": "DotToken",
                            "width": 1,
                            "text": ".",
                            "value": ".",
                            "valueText": "."
                        },
                        "name": {
                            "kind": "IdentifierName",
                            "width": 6,
                            "fullWidth": 7,
                            "text": "length",
                            "value": "length",
                            "valueText": "length",
                            "hasTrailingTrivia": true,
                            "trailingTrivia": [
                                {
                                    "kind": "WhitespaceTrivia",
                                    "text": " "
                                }
                            ]
                        }
                    },
                    "operatorToken": {
                        "kind": "ExclamationEqualsEqualsToken",
                        "width": 3,
                        "fullWidth": 4,
                        "text": "!==",
                        "value": "!==",
                        "valueText": "!==",
                        "hasTrailingTrivia": true,
                        "trailingTrivia": [
                            {
                                "kind": "WhitespaceTrivia",
                                "text": " "
                            }
                        ]
                    },
                    "right": {
                        "kind": "IdentifierName",
                        "width": 1,
                        "text": "x",
                        "value": "x",
                        "valueText": "x"
                    }
                },
                "closeParenToken": {
                    "kind": "CloseParenToken",
                    "width": 1,
                    "fullWidth": 2,
                    "text": ")",
                    "value": ")",
                    "valueText": ")",
                    "hasTrailingTrivia": true,
                    "trailingTrivia": [
                        {
                            "kind": "WhitespaceTrivia",
                            "text": " "
                        }
                    ]
                },
                "statement": {
                    "kind": "Block",
                    "fullWidth": 182,
                    "openBraceToken": {
                        "kind": "OpenBraceToken",
                        "width": 1,
                        "fullWidth": 2,
                        "text": "{",
                        "value": "{",
                        "valueText": "{",
                        "hasTrailingTrivia": true,
                        "hasTrailingNewLine": true,
                        "trailingTrivia": [
                            {
                                "kind": "NewLineTrivia",
                                "text": "\n"
                            }
                        ]
                    },
                    "statements": [
                        {
                            "kind": "ExpressionStatement",
                            "fullWidth": 178,
                            "expression": {
                                "kind": "InvocationExpression",
                                "fullWidth": 176,
                                "expression": {
                                    "kind": "IdentifierName",
                                    "width": 6,
                                    "fullWidth": 8,
                                    "text": "$ERROR",
                                    "value": "$ERROR",
                                    "valueText": "$ERROR",
                                    "hasLeadingTrivia": true,
                                    "leadingTrivia": [
                                        {
                                            "kind": "WhitespaceTrivia",
                                            "text": "  "
                                        }
                                    ]
                                },
                                "argumentList": {
                                    "kind": "ArgumentList",
                                    "fullWidth": 168,
                                    "openParenToken": {
                                        "kind": "OpenParenToken",
                                        "width": 1,
                                        "text": "(",
                                        "value": "(",
                                        "valueText": "("
                                    },
                                    "arguments": [
                                        {
                                            "kind": "AddExpression",
                                            "fullWidth": 166,
                                            "left": {
                                                "kind": "StringLiteral",
                                                "width": 131,
                                                "fullWidth": 132,
                                                "text": "'#1: x = Array.prototype.reverse.length; Array.prototype.reverse.length = Infinity; Array.prototype.reverse.length === x. Actual: '",
                                                "value": "#1: x = Array.prototype.reverse.length; Array.prototype.reverse.length = Infinity; Array.prototype.reverse.length === x. Actual: ",
                                                "valueText": "#1: x = Array.prototype.reverse.length; Array.prototype.reverse.length = Infinity; Array.prototype.reverse.length === x. Actual: ",
                                                "hasTrailingTrivia": true,
                                                "trailingTrivia": [
                                                    {
                                                        "kind": "WhitespaceTrivia",
                                                        "text": " "
                                                    }
                                                ]
                                            },
                                            "operatorToken": {
                                                "kind": "PlusToken",
                                                "width": 1,
                                                "fullWidth": 2,
                                                "text": "+",
                                                "value": "+",
                                                "valueText": "+",
                                                "hasTrailingTrivia": true,
                                                "trailingTrivia": [
                                                    {
                                                        "kind": "WhitespaceTrivia",
                                                        "text": " "
                                                    }
                                                ]
                                            },
                                            "right": {
                                                "kind": "ParenthesizedExpression",
                                                "fullWidth": 32,
                                                "openParenToken": {
                                                    "kind": "OpenParenToken",
                                                    "width": 1,
                                                    "text": "(",
                                                    "value": "(",
                                                    "valueText": "("
                                                },
                                                "expression": {
                                                    "kind": "MemberAccessExpression",
                                                    "fullWidth": 30,
                                                    "expression": {
                                                        "kind": "MemberAccessExpression",
                                                        "fullWidth": 23,
                                                        "expression": {
                                                            "kind": "MemberAccessExpression",
                                                            "fullWidth": 15,
                                                            "expression": {
                                                                "kind": "IdentifierName",
                                                                "width": 5,
                                                                "text": "Array",
                                                                "value": "Array",
                                                                "valueText": "Array"
                                                            },
                                                            "dotToken": {
                                                                "kind": "DotToken",
                                                                "width": 1,
                                                                "text": ".",
                                                                "value": ".",
                                                                "valueText": "."
                                                            },
                                                            "name": {
                                                                "kind": "IdentifierName",
                                                                "width": 9,
                                                                "text": "prototype",
                                                                "value": "prototype",
                                                                "valueText": "prototype"
                                                            }
                                                        },
                                                        "dotToken": {
                                                            "kind": "DotToken",
                                                            "width": 1,
                                                            "text": ".",
                                                            "value": ".",
                                                            "valueText": "."
                                                        },
                                                        "name": {
                                                            "kind": "IdentifierName",
                                                            "width": 7,
                                                            "text": "reverse",
                                                            "value": "reverse",
                                                            "valueText": "reverse"
                                                        }
                                                    },
                                                    "dotToken": {
                                                        "kind": "DotToken",
                                                        "width": 1,
                                                        "text": ".",
                                                        "value": ".",
                                                        "valueText": "."
                                                    },
                                                    "name": {
                                                        "kind": "IdentifierName",
                                                        "width": 6,
                                                        "text": "length",
                                                        "value": "length",
                                                        "valueText": "length"
                                                    }
                                                },
                                                "closeParenToken": {
                                                    "kind": "CloseParenToken",
                                                    "width": 1,
                                                    "text": ")",
                                                    "value": ")",
                                                    "valueText": ")"
                                                }
                                            }
                                        }
                                    ],
                                    "closeParenToken": {
                                        "kind": "CloseParenToken",
                                        "width": 1,
                                        "text": ")",
                                        "value": ")",
                                        "valueText": ")"
                                    }
                                }
                            },
                            "semicolonToken": {
                                "kind": "SemicolonToken",
                                "width": 1,
                                "fullWidth": 2,
                                "text": ";",
                                "value": ";",
                                "valueText": ";",
                                "hasTrailingTrivia": true,
                                "hasTrailingNewLine": true,
                                "trailingTrivia": [
                                    {
                                        "kind": "NewLineTrivia",
                                        "text": "\n"
                                    }
                                ]
                            }
                        }
                    ],
                    "closeBraceToken": {
                        "kind": "CloseBraceToken",
                        "width": 1,
                        "fullWidth": 2,
                        "text": "}",
                        "value": "}",
                        "valueText": "}",
                        "hasTrailingTrivia": true,
                        "hasTrailingNewLine": true,
                        "trailingTrivia": [
                            {
                                "kind": "NewLineTrivia",
                                "text": "\n"
                            }
                        ]
                    }
                }
            }
        ],
        "endOfFileToken": {
            "kind": "EndOfFileToken",
            "width": 0,
            "fullWidth": 2,
            "text": "",
            "hasLeadingTrivia": true,
            "hasLeadingNewLine": true,
            "leadingTrivia": [
                {
                    "kind": "NewLineTrivia",
                    "text": "\n"
                },
                {
                    "kind": "NewLineTrivia",
                    "text": "\n"
                }
            ]
        }
    },
    "lineMap": {
        "lineStarts": [
            0,
            61,
            132,
            133,
            137,
            198,
            201,
            254,
            316,
            329,
            333,
            334,
            344,
            384,
            427,
            471,
            649,
            651,
            652,
            653
        ],
        "length": 653
    }
}