{
    "_sourceUnit": {
        "kind": "SourceUnit",
        "_moduleElements": [
            {
                "kind": "VariableStatement",
                "_variableDeclaration": {
                    "kind": "VariableDeclaration",
                    "_varKeyword": {
                        "kind": "IdentifierNameToken",
                        "keywordKind": "VarKeyword",
                        "start": 365,
                        "fullStart": 0,
                        "width": 3,
                        "fullWidth": 369,
                        "text": "var",
                        "hasLeadingTrivia": true,
                        "hasLeadingCommentTrivia": true,
                        "hasLeadingNewLineTrivia": true,
                        "hasTrailingTrivia": true
                    },
                    "_variableDeclarators": [
                        {
                            "kind": "VariableDeclarator",
                            "_identifier": {
                                "kind": "IdentifierNameToken",
                                "start": 369,
                                "width": 1,
                                "text": "i",
                                "valueText": "i"
                            }
                        }
                    ]
                },
                "_semicolonToken": {
                    "kind": "SemicolonToken",
                    "start": 370,
                    "width": 1,
                    "fullWidth": 2,
                    "text": ";",
                    "hasTrailingTrivia": true,
                    "hasTrailingNewLineTrivia": true
                }
            },
            {
                "kind": "VariableStatement",
                "_variableDeclaration": {
                    "kind": "VariableDeclaration",
                    "_varKeyword": {
                        "kind": "IdentifierNameToken",
                        "keywordKind": "VarKeyword",
                        "start": 372,
                        "width": 3,
                        "fullWidth": 4,
                        "text": "var",
                        "hasTrailingTrivia": true
                    },
                    "_variableDeclarators": [
                        {
                            "kind": "VariableDeclarator",
                            "_identifier": {
                                "kind": "IdentifierNameToken",
                                "start": 376,
                                "width": 1,
                                "text": "j",
                                "valueText": "j"
                            }
                        }
                    ]
                },
                "_semicolonToken": {
                    "kind": "SemicolonToken",
                    "start": 377,
                    "width": 1,
                    "fullWidth": 2,
                    "text": ";",
                    "hasTrailingTrivia": true,
                    "hasTrailingNewLineTrivia": true
                }
            },
            {
                "kind": "ExpressionStatement",
                "_expression": {
                    "kind": "AssignmentExpression",
                    "_left": {
                        "kind": "IdentifierName",
                        "_identifier": {
                            "kind": "IdentifierNameToken",
                            "start": 379,
                            "width": 4,
                            "fullWidth": 5,
                            "text": "str1",
                            "valueText": "str1",
                            "hasTrailingTrivia": true
                        }
                    },
                    "_operatorToken": {
                        "kind": "EqualsToken",
                        "start": 384,
                        "width": 1,
                        "fullWidth": 2,
                        "text": "=",
                        "hasTrailingTrivia": true
                    },
                    "_right": {
                        "kind": "StringLiteralExpression",
                        "_literalToken": {
                            "kind": "StringLiteral",
                            "start": 386,
                            "width": 2,
                            "text": "''"
                        }
                    }
                },
                "_semicolonToken": {
                    "kind": "SemicolonToken",
                    "start": 388,
                    "width": 1,
                    "fullWidth": 2,
                    "text": ";",
                    "hasTrailingTrivia": true,
                    "hasTrailingNewLineTrivia": true
                }
            },
            {
                "kind": "ExpressionStatement",
                "_expression": {
                    "kind": "AssignmentExpression",
                    "_left": {
                        "kind": "IdentifierName",
                        "_identifier": {
                            "kind": "IdentifierNameToken",
                            "start": 390,
                            "width": 4,
                            "fullWidth": 5,
                            "text": "str2",
                            "valueText": "str2",
                            "hasTrailingTrivia": true
                        }
                    },
                    "_operatorToken": {
                        "kind": "EqualsToken",
                        "start": 395,
                        "width": 1,
                        "fullWidth": 2,
                        "text": "=",
                        "hasTrailingTrivia": true
                    },
                    "_right": {
                        "kind": "StringLiteralExpression",
                        "_literalToken": {
                            "kind": "StringLiteral",
                            "start": 397,
                            "width": 2,
                            "text": "''"
                        }
                    }
                },
                "_semicolonToken": {
                    "kind": "SemicolonToken",
                    "start": 399,
                    "width": 1,
                    "fullWidth": 2,
                    "text": ";",
                    "hasTrailingTrivia": true,
                    "hasTrailingNewLineTrivia": true
                }
            },
            {
                "kind": "ExpressionStatement",
                "_expression": {
                    "kind": "AssignmentExpression",
                    "_left": {
                        "kind": "IdentifierName",
                        "_identifier": {
                            "kind": "IdentifierNameToken",
                            "start": 401,
                            "width": 1,
                            "fullWidth": 2,
                            "text": "x",
                            "valueText": "x",
                            "hasTrailingTrivia": true
                        }
                    },
                    "_operatorToken": {
                        "kind": "EqualsToken",
                        "start": 403,
                        "width": 1,
                        "fullWidth": 2,
                        "text": "=",
                        "hasTrailingTrivia": true
                    },
                    "_right": {
                        "kind": "NumericLiteralExpression",
                        "_literalToken": {
                            "kind": "NumericLiteral",
                            "start": 405,
                            "width": 1,
                            "text": "1"
                        }
                    }
                },
                "_semicolonToken": {
                    "kind": "SemicolonToken",
                    "start": 406,
                    "width": 1,
                    "fullWidth": 2,
                    "text": ";",
                    "hasTrailingTrivia": true,
                    "hasTrailingNewLineTrivia": true
                }
            },
            {
                "kind": "ExpressionStatement",
                "_expression": {
                    "kind": "AssignmentExpression",
                    "_left": {
                        "kind": "IdentifierName",
                        "_identifier": {
                            "kind": "IdentifierNameToken",
                            "start": 408,
                            "width": 1,
                            "fullWidth": 2,
                            "text": "y",
                            "valueText": "y",
                            "hasTrailingTrivia": true
                        }
                    },
                    "_operatorToken": {
                        "kind": "EqualsToken",
                        "start": 410,
                        "width": 1,
                        "fullWidth": 2,
                        "text": "=",
                        "hasTrailingTrivia": true
                    },
                    "_right": {
                        "kind": "NumericLiteralExpression",
                        "_literalToken": {
                            "kind": "NumericLiteral",
                            "start": 412,
                            "width": 1,
                            "text": "2"
                        }
                    }
                },
                "_semicolonToken": {
                    "kind": "SemicolonToken",
                    "start": 413,
                    "width": 1,
                    "fullWidth": 2,
                    "text": ";",
                    "hasTrailingTrivia": true,
                    "hasTrailingNewLineTrivia": true
                }
            },
            {
                "kind": "ForInStatement",
                "_statement": {
                    "kind": "Block",
                    "_openBraceToken": {
                        "kind": "OpenBraceToken",
                        "start": 430,
                        "width": 1,
                        "fullWidth": 2,
                        "text": "{",
                        "hasTrailingTrivia": true,
                        "hasTrailingNewLineTrivia": true
                    },
                    "_statements": [
                        {
                            "kind": "ExpressionStatement",
                            "_expression": {
                                "kind": "AddAssignmentExpression",
                                "_left": {
                                    "kind": "IdentifierName",
                                    "_identifier": {
                                        "kind": "IdentifierNameToken",
                                        "start": 434,
                                        "fullStart": 432,
                                        "width": 4,
                                        "fullWidth": 6,
                                        "text": "str1",
                                        "valueText": "str1",
                                        "hasLeadingTrivia": true
                                    }
                                },
                                "_operatorToken": {
                                    "kind": "PlusEqualsToken",
                                    "start": 438,
                                    "width": 2,
                                    "text": "+="
                                },
                                "_right": {
                                    "kind": "IdentifierName",
                                    "_identifier": {
                                        "kind": "IdentifierNameToken",
                                        "start": 440,
                                        "width": 1,
                                        "text": "i",
                                        "valueText": "i"
                                    }
                                }
                            },
                            "_semicolonToken": {
                                "kind": "SemicolonToken",
                                "start": 441,
                                "width": 1,
                                "fullWidth": 2,
                                "text": ";",
                                "hasTrailingTrivia": true,
                                "hasTrailingNewLineTrivia": true
                            }
                        }
                    ],
                    "_closeBraceToken": {
                        "kind": "CloseBraceToken",
                        "start": 443,
                        "width": 1,
                        "fullWidth": 2,
                        "text": "}",
                        "hasTrailingTrivia": true,
                        "hasTrailingNewLineTrivia": true
                    }
                },
                "_forKeyword": {
                    "kind": "IdentifierNameToken",
                    "keywordKind": "ForKeyword",
                    "start": 416,
                    "fullStart": 415,
                    "width": 3,
                    "fullWidth": 4,
                    "text": "for",
                    "hasLeadingTrivia": true,
                    "hasLeadingNewLineTrivia": true
                },
                "_openParenToken": {
                    "kind": "OpenParenToken",
                    "start": 419,
                    "width": 1,
                    "text": "("
                },
                "_closeParenToken": {
                    "kind": "CloseParenToken",
                    "start": 429,
                    "width": 1,
                    "text": ")"
                },
                "_left": {
                    "kind": "IdentifierName",
                    "_identifier": {
                        "kind": "IdentifierNameToken",
                        "start": 420,
                        "width": 1,
                        "fullWidth": 2,
                        "text": "i",
                        "valueText": "i",
                        "hasTrailingTrivia": true
                    }
                },
                "_inKeyword": {
                    "kind": "IdentifierNameToken",
                    "keywordKind": "InKeyword",
                    "start": 422,
                    "width": 2,
                    "fullWidth": 3,
                    "text": "in",
                    "hasTrailingTrivia": true
                },
                "_expression": {
                    "kind": "ThisExpression",
                    "_thisKeyword": {
                        "kind": "IdentifierNameToken",
                        "keywordKind": "ThisKeyword",
                        "start": 425,
                        "width": 4,
                        "text": "this"
                    }
                }
            },
            {
                "kind": "ExpressionStatement",
                "_expression": {
                    "kind": "InvocationExpression",
                    "_expression": {
                        "kind": "IdentifierName",
                        "_identifier": {
                            "kind": "IdentifierNameToken",
                            "start": 446,
                            "fullStart": 445,
                            "width": 4,
                            "fullWidth": 5,
                            "text": "eval",
                            "valueText": "eval",
                            "hasLeadingTrivia": true,
                            "hasLeadingNewLineTrivia": true
                        }
                    },
                    "_argumentList": {
                        "kind": "ArgumentList",
                        "_openParenToken": {
                            "kind": "OpenParenToken",
                            "start": 450,
                            "width": 1,
                            "text": "("
                        },
                        "_arguments": [
                            {
                                "kind": "StringLiteralExpression",
                                "_literalToken": {
                                    "kind": "StringLiteral",
                                    "start": 451,
                                    "width": 30,
                                    "text": "'for(j in this){\\nstr2+=j;\\n}'"
                                }
                            }
                        ],
                        "_closeParenToken": {
                            "kind": "CloseParenToken",
                            "start": 481,
                            "width": 1,
                            "text": ")"
                        }
                    }
                },
                "_semicolonToken": {
                    "kind": "SemicolonToken",
                    "start": 482,
                    "width": 1,
                    "fullWidth": 2,
                    "text": ";",
                    "hasTrailingTrivia": true,
                    "hasTrailingNewLineTrivia": true
                }
            },
            {
                "kind": "IfStatement",
                "_ifKeyword": {
                    "kind": "IdentifierNameToken",
                    "keywordKind": "IfKeyword",
                    "start": 485,
                    "fullStart": 484,
                    "width": 2,
                    "fullWidth": 3,
                    "text": "if",
                    "hasLeadingTrivia": true,
                    "hasLeadingNewLineTrivia": true
                },
                "_openParenToken": {
                    "kind": "OpenParenToken",
                    "start": 487,
                    "width": 1,
                    "text": "("
                },
                "_condition": {
                    "kind": "LogicalNotExpression",
                    "_operatorToken": {
                        "kind": "ExclamationToken",
                        "start": 488,
                        "width": 1,
                        "text": "!"
                    },
                    "_operand": {
                        "kind": "ParenthesizedExpression",
                        "_openParenToken": {
                            "kind": "OpenParenToken",
                            "start": 489,
                            "width": 1,
                            "text": "("
                        },
                        "_expression": {
                            "kind": "EqualsExpression",
                            "_left": {
                                "kind": "IdentifierName",
                                "_identifier": {
                                    "kind": "IdentifierNameToken",
                                    "start": 490,
                                    "width": 4,
                                    "fullWidth": 5,
                                    "text": "str1",
                                    "valueText": "str1",
                                    "hasTrailingTrivia": true
                                }
                            },
                            "_operatorToken": {
                                "kind": "EqualsEqualsEqualsToken",
                                "start": 495,
                                "width": 3,
                                "fullWidth": 4,
                                "text": "===",
                                "hasTrailingTrivia": true
                            },
                            "_right": {
                                "kind": "IdentifierName",
                                "_identifier": {
                                    "kind": "IdentifierNameToken",
                                    "start": 499,
                                    "width": 4,
                                    "text": "str2",
                                    "valueText": "str2"
                                }
                            }
                        },
                        "_closeParenToken": {
                            "kind": "CloseParenToken",
                            "start": 503,
                            "width": 1,
                            "text": ")"
                        }
                    }
                },
                "_closeParenToken": {
                    "kind": "CloseParenToken",
                    "start": 504,
                    "width": 1,
                    "text": ")"
                },
                "_statement": {
                    "kind": "Block",
                    "_openBraceToken": {
                        "kind": "OpenBraceToken",
                        "start": 505,
                        "width": 1,
                        "fullWidth": 2,
                        "text": "{",
                        "hasTrailingTrivia": true,
                        "hasTrailingNewLineTrivia": true
                    },
                    "_statements": [
                        {
                            "kind": "ExpressionStatement",
                            "_expression": {
                                "kind": "InvocationExpression",
                                "_expression": {
                                    "kind": "IdentifierName",
                                    "_identifier": {
                                        "kind": "IdentifierNameToken",
                                        "start": 509,
                                        "fullStart": 507,
                                        "width": 6,
                                        "fullWidth": 8,
                                        "text": "$ERROR",
                                        "valueText": "$ERROR",
                                        "hasLeadingTrivia": true
                                    }
                                },
                                "_argumentList": {
                                    "kind": "ArgumentList",
                                    "_openParenToken": {
                                        "kind": "OpenParenToken",
                                        "start": 515,
                                        "width": 1,
                                        "text": "("
                                    },
                                    "_arguments": [
                                        {
                                            "kind": "StringLiteralExpression",
                                            "_literalToken": {
                                                "kind": "StringLiteral",
                                                "start": 516,
                                                "width": 84,
                                                "text": "\"#1: scope chain must contain same objects in the same order as the calling context\""
                                            }
                                        }
                                    ],
                                    "_closeParenToken": {
                                        "kind": "CloseParenToken",
                                        "start": 600,
                                        "width": 1,
                                        "text": ")"
                                    }
                                }
                            },
                            "_semicolonToken": {
                                "kind": "SemicolonToken",
                                "start": 601,
                                "width": 1,
                                "fullWidth": 2,
                                "text": ";",
                                "hasTrailingTrivia": true,
                                "hasTrailingNewLineTrivia": true
                            }
                        }
                    ],
                    "_closeBraceToken": {
                        "kind": "CloseBraceToken",
                        "start": 603,
                        "width": 1,
                        "fullWidth": 2,
                        "text": "}",
                        "hasTrailingTrivia": true,
                        "hasTrailingNewLineTrivia": true
                    }
                }
            }
        ],
        "_endOfFileToken": {
            "kind": "EndOfFileToken",
            "start": 606,
            "fullStart": 605,
            "width": 0,
            "fullWidth": 1,
            "text": "",
            "hasLeadingTrivia": true,
            "hasLeadingNewLineTrivia": true
        }
    }
}