{
    "_sourceUnit": {
        "kind": "SourceUnit",
        "_moduleElements": [
            {
                "kind": "TryStatement",
                "_tryKeyword": {
                    "kind": "IdentifierNameToken",
                    "keywordKind": "TryKeyword",
                    "start": 541,
                    "fullStart": 0,
                    "width": 3,
                    "fullWidth": 545,
                    "text": "try",
                    "hasLeadingTrivia": true,
                    "hasLeadingCommentTrivia": true,
                    "hasLeadingNewLineTrivia": true,
                    "hasTrailingTrivia": true
                },
                "_block": {
                    "kind": "Block",
                    "_openBraceToken": {
                        "kind": "OpenBraceToken",
                        "start": 545,
                        "width": 1,
                        "fullWidth": 2,
                        "text": "{",
                        "hasTrailingTrivia": true,
                        "hasTrailingNewLineTrivia": true
                    },
                    "_statements": [
                        {
                            "kind": "ExpressionStatement",
                            "_expression": {
                                "kind": "InvocationExpression",
                                "_expression": {
                                    "kind": "IdentifierName",
                                    "_identifier": {
                                        "kind": "IdentifierNameToken",
                                        "start": 549,
                                        "fullStart": 547,
                                        "width": 6,
                                        "fullWidth": 8,
                                        "text": "$ERROR",
                                        "valueText": "$ERROR",
                                        "hasLeadingTrivia": true
                                    }
                                },
                                "_argumentList": {
                                    "kind": "ArgumentList",
                                    "_openParenToken": {
                                        "kind": "OpenParenToken",
                                        "start": 555,
                                        "width": 1,
                                        "text": "("
                                    },
                                    "_arguments": [
                                        {
                                            "kind": "AddExpression",
                                            "_left": {
                                                "kind": "StringLiteralExpression",
                                                "_literalToken": {
                                                    "kind": "StringLiteral",
                                                    "start": 556,
                                                    "width": 102,
                                                    "fullWidth": 103,
                                                    "text": "'#1.1: /[a-z]/.exec({toString:void 0, valueOf:function(){throw \"invalof\"}}) throw \"invalof\". Actual: '",
                                                    "hasTrailingTrivia": true
                                                }
                                            },
                                            "_operatorToken": {
                                                "kind": "PlusToken",
                                                "start": 659,
                                                "width": 1,
                                                "fullWidth": 2,
                                                "text": "+",
                                                "hasTrailingTrivia": true
                                            },
                                            "_right": {
                                                "kind": "ParenthesizedExpression",
                                                "_openParenToken": {
                                                    "kind": "OpenParenToken",
                                                    "start": 661,
                                                    "width": 1,
                                                    "text": "("
                                                },
                                                "_expression": {
                                                    "kind": "InvocationExpression",
                                                    "_expression": {
                                                        "kind": "MemberAccessExpression",
                                                        "_expression": {
                                                            "kind": "RegularExpressionLiteralExpression",
                                                            "_literalToken": {
                                                                "kind": "RegularExpressionLiteral",
                                                                "start": 662,
                                                                "width": 7,
                                                                "text": "/[a-z]/"
                                                            }
                                                        },
                                                        "_dotToken": {
                                                            "kind": "DotToken",
                                                            "start": 669,
                                                            "width": 1,
                                                            "text": "."
                                                        },
                                                        "_identifierName": {
                                                            "kind": "IdentifierName",
                                                            "_identifier": {
                                                                "kind": "IdentifierNameToken",
                                                                "start": 670,
                                                                "width": 4,
                                                                "text": "exec",
                                                                "valueText": "exec"
                                                            }
                                                        }
                                                    },
                                                    "_argumentList": {
                                                        "kind": "ArgumentList",
                                                        "_openParenToken": {
                                                            "kind": "OpenParenToken",
                                                            "start": 674,
                                                            "width": 1,
                                                            "text": "("
                                                        },
                                                        "_arguments": [
                                                            {
                                                                "kind": "ObjectLiteralExpression",
                                                                "_openBraceToken": {
                                                                    "kind": "OpenBraceToken",
                                                                    "start": 675,
                                                                    "width": 1,
                                                                    "text": "{"
                                                                },
                                                                "_propertyAssignments": [
                                                                    {
                                                                        "kind": "SimplePropertyAssignment",
                                                                        "_propertyName": {
                                                                            "kind": "IdentifierNameToken",
                                                                            "start": 676,
                                                                            "width": 8,
                                                                            "text": "toString",
                                                                            "valueText": "toString"
                                                                        },
                                                                        "_colonToken": {
                                                                            "kind": "ColonToken",
                                                                            "start": 684,
                                                                            "width": 1,
                                                                            "text": ":"
                                                                        },
                                                                        "_expression": {
                                                                            "kind": "VoidExpression",
                                                                            "_voidKeyword": {
                                                                                "kind": "IdentifierNameToken",
                                                                                "keywordKind": "VoidKeyword",
                                                                                "start": 685,
                                                                                "width": 4,
                                                                                "fullWidth": 5,
                                                                                "text": "void",
                                                                                "hasTrailingTrivia": true
                                                                            },
                                                                            "_expression": {
                                                                                "kind": "NumericLiteralExpression",
                                                                                "_literalToken": {
                                                                                    "kind": "NumericLiteral",
                                                                                    "start": 690,
                                                                                    "width": 1,
                                                                                    "text": "0"
                                                                                }
                                                                            }
                                                                        }
                                                                    },
                                                                    {
                                                                        "kind": "CommaToken",
                                                                        "start": 691,
                                                                        "width": 1,
                                                                        "fullWidth": 2,
                                                                        "text": ",",
                                                                        "hasTrailingTrivia": true
                                                                    },
                                                                    {
                                                                        "kind": "SimplePropertyAssignment",
                                                                        "_propertyName": {
                                                                            "kind": "IdentifierNameToken",
                                                                            "start": 693,
                                                                            "width": 7,
                                                                            "text": "valueOf",
                                                                            "valueText": "valueOf"
                                                                        },
                                                                        "_colonToken": {
                                                                            "kind": "ColonToken",
                                                                            "start": 700,
                                                                            "width": 1,
                                                                            "text": ":"
                                                                        },
                                                                        "_expression": {
                                                                            "kind": "FunctionExpression",
                                                                            "_functionKeyword": {
                                                                                "kind": "IdentifierNameToken",
                                                                                "keywordKind": "FunctionKeyword",
                                                                                "start": 701,
                                                                                "width": 8,
                                                                                "text": "function"
                                                                            },
                                                                            "_callSignature": {
                                                                                "kind": "CallSignature",
                                                                                "_parameterList": {
                                                                                    "kind": "ParameterList",
                                                                                    "_openParenToken": {
                                                                                        "kind": "OpenParenToken",
                                                                                        "start": 709,
                                                                                        "width": 1,
                                                                                        "text": "("
                                                                                    },
                                                                                    "_parameters": [],
                                                                                    "_closeParenToken": {
                                                                                        "kind": "CloseParenToken",
                                                                                        "start": 710,
                                                                                        "width": 1,
                                                                                        "text": ")"
                                                                                    }
                                                                                }
                                                                            },
                                                                            "_block": {
                                                                                "kind": "Block",
                                                                                "_openBraceToken": {
                                                                                    "kind": "OpenBraceToken",
                                                                                    "start": 711,
                                                                                    "width": 1,
                                                                                    "text": "{"
                                                                                },
                                                                                "_statements": [
                                                                                    {
                                                                                        "kind": "ThrowStatement",
                                                                                        "_throwKeyword": {
                                                                                            "kind": "IdentifierNameToken",
                                                                                            "keywordKind": "ThrowKeyword",
                                                                                            "start": 712,
                                                                                            "width": 5,
                                                                                            "fullWidth": 6,
                                                                                            "text": "throw",
                                                                                            "hasTrailingTrivia": true
                                                                                        },
                                                                                        "_expression": {
                                                                                            "kind": "StringLiteralExpression",
                                                                                            "_literalToken": {
                                                                                                "kind": "StringLiteral",
                                                                                                "start": 718,
                                                                                                "width": 9,
                                                                                                "text": "\"invalof\""
                                                                                            }
                                                                                        },
                                                                                        "_semicolonToken": {
                                                                                            "kind": "SemicolonToken",
                                                                                            "start": 727,
                                                                                            "width": 0,
                                                                                            "isMissing": true,
                                                                                            "text": ""
                                                                                        }
                                                                                    }
                                                                                ],
                                                                                "_closeBraceToken": {
                                                                                    "kind": "CloseBraceToken",
                                                                                    "start": 727,
                                                                                    "width": 1,
                                                                                    "text": "}"
                                                                                }
                                                                            }
                                                                        }
                                                                    }
                                                                ],
                                                                "_closeBraceToken": {
                                                                    "kind": "CloseBraceToken",
                                                                    "start": 728,
                                                                    "width": 1,
                                                                    "text": "}"
                                                                }
                                                            }
                                                        ],
                                                        "_closeParenToken": {
                                                            "kind": "CloseParenToken",
                                                            "start": 729,
                                                            "width": 1,
                                                            "text": ")"
                                                        }
                                                    }
                                                },
                                                "_closeParenToken": {
                                                    "kind": "CloseParenToken",
                                                    "start": 730,
                                                    "width": 1,
                                                    "text": ")"
                                                }
                                            }
                                        }
                                    ],
                                    "_closeParenToken": {
                                        "kind": "CloseParenToken",
                                        "start": 731,
                                        "width": 1,
                                        "text": ")"
                                    }
                                }
                            },
                            "_semicolonToken": {
                                "kind": "SemicolonToken",
                                "start": 732,
                                "width": 1,
                                "fullWidth": 2,
                                "text": ";",
                                "hasTrailingTrivia": true,
                                "hasTrailingNewLineTrivia": true
                            }
                        }
                    ],
                    "_closeBraceToken": {
                        "kind": "CloseBraceToken",
                        "start": 734,
                        "width": 1,
                        "fullWidth": 2,
                        "text": "}",
                        "hasTrailingTrivia": true
                    }
                },
                "_catchClause": {
                    "kind": "CatchClause",
                    "_catchKeyword": {
                        "kind": "IdentifierNameToken",
                        "keywordKind": "CatchKeyword",
                        "start": 736,
                        "width": 5,
                        "fullWidth": 6,
                        "text": "catch",
                        "hasTrailingTrivia": true
                    },
                    "_openParenToken": {
                        "kind": "OpenParenToken",
                        "start": 742,
                        "width": 1,
                        "text": "("
                    },
                    "_identifier": {
                        "kind": "IdentifierNameToken",
                        "start": 743,
                        "width": 1,
                        "text": "e",
                        "valueText": "e"
                    },
                    "_closeParenToken": {
                        "kind": "CloseParenToken",
                        "start": 744,
                        "width": 1,
                        "fullWidth": 2,
                        "text": ")",
                        "hasTrailingTrivia": true
                    },
                    "_block": {
                        "kind": "Block",
                        "_openBraceToken": {
                            "kind": "OpenBraceToken",
                            "start": 746,
                            "width": 1,
                            "fullWidth": 2,
                            "text": "{",
                            "hasTrailingTrivia": true,
                            "hasTrailingNewLineTrivia": true
                        },
                        "_statements": [
                            {
                                "kind": "IfStatement",
                                "_ifKeyword": {
                                    "kind": "IdentifierNameToken",
                                    "keywordKind": "IfKeyword",
                                    "start": 750,
                                    "fullStart": 748,
                                    "width": 2,
                                    "fullWidth": 5,
                                    "text": "if",
                                    "hasLeadingTrivia": true,
                                    "hasTrailingTrivia": true
                                },
                                "_openParenToken": {
                                    "kind": "OpenParenToken",
                                    "start": 753,
                                    "width": 1,
                                    "text": "("
                                },
                                "_condition": {
                                    "kind": "NotEqualsExpression",
                                    "_left": {
                                        "kind": "IdentifierName",
                                        "_identifier": {
                                            "kind": "IdentifierNameToken",
                                            "start": 754,
                                            "width": 1,
                                            "fullWidth": 2,
                                            "text": "e",
                                            "valueText": "e",
                                            "hasTrailingTrivia": true
                                        }
                                    },
                                    "_operatorToken": {
                                        "kind": "ExclamationEqualsEqualsToken",
                                        "start": 756,
                                        "width": 3,
                                        "fullWidth": 4,
                                        "text": "!==",
                                        "hasTrailingTrivia": true
                                    },
                                    "_right": {
                                        "kind": "StringLiteralExpression",
                                        "_literalToken": {
                                            "kind": "StringLiteral",
                                            "start": 760,
                                            "width": 9,
                                            "text": "\"invalof\""
                                        }
                                    }
                                },
                                "_closeParenToken": {
                                    "kind": "CloseParenToken",
                                    "start": 769,
                                    "width": 1,
                                    "fullWidth": 2,
                                    "text": ")",
                                    "hasTrailingTrivia": true
                                },
                                "_statement": {
                                    "kind": "Block",
                                    "_openBraceToken": {
                                        "kind": "OpenBraceToken",
                                        "start": 771,
                                        "width": 1,
                                        "fullWidth": 2,
                                        "text": "{",
                                        "hasTrailingTrivia": true,
                                        "hasTrailingNewLineTrivia": true
                                    },
                                    "_statements": [
                                        {
                                            "kind": "ExpressionStatement",
                                            "_expression": {
                                                "kind": "InvocationExpression",
                                                "_expression": {
                                                    "kind": "IdentifierName",
                                                    "_identifier": {
                                                        "kind": "IdentifierNameToken",
                                                        "start": 777,
                                                        "fullStart": 773,
                                                        "width": 6,
                                                        "fullWidth": 10,
                                                        "text": "$ERROR",
                                                        "valueText": "$ERROR",
                                                        "hasLeadingTrivia": true
                                                    }
                                                },
                                                "_argumentList": {
                                                    "kind": "ArgumentList",
                                                    "_openParenToken": {
                                                        "kind": "OpenParenToken",
                                                        "start": 783,
                                                        "width": 1,
                                                        "text": "("
                                                    },
                                                    "_arguments": [
                                                        {
                                                            "kind": "AddExpression",
                                                            "_left": {
                                                                "kind": "StringLiteralExpression",
                                                                "_literalToken": {
                                                                    "kind": "StringLiteral",
                                                                    "start": 784,
                                                                    "width": 102,
                                                                    "fullWidth": 103,
                                                                    "text": "'#1.2: /[a-z]/.exec({toString:void 0, valueOf:function(){throw \"invalof\"}}) throw \"invalof\". Actual: '",
                                                                    "hasTrailingTrivia": true
                                                                }
                                                            },
                                                            "_operatorToken": {
                                                                "kind": "PlusToken",
                                                                "start": 887,
                                                                "width": 1,
                                                                "fullWidth": 2,
                                                                "text": "+",
                                                                "hasTrailingTrivia": true
                                                            },
                                                            "_right": {
                                                                "kind": "ParenthesizedExpression",
                                                                "_openParenToken": {
                                                                    "kind": "OpenParenToken",
                                                                    "start": 889,
                                                                    "width": 1,
                                                                    "text": "("
                                                                },
                                                                "_expression": {
                                                                    "kind": "IdentifierName",
                                                                    "_identifier": {
                                                                        "kind": "IdentifierNameToken",
                                                                        "start": 890,
                                                                        "width": 1,
                                                                        "text": "e",
                                                                        "valueText": "e"
                                                                    }
                                                                },
                                                                "_closeParenToken": {
                                                                    "kind": "CloseParenToken",
                                                                    "start": 891,
                                                                    "width": 1,
                                                                    "text": ")"
                                                                }
                                                            }
                                                        }
                                                    ],
                                                    "_closeParenToken": {
                                                        "kind": "CloseParenToken",
                                                        "start": 892,
                                                        "width": 1,
                                                        "text": ")"
                                                    }
                                                }
                                            },
                                            "_semicolonToken": {
                                                "kind": "SemicolonToken",
                                                "start": 893,
                                                "width": 1,
                                                "fullWidth": 2,
                                                "text": ";",
                                                "hasTrailingTrivia": true,
                                                "hasTrailingNewLineTrivia": true
                                            }
                                        }
                                    ],
                                    "_closeBraceToken": {
                                        "kind": "CloseBraceToken",
                                        "start": 897,
                                        "fullStart": 895,
                                        "width": 1,
                                        "fullWidth": 4,
                                        "text": "}",
                                        "hasLeadingTrivia": true,
                                        "hasTrailingTrivia": true,
                                        "hasTrailingNewLineTrivia": true
                                    }
                                }
                            }
                        ],
                        "_closeBraceToken": {
                            "kind": "CloseBraceToken",
                            "start": 899,
                            "width": 1,
                            "fullWidth": 2,
                            "text": "}",
                            "hasTrailingTrivia": true,
                            "hasTrailingNewLineTrivia": true
                        }
                    }
                }
            }
        ],
        "_endOfFileToken": {
            "kind": "EndOfFileToken",
            "start": 903,
            "fullStart": 901,
            "width": 0,
            "fullWidth": 2,
            "text": "",
            "hasLeadingTrivia": true,
            "hasLeadingNewLineTrivia": true
        }
    }
}