{
    "isDeclaration": false,
    "languageVersion": "EcmaScript5",
    "parseOptions": {
        "allowAutomaticSemicolonInsertion": true,
        "allowModuleKeywordInExternalModuleReference": true
    },
    "sourceUnit": {
        "kind": "SourceUnit",
        "fullWidth": 531,
        "moduleElements": [
            {
                "kind": "IfStatement",
                "fullWidth": 530,
                "ifKeyword": {
                    "kind": "IfKeyword",
                    "width": 2,
                    "fullWidth": 389,
                    "text": "if",
                    "value": "if",
                    "valueText": "if",
                    "hasLeadingTrivia": true,
                    "hasLeadingComment": true,
                    "hasLeadingNewLine": true,
                    "hasTrailingTrivia": true,
                    "leadingTrivia": [
                        {
                            "kind": "SingleLineCommentTrivia",
                            "text": "// Copyright 2009 the Sputnik authors.  All rights reserved."
                        },
                        {
                            "kind": "NewLineTrivia",
                            "text": "\n"
                        },
                        {
                            "kind": "SingleLineCommentTrivia",
                            "text": "// This code is governed by the BSD license found in the LICENSE file."
                        },
                        {
                            "kind": "NewLineTrivia",
                            "text": "\n"
                        },
                        {
                            "kind": "NewLineTrivia",
                            "text": "\n"
                        },
                        {
                            "kind": "MultiLineCommentTrivia",
                            "text": "/**\n * The value of the internal [[Prototype]] property of the Number\n * prototype object is the Object prototype object\n *\n * @path ch15/15.7/15.7.4/S15.7.4_A2.js\n * @description Checking Object.prototype.isPrototypeOf(Number.prototype)\n */"
                        },
                        {
                            "kind": "NewLineTrivia",
                            "text": "\n"
                        },
                        {
                            "kind": "NewLineTrivia",
                            "text": "\n"
                        },
                        {
                            "kind": "SingleLineCommentTrivia",
                            "text": "//CHECK#1"
                        },
                        {
                            "kind": "NewLineTrivia",
                            "text": "\n"
                        }
                    ],
                    "trailingTrivia": [
                        {
                            "kind": "WhitespaceTrivia",
                            "text": " "
                        }
                    ]
                },
                "openParenToken": {
                    "kind": "OpenParenToken",
                    "width": 1,
                    "text": "(",
                    "value": "(",
                    "valueText": "("
                },
                "condition": {
                    "kind": "LogicalNotExpression",
                    "fullWidth": 49,
                    "operatorToken": {
                        "kind": "ExclamationToken",
                        "width": 1,
                        "text": "!",
                        "value": "!",
                        "valueText": "!"
                    },
                    "operand": {
                        "kind": "InvocationExpression",
                        "fullWidth": 48,
                        "expression": {
                            "kind": "MemberAccessExpression",
                            "fullWidth": 30,
                            "expression": {
                                "kind": "MemberAccessExpression",
                                "fullWidth": 16,
                                "expression": {
                                    "kind": "IdentifierName",
                                    "width": 6,
                                    "text": "Object",
                                    "value": "Object",
                                    "valueText": "Object"
                                },
                                "dotToken": {
                                    "kind": "DotToken",
                                    "width": 1,
                                    "text": ".",
                                    "value": ".",
                                    "valueText": "."
                                },
                                "name": {
                                    "kind": "IdentifierName",
                                    "width": 9,
                                    "text": "prototype",
                                    "value": "prototype",
                                    "valueText": "prototype"
                                }
                            },
                            "dotToken": {
                                "kind": "DotToken",
                                "width": 1,
                                "text": ".",
                                "value": ".",
                                "valueText": "."
                            },
                            "name": {
                                "kind": "IdentifierName",
                                "width": 13,
                                "text": "isPrototypeOf",
                                "value": "isPrototypeOf",
                                "valueText": "isPrototypeOf"
                            }
                        },
                        "argumentList": {
                            "kind": "ArgumentList",
                            "fullWidth": 18,
                            "openParenToken": {
                                "kind": "OpenParenToken",
                                "width": 1,
                                "text": "(",
                                "value": "(",
                                "valueText": "("
                            },
                            "arguments": [
                                {
                                    "kind": "MemberAccessExpression",
                                    "fullWidth": 16,
                                    "expression": {
                                        "kind": "IdentifierName",
                                        "width": 6,
                                        "text": "Number",
                                        "value": "Number",
                                        "valueText": "Number"
                                    },
                                    "dotToken": {
                                        "kind": "DotToken",
                                        "width": 1,
                                        "text": ".",
                                        "value": ".",
                                        "valueText": "."
                                    },
                                    "name": {
                                        "kind": "IdentifierName",
                                        "width": 9,
                                        "text": "prototype",
                                        "value": "prototype",
                                        "valueText": "prototype"
                                    }
                                }
                            ],
                            "closeParenToken": {
                                "kind": "CloseParenToken",
                                "width": 1,
                                "text": ")",
                                "value": ")",
                                "valueText": ")"
                            }
                        }
                    }
                },
                "closeParenToken": {
                    "kind": "CloseParenToken",
                    "width": 1,
                    "fullWidth": 2,
                    "text": ")",
                    "value": ")",
                    "valueText": ")",
                    "hasTrailingTrivia": true,
                    "trailingTrivia": [
                        {
                            "kind": "WhitespaceTrivia",
                            "text": " "
                        }
                    ]
                },
                "statement": {
                    "kind": "Block",
                    "fullWidth": 89,
                    "openBraceToken": {
                        "kind": "OpenBraceToken",
                        "width": 1,
                        "fullWidth": 2,
                        "text": "{",
                        "value": "{",
                        "valueText": "{",
                        "hasTrailingTrivia": true,
                        "hasTrailingNewLine": true,
                        "trailingTrivia": [
                            {
                                "kind": "NewLineTrivia",
                                "text": "\n"
                            }
                        ]
                    },
                    "statements": [
                        {
                            "kind": "ExpressionStatement",
                            "fullWidth": 85,
                            "expression": {
                                "kind": "InvocationExpression",
                                "fullWidth": 83,
                                "expression": {
                                    "kind": "IdentifierName",
                                    "width": 6,
                                    "fullWidth": 8,
                                    "text": "$ERROR",
                                    "value": "$ERROR",
                                    "valueText": "$ERROR",
                                    "hasLeadingTrivia": true,
                                    "leadingTrivia": [
                                        {
                                            "kind": "WhitespaceTrivia",
                                            "text": "  "
                                        }
                                    ]
                                },
                                "argumentList": {
                                    "kind": "ArgumentList",
                                    "fullWidth": 75,
                                    "openParenToken": {
                                        "kind": "OpenParenToken",
                                        "width": 1,
                                        "text": "(",
                                        "value": "(",
                                        "valueText": "("
                                    },
                                    "arguments": [
                                        {
                                            "kind": "StringLiteral",
                                            "width": 73,
                                            "text": "'#1: Object prototype object is the prototype of Number prototype object'",
                                            "value": "#1: Object prototype object is the prototype of Number prototype object",
                                            "valueText": "#1: Object prototype object is the prototype of Number prototype object"
                                        }
                                    ],
                                    "closeParenToken": {
                                        "kind": "CloseParenToken",
                                        "width": 1,
                                        "text": ")",
                                        "value": ")",
                                        "valueText": ")"
                                    }
                                }
                            },
                            "semicolonToken": {
                                "kind": "SemicolonToken",
                                "width": 1,
                                "fullWidth": 2,
                                "text": ";",
                                "value": ";",
                                "valueText": ";",
                                "hasTrailingTrivia": true,
                                "hasTrailingNewLine": true,
                                "trailingTrivia": [
                                    {
                                        "kind": "NewLineTrivia",
                                        "text": "\n"
                                    }
                                ]
                            }
                        }
                    ],
                    "closeBraceToken": {
                        "kind": "CloseBraceToken",
                        "width": 1,
                        "fullWidth": 2,
                        "text": "}",
                        "value": "}",
                        "valueText": "}",
                        "hasTrailingTrivia": true,
                        "hasTrailingNewLine": true,
                        "trailingTrivia": [
                            {
                                "kind": "NewLineTrivia",
                                "text": "\n"
                            }
                        ]
                    }
                }
            }
        ],
        "endOfFileToken": {
            "kind": "EndOfFileToken",
            "width": 0,
            "fullWidth": 1,
            "text": "",
            "hasLeadingTrivia": true,
            "hasLeadingNewLine": true,
            "leadingTrivia": [
                {
                    "kind": "NewLineTrivia",
                    "text": "\n"
                }
            ]
        }
    },
    "lineMap": {
        "lineStarts": [
            0,
            61,
            132,
            133,
            137,
            203,
            254,
            257,
            297,
            371,
            375,
            376,
            386,
            443,
            528,
            530,
            531
        ],
        "length": 531
    }
}