{
    "_sourceUnit": {
        "kind": "SourceUnit",
        "_moduleElements": [
            {
                "kind": "FunctionDeclaration",
                "_functionKeyword": {
                    "kind": "IdentifierNameToken",
                    "keywordKind": "FunctionKeyword",
                    "start": 541,
                    "fullStart": 0,
                    "width": 8,
                    "fullWidth": 550,
                    "text": "function",
                    "hasLeadingTrivia": true,
                    "hasLeadingCommentTrivia": true,
                    "hasLeadingNewLineTrivia": true,
                    "hasTrailingTrivia": true,
                    "leadingTrivia": [
                        {
                            "kind": "SingleLineCommentTrivia",
                            "fullStart": 0,
                            "text": "/// Copyright (c) 2012 Ecma International.  All rights reserved. "
                        },
                        {
                            "kind": "NewLineTrivia",
                            "fullStart": 65,
                            "text": "\r\n"
                        },
                        {
                            "kind": "SingleLineCommentTrivia",
                            "fullStart": 67,
                            "text": "/// Ecma International makes this code available under the terms and conditions set"
                        },
                        {
                            "kind": "NewLineTrivia",
                            "fullStart": 150,
                            "text": "\r\n"
                        },
                        {
                            "kind": "SingleLineCommentTrivia",
                            "fullStart": 152,
                            "text": "/// forth on http://hg.ecmascript.org/tests/test262/raw-file/tip/LICENSE (the "
                        },
                        {
                            "kind": "NewLineTrivia",
                            "fullStart": 230,
                            "text": "\r\n"
                        },
                        {
                            "kind": "SingleLineCommentTrivia",
                            "fullStart": 232,
                            "text": "/// \"Use Terms\").   Any redistribution of this code must retain the above "
                        },
                        {
                            "kind": "NewLineTrivia",
                            "fullStart": 306,
                            "text": "\r\n"
                        },
                        {
                            "kind": "SingleLineCommentTrivia",
                            "fullStart": 308,
                            "text": "/// copyright and this notice and otherwise comply with the Use Terms."
                        },
                        {
                            "kind": "NewLineTrivia",
                            "fullStart": 378,
                            "text": "\r\n"
                        },
                        {
                            "kind": "MultiLineCommentTrivia",
                            "fullStart": 380,
                            "text": "/**\r\n * @path ch15/15.2/15.2.3/15.2.3.2/15.2.3.2-2-12.js\r\n * @description Object.getPrototypeOf returns the [[Prototype]] of its parameter (EvalError)\r\n */"
                        },
                        {
                            "kind": "NewLineTrivia",
                            "fullStart": 535,
                            "text": "\r\n"
                        },
                        {
                            "kind": "NewLineTrivia",
                            "fullStart": 537,
                            "text": "\r\n"
                        },
                        {
                            "kind": "NewLineTrivia",
                            "fullStart": 539,
                            "text": "\r\n"
                        }
                    ],
                    "trailingTrivia": [
                        {
                            "kind": "WhitespaceTrivia",
                            "fullStart": 0,
                            "text": " "
                        }
                    ]
                },
                "_functionSignature": {
                    "kind": "FunctionSignature",
                    "_identifier": {
                        "kind": "IdentifierNameToken",
                        "start": 550,
                        "width": 8,
                        "text": "testcase",
                        "valueText": "testcase"
                    },
                    "_parameterList": {
                        "kind": "ParameterList",
                        "_openParenToken": {
                            "kind": "OpenParenToken",
                            "start": 558,
                            "width": 1,
                            "text": "("
                        },
                        "_parameters": [],
                        "_closeParenToken": {
                            "kind": "CloseParenToken",
                            "start": 559,
                            "width": 1,
                            "fullWidth": 2,
                            "text": ")",
                            "hasTrailingTrivia": true,
                            "trailingTrivia": [
                                {
                                    "kind": "WhitespaceTrivia",
                                    "fullStart": 0,
                                    "text": " "
                                }
                            ]
                        }
                    }
                },
                "_block": {
                    "kind": "Block",
                    "_openBraceToken": {
                        "kind": "OpenBraceToken",
                        "start": 561,
                        "width": 1,
                        "fullWidth": 3,
                        "text": "{",
                        "hasTrailingTrivia": true,
                        "hasTrailingNewLineTrivia": true,
                        "trailingTrivia": [
                            {
                                "kind": "NewLineTrivia",
                                "fullStart": 0,
                                "text": "\r\n"
                            }
                        ]
                    },
                    "_statements": [
                        {
                            "kind": "IfStatement",
                            "_ifKeyword": {
                                "kind": "IdentifierNameToken",
                                "keywordKind": "IfKeyword",
                                "start": 566,
                                "fullStart": 564,
                                "width": 2,
                                "fullWidth": 5,
                                "text": "if",
                                "hasLeadingTrivia": true,
                                "hasTrailingTrivia": true,
                                "leadingTrivia": [
                                    {
                                        "kind": "WhitespaceTrivia",
                                        "fullStart": 0,
                                        "text": "  "
                                    }
                                ],
                                "trailingTrivia": [
                                    {
                                        "kind": "WhitespaceTrivia",
                                        "fullStart": 0,
                                        "text": " "
                                    }
                                ]
                            },
                            "_openParenToken": {
                                "kind": "OpenParenToken",
                                "start": 569,
                                "width": 1,
                                "text": "("
                            },
                            "_condition": {
                                "kind": "EqualsExpression",
                                "_left": {
                                    "kind": "InvocationExpression",
                                    "_expression": {
                                        "kind": "MemberAccessExpression",
                                        "_expression": {
                                            "kind": "IdentifierName",
                                            "_identifier": {
                                                "kind": "IdentifierNameToken",
                                                "start": 570,
                                                "width": 6,
                                                "text": "Object",
                                                "valueText": "Object"
                                            }
                                        },
                                        "_dotToken": {
                                            "kind": "DotToken",
                                            "start": 576,
                                            "width": 1,
                                            "text": "."
                                        },
                                        "_identifierName": {
                                            "kind": "IdentifierName",
                                            "_identifier": {
                                                "kind": "IdentifierNameToken",
                                                "start": 577,
                                                "width": 14,
                                                "text": "getPrototypeOf",
                                                "valueText": "getPrototypeOf"
                                            }
                                        }
                                    },
                                    "_argumentList": {
                                        "kind": "ArgumentList",
                                        "_openParenToken": {
                                            "kind": "OpenParenToken",
                                            "start": 591,
                                            "width": 1,
                                            "text": "("
                                        },
                                        "_arguments": [
                                            {
                                                "kind": "IdentifierName",
                                                "_identifier": {
                                                    "kind": "IdentifierNameToken",
                                                    "start": 592,
                                                    "width": 9,
                                                    "text": "EvalError",
                                                    "valueText": "EvalError"
                                                }
                                            }
                                        ],
                                        "_closeParenToken": {
                                            "kind": "CloseParenToken",
                                            "start": 601,
                                            "width": 1,
                                            "fullWidth": 2,
                                            "text": ")",
                                            "hasTrailingTrivia": true,
                                            "trailingTrivia": [
                                                {
                                                    "kind": "WhitespaceTrivia",
                                                    "fullStart": 0,
                                                    "text": " "
                                                }
                                            ]
                                        }
                                    }
                                },
                                "_operatorToken": {
                                    "kind": "EqualsEqualsEqualsToken",
                                    "start": 603,
                                    "width": 3,
                                    "fullWidth": 4,
                                    "text": "===",
                                    "hasTrailingTrivia": true,
                                    "trailingTrivia": [
                                        {
                                            "kind": "WhitespaceTrivia",
                                            "fullStart": 0,
                                            "text": " "
                                        }
                                    ]
                                },
                                "_right": {
                                    "kind": "MemberAccessExpression",
                                    "_expression": {
                                        "kind": "IdentifierName",
                                        "_identifier": {
                                            "kind": "IdentifierNameToken",
                                            "start": 607,
                                            "width": 8,
                                            "text": "Function",
                                            "valueText": "Function"
                                        }
                                    },
                                    "_dotToken": {
                                        "kind": "DotToken",
                                        "start": 615,
                                        "width": 1,
                                        "text": "."
                                    },
                                    "_identifierName": {
                                        "kind": "IdentifierName",
                                        "_identifier": {
                                            "kind": "IdentifierNameToken",
                                            "start": 616,
                                            "width": 9,
                                            "text": "prototype",
                                            "valueText": "prototype"
                                        }
                                    }
                                }
                            },
                            "_closeParenToken": {
                                "kind": "CloseParenToken",
                                "start": 625,
                                "width": 1,
                                "fullWidth": 2,
                                "text": ")",
                                "hasTrailingTrivia": true,
                                "trailingTrivia": [
                                    {
                                        "kind": "WhitespaceTrivia",
                                        "fullStart": 0,
                                        "text": " "
                                    }
                                ]
                            },
                            "_statement": {
                                "kind": "Block",
                                "_openBraceToken": {
                                    "kind": "OpenBraceToken",
                                    "start": 627,
                                    "width": 1,
                                    "fullWidth": 3,
                                    "text": "{",
                                    "hasTrailingTrivia": true,
                                    "hasTrailingNewLineTrivia": true,
                                    "trailingTrivia": [
                                        {
                                            "kind": "NewLineTrivia",
                                            "fullStart": 0,
                                            "text": "\r\n"
                                        }
                                    ]
                                },
                                "_statements": [
                                    {
                                        "kind": "ReturnStatement",
                                        "_returnKeyword": {
                                            "kind": "IdentifierNameToken",
                                            "keywordKind": "ReturnKeyword",
                                            "start": 634,
                                            "fullStart": 630,
                                            "width": 6,
                                            "fullWidth": 11,
                                            "text": "return",
                                            "hasLeadingTrivia": true,
                                            "hasTrailingTrivia": true,
                                            "leadingTrivia": [
                                                {
                                                    "kind": "WhitespaceTrivia",
                                                    "fullStart": 0,
                                                    "text": "    "
                                                }
                                            ],
                                            "trailingTrivia": [
                                                {
                                                    "kind": "WhitespaceTrivia",
                                                    "fullStart": 0,
                                                    "text": " "
                                                }
                                            ]
                                        },
                                        "_expression": {
                                            "kind": "BooleanLiteralExpression",
                                            "_literalToken": {
                                                "kind": "IdentifierNameToken",
                                                "keywordKind": "TrueKeyword",
                                                "start": 641,
                                                "width": 4,
                                                "text": "true"
                                            }
                                        },
                                        "_semicolonToken": {
                                            "kind": "SemicolonToken",
                                            "start": 645,
                                            "width": 1,
                                            "fullWidth": 3,
                                            "text": ";",
                                            "hasTrailingTrivia": true,
                                            "hasTrailingNewLineTrivia": true,
                                            "trailingTrivia": [
                                                {
                                                    "kind": "NewLineTrivia",
                                                    "fullStart": 0,
                                                    "text": "\r\n"
                                                }
                                            ]
                                        }
                                    }
                                ],
                                "_closeBraceToken": {
                                    "kind": "CloseBraceToken",
                                    "start": 650,
                                    "fullStart": 648,
                                    "width": 1,
                                    "fullWidth": 5,
                                    "text": "}",
                                    "hasLeadingTrivia": true,
                                    "hasTrailingTrivia": true,
                                    "hasTrailingNewLineTrivia": true,
                                    "leadingTrivia": [
                                        {
                                            "kind": "WhitespaceTrivia",
                                            "fullStart": 0,
                                            "text": "  "
                                        }
                                    ],
                                    "trailingTrivia": [
                                        {
                                            "kind": "NewLineTrivia",
                                            "fullStart": 0,
                                            "text": "\r\n"
                                        }
                                    ]
                                }
                            }
                        }
                    ],
                    "_closeBraceToken": {
                        "kind": "CloseBraceToken",
                        "start": 654,
                        "fullStart": 653,
                        "width": 1,
                        "fullWidth": 4,
                        "text": "}",
                        "hasLeadingTrivia": true,
                        "hasTrailingTrivia": true,
                        "hasTrailingNewLineTrivia": true,
                        "leadingTrivia": [
                            {
                                "kind": "WhitespaceTrivia",
                                "fullStart": 0,
                                "text": " "
                            }
                        ],
                        "trailingTrivia": [
                            {
                                "kind": "NewLineTrivia",
                                "fullStart": 0,
                                "text": "\r\n"
                            }
                        ]
                    }
                }
            },
            {
                "kind": "ExpressionStatement",
                "_expression": {
                    "kind": "InvocationExpression",
                    "_expression": {
                        "kind": "IdentifierName",
                        "_identifier": {
                            "kind": "IdentifierNameToken",
                            "start": 657,
                            "width": 11,
                            "text": "runTestCase",
                            "valueText": "runTestCase"
                        }
                    },
                    "_argumentList": {
                        "kind": "ArgumentList",
                        "_openParenToken": {
                            "kind": "OpenParenToken",
                            "start": 668,
                            "width": 1,
                            "text": "("
                        },
                        "_arguments": [
                            {
                                "kind": "IdentifierName",
                                "_identifier": {
                                    "kind": "IdentifierNameToken",
                                    "start": 669,
                                    "width": 8,
                                    "text": "testcase",
                                    "valueText": "testcase"
                                }
                            }
                        ],
                        "_closeParenToken": {
                            "kind": "CloseParenToken",
                            "start": 677,
                            "width": 1,
                            "text": ")"
                        }
                    }
                },
                "_semicolonToken": {
                    "kind": "SemicolonToken",
                    "start": 678,
                    "width": 1,
                    "fullWidth": 3,
                    "text": ";",
                    "hasTrailingTrivia": true,
                    "hasTrailingNewLineTrivia": true,
                    "trailingTrivia": [
                        {
                            "kind": "NewLineTrivia",
                            "fullStart": 0,
                            "text": "\r\n"
                        }
                    ]
                }
            }
        ],
        "_endOfFileToken": {
            "kind": "EndOfFileToken",
            "start": 681,
            "width": 0,
            "text": ""
        }
    }
}