{
    "isDeclaration": false,
    "languageVersion": "EcmaScript5",
    "parseOptions": {
        "allowAutomaticSemicolonInsertion": true
    },
    "sourceUnit": {
        "kind": "SourceUnit",
        "fullWidth": 524,
        "moduleElements": [
            {
                "kind": "ForInStatement",
                "fullWidth": 522,
                "forKeyword": {
                    "kind": "ForKeyword",
                    "width": 3,
                    "fullWidth": 357,
                    "text": "for",
                    "hasLeadingTrivia": true,
                    "hasLeadingComment": true,
                    "hasLeadingNewLine": true,
                    "leadingTrivia": [
                        {
                            "kind": "SingleLineCommentTrivia",
                            "text": "// Copyright 2009 the Sputnik authors.  All rights reserved."
                        },
                        {
                            "kind": "NewLineTrivia",
                            "text": "\n"
                        },
                        {
                            "kind": "SingleLineCommentTrivia",
                            "text": "// This code is governed by the BSD license found in the LICENSE file."
                        },
                        {
                            "kind": "NewLineTrivia",
                            "text": "\n"
                        },
                        {
                            "kind": "NewLineTrivia",
                            "text": "\n"
                        },
                        {
                            "kind": "MultiLineCommentTrivia",
                            "text": "/**\n * Value Property LOG10E of the Math Object has the attribute DontEnum\n *\n * @path ch15/15.8/15.8.1/15.8.1.5/S15.8.1.5_A2.js\n * @description Checking if Math.LOG10E property has the attribute DontEnum\n */"
                        },
                        {
                            "kind": "NewLineTrivia",
                            "text": "\n"
                        },
                        {
                            "kind": "NewLineTrivia",
                            "text": "\n"
                        },
                        {
                            "kind": "SingleLineCommentTrivia",
                            "text": "// CHECK#1"
                        },
                        {
                            "kind": "NewLineTrivia",
                            "text": "\n"
                        }
                    ]
                },
                "openParenToken": {
                    "kind": "OpenParenToken",
                    "width": 1,
                    "text": "("
                },
                "left": {
                    "kind": "IdentifierName",
                    "width": 1,
                    "fullWidth": 2,
                    "text": "x",
                    "valueText": "x",
                    "hasTrailingTrivia": true,
                    "trailingTrivia": [
                        {
                            "kind": "WhitespaceTrivia",
                            "text": " "
                        }
                    ]
                },
                "inKeyword": {
                    "kind": "InKeyword",
                    "width": 2,
                    "fullWidth": 3,
                    "text": "in",
                    "hasTrailingTrivia": true,
                    "trailingTrivia": [
                        {
                            "kind": "WhitespaceTrivia",
                            "text": " "
                        }
                    ]
                },
                "expression": {
                    "kind": "IdentifierName",
                    "width": 4,
                    "text": "Math",
                    "valueText": "Math"
                },
                "closeParenToken": {
                    "kind": "CloseParenToken",
                    "width": 1,
                    "fullWidth": 2,
                    "text": ")",
                    "hasTrailingTrivia": true,
                    "trailingTrivia": [
                        {
                            "kind": "WhitespaceTrivia",
                            "text": " "
                        }
                    ]
                },
                "statement": {
                    "kind": "Block",
                    "fullWidth": 153,
                    "openBraceToken": {
                        "kind": "OpenBraceToken",
                        "width": 1,
                        "fullWidth": 2,
                        "text": "{",
                        "hasTrailingTrivia": true,
                        "hasTrailingNewLine": true,
                        "trailingTrivia": [
                            {
                                "kind": "NewLineTrivia",
                                "text": "\n"
                            }
                        ]
                    },
                    "statements": [
                        {
                            "kind": "IfStatement",
                            "fullWidth": 149,
                            "ifKeyword": {
                                "kind": "IfKeyword",
                                "width": 2,
                                "fullWidth": 4,
                                "text": "if",
                                "hasLeadingTrivia": true,
                                "leadingTrivia": [
                                    {
                                        "kind": "WhitespaceTrivia",
                                        "text": "  "
                                    }
                                ]
                            },
                            "openParenToken": {
                                "kind": "OpenParenToken",
                                "width": 1,
                                "text": "("
                            },
                            "condition": {
                                "kind": "EqualsExpression",
                                "fullWidth": 14,
                                "left": {
                                    "kind": "IdentifierName",
                                    "width": 1,
                                    "fullWidth": 2,
                                    "text": "x",
                                    "valueText": "x",
                                    "hasTrailingTrivia": true,
                                    "trailingTrivia": [
                                        {
                                            "kind": "WhitespaceTrivia",
                                            "text": " "
                                        }
                                    ]
                                },
                                "operatorToken": {
                                    "kind": "EqualsEqualsEqualsToken",
                                    "width": 3,
                                    "fullWidth": 4,
                                    "text": "===",
                                    "hasTrailingTrivia": true,
                                    "trailingTrivia": [
                                        {
                                            "kind": "WhitespaceTrivia",
                                            "text": " "
                                        }
                                    ]
                                },
                                "right": {
                                    "kind": "StringLiteral",
                                    "width": 8,
                                    "text": "\"LOG10E\""
                                }
                            },
                            "closeParenToken": {
                                "kind": "CloseParenToken",
                                "width": 1,
                                "fullWidth": 2,
                                "text": ")",
                                "hasTrailingTrivia": true,
                                "trailingTrivia": [
                                    {
                                        "kind": "WhitespaceTrivia",
                                        "text": " "
                                    }
                                ]
                            },
                            "statement": {
                                "kind": "Block",
                                "fullWidth": 128,
                                "openBraceToken": {
                                    "kind": "OpenBraceToken",
                                    "width": 1,
                                    "fullWidth": 2,
                                    "text": "{",
                                    "hasTrailingTrivia": true,
                                    "hasTrailingNewLine": true,
                                    "trailingTrivia": [
                                        {
                                            "kind": "NewLineTrivia",
                                            "text": "\n"
                                        }
                                    ]
                                },
                                "statements": [
                                    {
                                        "kind": "ExpressionStatement",
                                        "fullWidth": 122,
                                        "expression": {
                                            "kind": "InvocationExpression",
                                            "fullWidth": 120,
                                            "expression": {
                                                "kind": "IdentifierName",
                                                "width": 6,
                                                "fullWidth": 10,
                                                "text": "$ERROR",
                                                "valueText": "$ERROR",
                                                "hasLeadingTrivia": true,
                                                "leadingTrivia": [
                                                    {
                                                        "kind": "WhitespaceTrivia",
                                                        "text": "    "
                                                    }
                                                ]
                                            },
                                            "argumentList": {
                                                "kind": "ArgumentList",
                                                "fullWidth": 110,
                                                "openParenToken": {
                                                    "kind": "OpenParenToken",
                                                    "width": 1,
                                                    "text": "("
                                                },
                                                "arguments": [
                                                    {
                                                        "kind": "StringLiteral",
                                                        "width": 108,
                                                        "text": "'#1: Value Property LOG10E of the Math Object hasn\\'t attribute DontEnum: \\'for(x in Math) {x===\"LOG10E\"}\\''"
                                                    }
                                                ],
                                                "closeParenToken": {
                                                    "kind": "CloseParenToken",
                                                    "width": 1,
                                                    "text": ")"
                                                }
                                            }
                                        },
                                        "semicolonToken": {
                                            "kind": "SemicolonToken",
                                            "width": 1,
                                            "fullWidth": 2,
                                            "text": ";",
                                            "hasTrailingTrivia": true,
                                            "hasTrailingNewLine": true,
                                            "trailingTrivia": [
                                                {
                                                    "kind": "NewLineTrivia",
                                                    "text": "\n"
                                                }
                                            ]
                                        }
                                    }
                                ],
                                "closeBraceToken": {
                                    "kind": "CloseBraceToken",
                                    "width": 1,
                                    "fullWidth": 4,
                                    "text": "}",
                                    "hasLeadingTrivia": true,
                                    "hasTrailingTrivia": true,
                                    "hasTrailingNewLine": true,
                                    "leadingTrivia": [
                                        {
                                            "kind": "WhitespaceTrivia",
                                            "text": "  "
                                        }
                                    ],
                                    "trailingTrivia": [
                                        {
                                            "kind": "NewLineTrivia",
                                            "text": "\n"
                                        }
                                    ]
                                }
                            }
                        }
                    ],
                    "closeBraceToken": {
                        "kind": "CloseBraceToken",
                        "width": 1,
                        "fullWidth": 2,
                        "text": "}",
                        "hasTrailingTrivia": true,
                        "hasTrailingNewLine": true,
                        "trailingTrivia": [
                            {
                                "kind": "NewLineTrivia",
                                "text": "\n"
                            }
                        ]
                    }
                }
            }
        ],
        "endOfFileToken": {
            "kind": "EndOfFileToken",
            "width": 0,
            "fullWidth": 2,
            "text": "",
            "hasLeadingTrivia": true,
            "hasLeadingNewLine": true,
            "leadingTrivia": [
                {
                    "kind": "NewLineTrivia",
                    "text": "\n"
                },
                {
                    "kind": "NewLineTrivia",
                    "text": "\n"
                }
            ]
        }
    },
    "lineMap": {
        "lineStarts": [
            0,
            61,
            132,
            133,
            137,
            208,
            211,
            262,
            338,
            342,
            343,
            354,
            371,
            394,
            516,
            520,
            522,
            523,
            524
        ],
        "length": 524
    }
}