{
    "isDeclaration": false,
    "languageVersion": "EcmaScript5",
    "parseOptions": {
        "allowAutomaticSemicolonInsertion": true,
        "allowModuleKeywordInExternalModuleReference": true
    },
    "sourceUnit": {
        "kind": "SourceUnit",
        "fullWidth": 719,
        "isIncrementallyUnusable": true,
        "moduleElements": [
            {
                "kind": "FunctionDeclaration",
                "fullWidth": 695,
                "isIncrementallyUnusable": true,
                "modifiers": [],
                "functionKeyword": {
                    "kind": "FunctionKeyword",
                    "width": 8,
                    "fullWidth": 568,
                    "text": "function",
                    "value": "function",
                    "valueText": "function",
                    "hasLeadingTrivia": true,
                    "hasLeadingComment": true,
                    "hasLeadingNewLine": true,
                    "hasTrailingTrivia": true,
                    "leadingTrivia": [
                        {
                            "kind": "SingleLineCommentTrivia",
                            "text": "/// Copyright (c) 2012 Ecma International.  All rights reserved. "
                        },
                        {
                            "kind": "NewLineTrivia",
                            "text": "\r\n"
                        },
                        {
                            "kind": "SingleLineCommentTrivia",
                            "text": "/// Ecma International makes this code available under the terms and conditions set"
                        },
                        {
                            "kind": "NewLineTrivia",
                            "text": "\r\n"
                        },
                        {
                            "kind": "SingleLineCommentTrivia",
                            "text": "/// forth on http://hg.ecmascript.org/tests/test262/raw-file/tip/LICENSE (the "
                        },
                        {
                            "kind": "NewLineTrivia",
                            "text": "\r\n"
                        },
                        {
                            "kind": "SingleLineCommentTrivia",
                            "text": "/// \"Use Terms\").   Any redistribution of this code must retain the above "
                        },
                        {
                            "kind": "NewLineTrivia",
                            "text": "\r\n"
                        },
                        {
                            "kind": "SingleLineCommentTrivia",
                            "text": "/// copyright and this notice and otherwise comply with the Use Terms."
                        },
                        {
                            "kind": "NewLineTrivia",
                            "text": "\r\n"
                        },
                        {
                            "kind": "MultiLineCommentTrivia",
                            "text": "/**\r\n * @path ch15/15.12/15.12.3/15.12.3_2-3-a-1.js\r\n * @description JSON.stringify converts string wrapper objects returned from replacer functions to literal strings.\r\n */"
                        },
                        {
                            "kind": "NewLineTrivia",
                            "text": "\r\n"
                        },
                        {
                            "kind": "NewLineTrivia",
                            "text": "\r\n"
                        },
                        {
                            "kind": "NewLineTrivia",
                            "text": "\r\n"
                        }
                    ],
                    "trailingTrivia": [
                        {
                            "kind": "WhitespaceTrivia",
                            "text": " "
                        }
                    ]
                },
                "identifier": {
                    "kind": "IdentifierName",
                    "width": 8,
                    "text": "testcase",
                    "value": "testcase",
                    "valueText": "testcase"
                },
                "callSignature": {
                    "kind": "CallSignature",
                    "fullWidth": 3,
                    "parameterList": {
                        "kind": "ParameterList",
                        "fullWidth": 3,
                        "openParenToken": {
                            "kind": "OpenParenToken",
                            "width": 1,
                            "text": "(",
                            "value": "(",
                            "valueText": "("
                        },
                        "parameters": [],
                        "closeParenToken": {
                            "kind": "CloseParenToken",
                            "width": 1,
                            "fullWidth": 2,
                            "text": ")",
                            "value": ")",
                            "valueText": ")",
                            "hasTrailingTrivia": true,
                            "trailingTrivia": [
                                {
                                    "kind": "WhitespaceTrivia",
                                    "text": " "
                                }
                            ]
                        }
                    }
                },
                "block": {
                    "kind": "Block",
                    "fullWidth": 116,
                    "isIncrementallyUnusable": true,
                    "openBraceToken": {
                        "kind": "OpenBraceToken",
                        "width": 1,
                        "fullWidth": 3,
                        "text": "{",
                        "value": "{",
                        "valueText": "{",
                        "hasTrailingTrivia": true,
                        "hasTrailingNewLine": true,
                        "trailingTrivia": [
                            {
                                "kind": "NewLineTrivia",
                                "text": "\r\n"
                            }
                        ]
                    },
                    "statements": [
                        {
                            "kind": "ReturnStatement",
                            "fullWidth": 108,
                            "isIncrementallyUnusable": true,
                            "returnKeyword": {
                                "kind": "ReturnKeyword",
                                "width": 6,
                                "fullWidth": 9,
                                "text": "return",
                                "value": "return",
                                "valueText": "return",
                                "hasLeadingTrivia": true,
                                "hasTrailingTrivia": true,
                                "leadingTrivia": [
                                    {
                                        "kind": "WhitespaceTrivia",
                                        "text": "  "
                                    }
                                ],
                                "trailingTrivia": [
                                    {
                                        "kind": "WhitespaceTrivia",
                                        "text": " "
                                    }
                                ]
                            },
                            "expression": {
                                "kind": "EqualsExpression",
                                "fullWidth": 96,
                                "isIncrementallyUnusable": true,
                                "left": {
                                    "kind": "InvocationExpression",
                                    "fullWidth": 78,
                                    "isIncrementallyUnusable": true,
                                    "expression": {
                                        "kind": "MemberAccessExpression",
                                        "fullWidth": 14,
                                        "expression": {
                                            "kind": "IdentifierName",
                                            "width": 4,
                                            "text": "JSON",
                                            "value": "JSON",
                                            "valueText": "JSON"
                                        },
                                        "dotToken": {
                                            "kind": "DotToken",
                                            "width": 1,
                                            "text": ".",
                                            "value": ".",
                                            "valueText": "."
                                        },
                                        "name": {
                                            "kind": "IdentifierName",
                                            "width": 9,
                                            "text": "stringify",
                                            "value": "stringify",
                                            "valueText": "stringify"
                                        }
                                    },
                                    "argumentList": {
                                        "kind": "ArgumentList",
                                        "fullWidth": 64,
                                        "isIncrementallyUnusable": true,
                                        "openParenToken": {
                                            "kind": "OpenParenToken",
                                            "width": 1,
                                            "text": "(",
                                            "value": "(",
                                            "valueText": "("
                                        },
                                        "arguments": [
                                            {
                                                "kind": "ArrayLiteralExpression",
                                                "fullWidth": 4,
                                                "openBracketToken": {
                                                    "kind": "OpenBracketToken",
                                                    "width": 1,
                                                    "text": "[",
                                                    "value": "[",
                                                    "valueText": "["
                                                },
                                                "expressions": [
                                                    {
                                                        "kind": "NumericLiteral",
                                                        "width": 2,
                                                        "text": "42",
                                                        "value": 42,
                                                        "valueText": "42"
                                                    }
                                                ],
                                                "closeBracketToken": {
                                                    "kind": "CloseBracketToken",
                                                    "width": 1,
                                                    "text": "]",
                                                    "value": "]",
                                                    "valueText": "]"
                                                }
                                            },
                                            {
                                                "kind": "CommaToken",
                                                "width": 1,
                                                "fullWidth": 2,
                                                "text": ",",
                                                "value": ",",
                                                "valueText": ",",
                                                "hasTrailingTrivia": true,
                                                "trailingTrivia": [
                                                    {
                                                        "kind": "WhitespaceTrivia",
                                                        "text": " "
                                                    }
                                                ]
                                            },
                                            {
                                                "kind": "FunctionExpression",
                                                "fullWidth": 55,
                                                "isIncrementallyUnusable": true,
                                                "functionKeyword": {
                                                    "kind": "FunctionKeyword",
                                                    "width": 8,
                                                    "text": "function",
                                                    "value": "function",
                                                    "valueText": "function"
                                                },
                                                "callSignature": {
                                                    "kind": "CallSignature",
                                                    "fullWidth": 6,
                                                    "parameterList": {
                                                        "kind": "ParameterList",
                                                        "fullWidth": 6,
                                                        "openParenToken": {
                                                            "kind": "OpenParenToken",
                                                            "width": 1,
                                                            "text": "(",
                                                            "value": "(",
                                                            "valueText": "("
                                                        },
                                                        "parameters": [
                                                            {
                                                                "kind": "Parameter",
                                                                "fullWidth": 1,
                                                                "identifier": {
                                                                    "kind": "IdentifierName",
                                                                    "width": 1,
                                                                    "text": "k",
                                                                    "value": "k",
                                                                    "valueText": "k"
                                                                }
                                                            },
                                                            {
                                                                "kind": "CommaToken",
                                                                "width": 1,
                                                                "text": ",",
                                                                "value": ",",
                                                                "valueText": ","
                                                            },
                                                            {
                                                                "kind": "Parameter",
                                                                "fullWidth": 1,
                                                                "identifier": {
                                                                    "kind": "IdentifierName",
                                                                    "width": 1,
                                                                    "text": "v",
                                                                    "value": "v",
                                                                    "valueText": "v"
                                                                }
                                                            }
                                                        ],
                                                        "closeParenToken": {
                                                            "kind": "CloseParenToken",
                                                            "width": 1,
                                                            "fullWidth": 2,
                                                            "text": ")",
                                                            "value": ")",
                                                            "valueText": ")",
                                                            "hasTrailingTrivia": true,
                                                            "trailingTrivia": [
                                                                {
                                                                    "kind": "WhitespaceTrivia",
                                                                    "text": " "
                                                                }
                                                            ]
                                                        }
                                                    }
                                                },
                                                "block": {
                                                    "kind": "Block",
                                                    "fullWidth": 41,
                                                    "isIncrementallyUnusable": true,
                                                    "openBraceToken": {
                                                        "kind": "OpenBraceToken",
                                                        "width": 1,
                                                        "text": "{",
                                                        "value": "{",
                                                        "valueText": "{"
                                                    },
                                                    "statements": [
                                                        {
                                                            "kind": "ReturnStatement",
                                                            "fullWidth": 39,
                                                            "isIncrementallyUnusable": true,
                                                            "returnKeyword": {
                                                                "kind": "ReturnKeyword",
                                                                "width": 6,
                                                                "fullWidth": 7,
                                                                "text": "return",
                                                                "value": "return",
                                                                "valueText": "return",
                                                                "hasTrailingTrivia": true,
                                                                "trailingTrivia": [
                                                                    {
                                                                        "kind": "WhitespaceTrivia",
                                                                        "text": " "
                                                                    }
                                                                ]
                                                            },
                                                            "expression": {
                                                                "kind": "ConditionalExpression",
                                                                "fullWidth": 32,
                                                                "condition": {
                                                                    "kind": "EqualsExpression",
                                                                    "fullWidth": 6,
                                                                    "left": {
                                                                        "kind": "IdentifierName",
                                                                        "width": 1,
                                                                        "text": "v",
                                                                        "value": "v",
                                                                        "valueText": "v"
                                                                    },
                                                                    "operatorToken": {
                                                                        "kind": "EqualsEqualsEqualsToken",
                                                                        "width": 3,
                                                                        "text": "===",
                                                                        "value": "===",
                                                                        "valueText": "==="
                                                                    },
                                                                    "right": {
                                                                        "kind": "NumericLiteral",
                                                                        "width": 2,
                                                                        "text": "42",
                                                                        "value": 42,
                                                                        "valueText": "42"
                                                                    }
                                                                },
                                                                "questionToken": {
                                                                    "kind": "QuestionToken",
                                                                    "width": 1,
                                                                    "fullWidth": 2,
                                                                    "text": "?",
                                                                    "value": "?",
                                                                    "valueText": "?",
                                                                    "hasTrailingTrivia": true,
                                                                    "trailingTrivia": [
                                                                        {
                                                                            "kind": "WhitespaceTrivia",
                                                                            "text": " "
                                                                        }
                                                                    ]
                                                                },
                                                                "whenTrue": {
                                                                    "kind": "ObjectCreationExpression",
                                                                    "fullWidth": 22,
                                                                    "newKeyword": {
                                                                        "kind": "NewKeyword",
                                                                        "width": 3,
                                                                        "fullWidth": 4,
                                                                        "text": "new",
                                                                        "value": "new",
                                                                        "valueText": "new",
                                                                        "hasTrailingTrivia": true,
                                                                        "trailingTrivia": [
                                                                            {
                                                                                "kind": "WhitespaceTrivia",
                                                                                "text": " "
                                                                            }
                                                                        ]
                                                                    },
                                                                    "expression": {
                                                                        "kind": "IdentifierName",
                                                                        "width": 6,
                                                                        "text": "String",
                                                                        "value": "String",
                                                                        "valueText": "String"
                                                                    },
                                                                    "argumentList": {
                                                                        "kind": "ArgumentList",
                                                                        "fullWidth": 12,
                                                                        "openParenToken": {
                                                                            "kind": "OpenParenToken",
                                                                            "width": 1,
                                                                            "text": "(",
                                                                            "value": "(",
                                                                            "valueText": "("
                                                                        },
                                                                        "arguments": [
                                                                            {
                                                                                "kind": "StringLiteral",
                                                                                "width": 10,
                                                                                "text": "'fortytwo'",
                                                                                "value": "fortytwo",
                                                                                "valueText": "fortytwo"
                                                                            }
                                                                        ],
                                                                        "closeParenToken": {
                                                                            "kind": "CloseParenToken",
                                                                            "width": 1,
                                                                            "text": ")",
                                                                            "value": ")",
                                                                            "valueText": ")"
                                                                        }
                                                                    }
                                                                },
                                                                "colonToken": {
                                                                    "kind": "ColonToken",
                                                                    "width": 1,
                                                                    "text": ":",
                                                                    "value": ":",
                                                                    "valueText": ":"
                                                                },
                                                                "whenFalse": {
                                                                    "kind": "IdentifierName",
                                                                    "width": 1,
                                                                    "text": "v",
                                                                    "value": "v",
                                                                    "valueText": "v"
                                                                }
                                                            },
                                                            "semicolonToken": {
                                                                "kind": "SemicolonToken",
                                                                "width": 0,
                                                                "text": ""
                                                            }
                                                        }
                                                    ],
                                                    "closeBraceToken": {
                                                        "kind": "CloseBraceToken",
                                                        "width": 1,
                                                        "text": "}",
                                                        "value": "}",
                                                        "valueText": "}"
                                                    }
                                                }
                                            }
                                        ],
                                        "closeParenToken": {
                                            "kind": "CloseParenToken",
                                            "width": 1,
                                            "fullWidth": 2,
                                            "text": ")",
                                            "value": ")",
                                            "valueText": ")",
                                            "hasTrailingTrivia": true,
                                            "trailingTrivia": [
                                                {
                                                    "kind": "WhitespaceTrivia",
                                                    "text": " "
                                                }
                                            ]
                                        }
                                    }
                                },
                                "operatorToken": {
                                    "kind": "EqualsEqualsEqualsToken",
                                    "width": 3,
                                    "fullWidth": 4,
                                    "text": "===",
                                    "value": "===",
                                    "valueText": "===",
                                    "hasTrailingTrivia": true,
                                    "trailingTrivia": [
                                        {
                                            "kind": "WhitespaceTrivia",
                                            "text": " "
                                        }
                                    ]
                                },
                                "right": {
                                    "kind": "StringLiteral",
                                    "width": 14,
                                    "text": "'[\"fortytwo\"]'",
                                    "value": "[\"fortytwo\"]",
                                    "valueText": "[\"fortytwo\"]"
                                }
                            },
                            "semicolonToken": {
                                "kind": "SemicolonToken",
                                "width": 1,
                                "fullWidth": 3,
                                "text": ";",
                                "value": ";",
                                "valueText": ";",
                                "hasTrailingTrivia": true,
                                "hasTrailingNewLine": true,
                                "trailingTrivia": [
                                    {
                                        "kind": "NewLineTrivia",
                                        "text": "\r\n"
                                    }
                                ]
                            }
                        }
                    ],
                    "closeBraceToken": {
                        "kind": "CloseBraceToken",
                        "width": 1,
                        "fullWidth": 5,
                        "text": "}",
                        "value": "}",
                        "valueText": "}",
                        "hasLeadingTrivia": true,
                        "hasTrailingTrivia": true,
                        "hasTrailingNewLine": true,
                        "leadingTrivia": [
                            {
                                "kind": "WhitespaceTrivia",
                                "text": "  "
                            }
                        ],
                        "trailingTrivia": [
                            {
                                "kind": "NewLineTrivia",
                                "text": "\r\n"
                            }
                        ]
                    }
                }
            },
            {
                "kind": "ExpressionStatement",
                "fullWidth": 24,
                "expression": {
                    "kind": "InvocationExpression",
                    "fullWidth": 21,
                    "expression": {
                        "kind": "IdentifierName",
                        "width": 11,
                        "text": "runTestCase",
                        "value": "runTestCase",
                        "valueText": "runTestCase"
                    },
                    "argumentList": {
                        "kind": "ArgumentList",
                        "fullWidth": 10,
                        "openParenToken": {
                            "kind": "OpenParenToken",
                            "width": 1,
                            "text": "(",
                            "value": "(",
                            "valueText": "("
                        },
                        "arguments": [
                            {
                                "kind": "IdentifierName",
                                "width": 8,
                                "text": "testcase",
                                "value": "testcase",
                                "valueText": "testcase"
                            }
                        ],
                        "closeParenToken": {
                            "kind": "CloseParenToken",
                            "width": 1,
                            "text": ")",
                            "value": ")",
                            "valueText": ")"
                        }
                    }
                },
                "semicolonToken": {
                    "kind": "SemicolonToken",
                    "width": 1,
                    "fullWidth": 3,
                    "text": ";",
                    "value": ";",
                    "valueText": ";",
                    "hasTrailingTrivia": true,
                    "hasTrailingNewLine": true,
                    "trailingTrivia": [
                        {
                            "kind": "NewLineTrivia",
                            "text": "\r\n"
                        }
                    ]
                }
            }
        ],
        "endOfFileToken": {
            "kind": "EndOfFileToken",
            "width": 0,
            "text": ""
        }
    },
    "lineMap": {
        "lineStarts": [
            0,
            67,
            152,
            232,
            308,
            380,
            385,
            433,
            550,
            555,
            557,
            559,
            582,
            690,
            695,
            719
        ],
        "length": 719
    }
}