{
    "isDeclaration": false,
    "languageVersion": "EcmaScript5",
    "parseOptions": {
        "allowAutomaticSemicolonInsertion": true
    },
    "diagnostics": [
        {
            "start": 359,
            "length": 7,
            "diagnosticCode": "'{0}' expected.",
            "arguments": [
                ";"
            ]
        }
    ],
    "sourceUnit": {
        "kind": "SourceUnit",
        "fullWidth": 368,
        "isIncrementallyUnusable": true,
        "moduleElements": [
            {
                "kind": "ExpressionStatement",
                "fullWidth": 359,
                "isIncrementallyUnusable": true,
                "expression": {
                    "kind": "IdentifierName",
                    "width": 4,
                    "fullWidth": 359,
                    "text": "line",
                    "value": "line",
                    "valueText": "line",
                    "hasLeadingTrivia": true,
                    "hasLeadingComment": true,
                    "hasLeadingNewLine": true,
                    "hasTrailingTrivia": true,
                    "leadingTrivia": [
                        {
                            "kind": "SingleLineCommentTrivia",
                            "text": "// Copyright 2009 the Sputnik authors.  All rights reserved."
                        },
                        {
                            "kind": "NewLineTrivia",
                            "text": "\n"
                        },
                        {
                            "kind": "SingleLineCommentTrivia",
                            "text": "// This code is governed by the BSD license found in the LICENSE file."
                        },
                        {
                            "kind": "NewLineTrivia",
                            "text": "\n"
                        },
                        {
                            "kind": "NewLineTrivia",
                            "text": "\n"
                        },
                        {
                            "kind": "MultiLineCommentTrivia",
                            "text": "/**\n * Single line comments can not contain CARRIAGE RETURN (U+000D) inside\n *\n * @path ch07/7.3/S7.3_A3.2_T3.js\n * @description Insert real CARRIAGE RETURN into single line comment\n * @negative\n */"
                        },
                        {
                            "kind": "NewLineTrivia",
                            "text": "\n"
                        },
                        {
                            "kind": "NewLineTrivia",
                            "text": "\n"
                        },
                        {
                            "kind": "SingleLineCommentTrivia",
                            "text": "// CHECK#1"
                        },
                        {
                            "kind": "NewLineTrivia",
                            "text": "\n"
                        },
                        {
                            "kind": "SingleLineCommentTrivia",
                            "text": "//single "
                        },
                        {
                            "kind": "NewLineTrivia",
                            "text": "\n"
                        }
                    ],
                    "trailingTrivia": [
                        {
                            "kind": "WhitespaceTrivia",
                            "text": " "
                        }
                    ]
                },
                "semicolonToken": {
                    "kind": "SemicolonToken",
                    "width": 0,
                    "text": ""
                }
            },
            {
                "kind": "ExpressionStatement",
                "fullWidth": 8,
                "isIncrementallyUnusable": true,
                "expression": {
                    "kind": "IdentifierName",
                    "width": 7,
                    "fullWidth": 8,
                    "text": "comment",
                    "value": "comment",
                    "valueText": "comment",
                    "hasTrailingTrivia": true,
                    "hasTrailingNewLine": true,
                    "trailingTrivia": [
                        {
                            "kind": "NewLineTrivia",
                            "text": "\n"
                        }
                    ]
                },
                "semicolonToken": {
                    "kind": "SemicolonToken",
                    "width": 0,
                    "text": ""
                }
            }
        ],
        "endOfFileToken": {
            "kind": "EndOfFileToken",
            "width": 0,
            "fullWidth": 1,
            "text": "",
            "hasLeadingTrivia": true,
            "hasLeadingNewLine": true,
            "leadingTrivia": [
                {
                    "kind": "NewLineTrivia",
                    "text": "\n"
                }
            ]
        }
    },
    "lineMap": {
        "lineStarts": [
            0,
            61,
            132,
            133,
            137,
            209,
            212,
            246,
            315,
            328,
            332,
            333,
            344,
            354,
            367,
            368
        ],
        "length": 368
    }
}