{
    "_sourceUnit": {
        "kind": "SourceUnit",
        "fullWidth": 807,
        "_moduleElements": [
            {
                "kind": "VariableStatement",
                "fullWidth": 341,
                "_variableDeclaration": {
                    "kind": "VariableDeclaration",
                    "fullWidth": 339,
                    "_varKeyword": {
                        "kind": "IdentifierNameToken",
                        "keywordKind": "VarKeyword",
                        "width": 3,
                        "fullWidth": 314,
                        "text": "var",
                        "hasLeadingTrivia": true,
                        "hasLeadingComment": true,
                        "hasLeadingNewLine": true,
                        "hasTrailingTrivia": true,
                        "leadingTrivia": [
                            {
                                "kind": "SingleLineCommentTrivia",
                                "text": "// Copyright 2009 the Sputnik authors.  All rights reserved."
                            },
                            {
                                "kind": "NewLineTrivia",
                                "text": "\n"
                            },
                            {
                                "kind": "SingleLineCommentTrivia",
                                "text": "// This code is governed by the BSD license found in the LICENSE file."
                            },
                            {
                                "kind": "NewLineTrivia",
                                "text": "\n"
                            },
                            {
                                "kind": "NewLineTrivia",
                                "text": "\n"
                            },
                            {
                                "kind": "MultiLineCommentTrivia",
                                "text": "/**\n * String.prototype.toLocaleUpperCase()\n *\n * @path ch15/15.5/15.5.4/15.5.4.19/S15.5.4.19_A1_T14.js\n * @description Call toLocaleUpperCase() function for RegExp object\n */"
                            },
                            {
                                "kind": "NewLineTrivia",
                                "text": "\n"
                            },
                            {
                                "kind": "NewLineTrivia",
                                "text": "\n"
                            }
                        ],
                        "trailingTrivia": [
                            {
                                "kind": "WhitespaceTrivia",
                                "text": " "
                            }
                        ]
                    },
                    "_variableDeclarators": [
                        {
                            "kind": "VariableDeclarator",
                            "fullWidth": 25,
                            "_identifier": {
                                "kind": "IdentifierNameToken",
                                "width": 5,
                                "fullWidth": 6,
                                "text": "__reg",
                                "valueText": "__reg",
                                "hasTrailingTrivia": true,
                                "trailingTrivia": [
                                    {
                                        "kind": "WhitespaceTrivia",
                                        "text": " "
                                    }
                                ]
                            },
                            "_equalsValueClause": {
                                "kind": "EqualsValueClause",
                                "fullWidth": 19,
                                "_equalsToken": {
                                    "kind": "EqualsToken",
                                    "width": 1,
                                    "fullWidth": 2,
                                    "text": "=",
                                    "hasTrailingTrivia": true,
                                    "trailingTrivia": [
                                        {
                                            "kind": "WhitespaceTrivia",
                                            "text": " "
                                        }
                                    ]
                                },
                                "_value": {
                                    "kind": "ObjectCreationExpression",
                                    "fullWidth": 17,
                                    "_newKeyword": {
                                        "kind": "IdentifierNameToken",
                                        "keywordKind": "NewKeyword",
                                        "width": 3,
                                        "fullWidth": 4,
                                        "text": "new",
                                        "hasTrailingTrivia": true,
                                        "trailingTrivia": [
                                            {
                                                "kind": "WhitespaceTrivia",
                                                "text": " "
                                            }
                                        ]
                                    },
                                    "_expression": {
                                        "kind": "IdentifierNameToken",
                                        "width": 6,
                                        "text": "RegExp",
                                        "valueText": "RegExp"
                                    },
                                    "_argumentList": {
                                        "kind": "ArgumentList",
                                        "fullWidth": 7,
                                        "_openParenToken": {
                                            "kind": "OpenParenToken",
                                            "width": 1,
                                            "text": "("
                                        },
                                        "_arguments": [
                                            {
                                                "kind": "StringLiteral",
                                                "width": 5,
                                                "text": "\"abc\""
                                            }
                                        ],
                                        "_closeParenToken": {
                                            "kind": "CloseParenToken",
                                            "width": 1,
                                            "text": ")"
                                        }
                                    }
                                }
                            }
                        }
                    ]
                },
                "_semicolonToken": {
                    "kind": "SemicolonToken",
                    "width": 1,
                    "fullWidth": 2,
                    "text": ";",
                    "hasTrailingTrivia": true,
                    "hasTrailingNewLine": true,
                    "trailingTrivia": [
                        {
                            "kind": "NewLineTrivia",
                            "text": "\n"
                        }
                    ]
                }
            },
            {
                "kind": "ExpressionStatement",
                "fullWidth": 62,
                "_expression": {
                    "kind": "AssignmentExpression",
                    "fullWidth": 60,
                    "_left": {
                        "kind": "MemberAccessExpression",
                        "fullWidth": 24,
                        "_expression": {
                            "kind": "IdentifierNameToken",
                            "width": 5,
                            "text": "__reg",
                            "valueText": "__reg"
                        },
                        "_dotToken": {
                            "kind": "DotToken",
                            "width": 1,
                            "text": "."
                        },
                        "_identifierName": {
                            "kind": "IdentifierNameToken",
                            "width": 17,
                            "fullWidth": 18,
                            "text": "toLocaleUpperCase",
                            "valueText": "toLocaleUpperCase",
                            "hasTrailingTrivia": true,
                            "trailingTrivia": [
                                {
                                    "kind": "WhitespaceTrivia",
                                    "text": " "
                                }
                            ]
                        }
                    },
                    "_operatorToken": {
                        "kind": "EqualsToken",
                        "width": 1,
                        "fullWidth": 2,
                        "text": "=",
                        "hasTrailingTrivia": true,
                        "trailingTrivia": [
                            {
                                "kind": "WhitespaceTrivia",
                                "text": " "
                            }
                        ]
                    },
                    "_right": {
                        "kind": "MemberAccessExpression",
                        "fullWidth": 34,
                        "_expression": {
                            "kind": "MemberAccessExpression",
                            "fullWidth": 16,
                            "_expression": {
                                "kind": "IdentifierNameToken",
                                "width": 6,
                                "text": "String",
                                "valueText": "String"
                            },
                            "_dotToken": {
                                "kind": "DotToken",
                                "width": 1,
                                "text": "."
                            },
                            "_identifierName": {
                                "kind": "IdentifierNameToken",
                                "width": 9,
                                "text": "prototype",
                                "valueText": "prototype"
                            }
                        },
                        "_dotToken": {
                            "kind": "DotToken",
                            "width": 1,
                            "text": "."
                        },
                        "_identifierName": {
                            "kind": "IdentifierNameToken",
                            "width": 17,
                            "text": "toLocaleUpperCase",
                            "valueText": "toLocaleUpperCase"
                        }
                    }
                },
                "_semicolonToken": {
                    "kind": "SemicolonToken",
                    "width": 1,
                    "fullWidth": 2,
                    "text": ";",
                    "hasTrailingTrivia": true,
                    "hasTrailingNewLine": true,
                    "trailingTrivia": [
                        {
                            "kind": "NewLineTrivia",
                            "text": "\n"
                        }
                    ]
                }
            },
            {
                "kind": "IfStatement",
                "fullWidth": 321,
                "_ifKeyword": {
                    "kind": "IdentifierNameToken",
                    "keywordKind": "IfKeyword",
                    "width": 2,
                    "fullWidth": 92,
                    "text": "if",
                    "hasLeadingTrivia": true,
                    "hasLeadingComment": true,
                    "hasLeadingNewLine": true,
                    "hasTrailingTrivia": true,
                    "leadingTrivia": [
                        {
                            "kind": "SingleLineCommentTrivia",
                            "text": "//////////////////////////////////////////////////////////////////////////////"
                        },
                        {
                            "kind": "NewLineTrivia",
                            "text": "\n"
                        },
                        {
                            "kind": "SingleLineCommentTrivia",
                            "text": "//CHECK#1"
                        },
                        {
                            "kind": "NewLineTrivia",
                            "text": "\n"
                        }
                    ],
                    "trailingTrivia": [
                        {
                            "kind": "WhitespaceTrivia",
                            "text": " "
                        }
                    ]
                },
                "_openParenToken": {
                    "kind": "OpenParenToken",
                    "width": 1,
                    "text": "("
                },
                "_condition": {
                    "kind": "NotEqualsExpression",
                    "fullWidth": 37,
                    "_left": {
                        "kind": "InvocationExpression",
                        "fullWidth": 26,
                        "_expression": {
                            "kind": "MemberAccessExpression",
                            "fullWidth": 23,
                            "_expression": {
                                "kind": "IdentifierNameToken",
                                "width": 5,
                                "text": "__reg",
                                "valueText": "__reg"
                            },
                            "_dotToken": {
                                "kind": "DotToken",
                                "width": 1,
                                "text": "."
                            },
                            "_identifierName": {
                                "kind": "IdentifierNameToken",
                                "width": 17,
                                "text": "toLocaleUpperCase",
                                "valueText": "toLocaleUpperCase"
                            }
                        },
                        "_argumentList": {
                            "kind": "ArgumentList",
                            "fullWidth": 3,
                            "_openParenToken": {
                                "kind": "OpenParenToken",
                                "width": 1,
                                "text": "("
                            },
                            "_arguments": [],
                            "_closeParenToken": {
                                "kind": "CloseParenToken",
                                "width": 1,
                                "fullWidth": 2,
                                "text": ")",
                                "hasTrailingTrivia": true,
                                "trailingTrivia": [
                                    {
                                        "kind": "WhitespaceTrivia",
                                        "text": " "
                                    }
                                ]
                            }
                        }
                    },
                    "_operatorToken": {
                        "kind": "ExclamationEqualsEqualsToken",
                        "width": 3,
                        "fullWidth": 4,
                        "text": "!==",
                        "hasTrailingTrivia": true,
                        "trailingTrivia": [
                            {
                                "kind": "WhitespaceTrivia",
                                "text": " "
                            }
                        ]
                    },
                    "_right": {
                        "kind": "StringLiteral",
                        "width": 7,
                        "text": "\"/ABC/\""
                    }
                },
                "_closeParenToken": {
                    "kind": "CloseParenToken",
                    "width": 1,
                    "fullWidth": 2,
                    "text": ")",
                    "hasTrailingTrivia": true,
                    "trailingTrivia": [
                        {
                            "kind": "WhitespaceTrivia",
                            "text": " "
                        }
                    ]
                },
                "_statement": {
                    "kind": "Block",
                    "fullWidth": 189,
                    "_openBraceToken": {
                        "kind": "OpenBraceToken",
                        "width": 1,
                        "fullWidth": 2,
                        "text": "{",
                        "hasTrailingTrivia": true,
                        "hasTrailingNewLine": true,
                        "trailingTrivia": [
                            {
                                "kind": "NewLineTrivia",
                                "text": "\n"
                            }
                        ]
                    },
                    "_statements": [
                        {
                            "kind": "ExpressionStatement",
                            "fullWidth": 185,
                            "_expression": {
                                "kind": "InvocationExpression",
                                "fullWidth": 183,
                                "_expression": {
                                    "kind": "IdentifierNameToken",
                                    "width": 6,
                                    "fullWidth": 8,
                                    "text": "$ERROR",
                                    "valueText": "$ERROR",
                                    "hasLeadingTrivia": true,
                                    "leadingTrivia": [
                                        {
                                            "kind": "WhitespaceTrivia",
                                            "text": "  "
                                        }
                                    ]
                                },
                                "_argumentList": {
                                    "kind": "ArgumentList",
                                    "fullWidth": 175,
                                    "_openParenToken": {
                                        "kind": "OpenParenToken",
                                        "width": 1,
                                        "text": "("
                                    },
                                    "_arguments": [
                                        {
                                            "kind": "AddExpression",
                                            "fullWidth": 173,
                                            "_left": {
                                                "kind": "StringLiteral",
                                                "width": 146,
                                                "text": "'#1: var __reg = new RegExp(\"abc\"); __reg.toLocaleUpperCase = String.prototype.toLocaleUpperCase; __reg.toLocaleUpperCase() === \"/ABC/\". Actual: '"
                                            },
                                            "_operatorToken": {
                                                "kind": "PlusToken",
                                                "width": 1,
                                                "text": "+"
                                            },
                                            "_right": {
                                                "kind": "InvocationExpression",
                                                "fullWidth": 26,
                                                "_expression": {
                                                    "kind": "MemberAccessExpression",
                                                    "fullWidth": 23,
                                                    "_expression": {
                                                        "kind": "IdentifierNameToken",
                                                        "width": 5,
                                                        "text": "__reg",
                                                        "valueText": "__reg"
                                                    },
                                                    "_dotToken": {
                                                        "kind": "DotToken",
                                                        "width": 1,
                                                        "text": "."
                                                    },
                                                    "_identifierName": {
                                                        "kind": "IdentifierNameToken",
                                                        "width": 17,
                                                        "text": "toLocaleUpperCase",
                                                        "valueText": "toLocaleUpperCase"
                                                    }
                                                },
                                                "_argumentList": {
                                                    "kind": "ArgumentList",
                                                    "fullWidth": 3,
                                                    "_openParenToken": {
                                                        "kind": "OpenParenToken",
                                                        "width": 1,
                                                        "text": "("
                                                    },
                                                    "_arguments": [],
                                                    "_closeParenToken": {
                                                        "kind": "CloseParenToken",
                                                        "width": 1,
                                                        "fullWidth": 2,
                                                        "text": ")",
                                                        "hasTrailingTrivia": true,
                                                        "trailingTrivia": [
                                                            {
                                                                "kind": "WhitespaceTrivia",
                                                                "text": " "
                                                            }
                                                        ]
                                                    }
                                                }
                                            }
                                        }
                                    ],
                                    "_closeParenToken": {
                                        "kind": "CloseParenToken",
                                        "width": 1,
                                        "text": ")"
                                    }
                                }
                            },
                            "_semicolonToken": {
                                "kind": "SemicolonToken",
                                "width": 1,
                                "fullWidth": 2,
                                "text": ";",
                                "hasTrailingTrivia": true,
                                "hasTrailingNewLine": true,
                                "trailingTrivia": [
                                    {
                                        "kind": "NewLineTrivia",
                                        "text": "\n"
                                    }
                                ]
                            }
                        }
                    ],
                    "_closeBraceToken": {
                        "kind": "CloseBraceToken",
                        "width": 1,
                        "fullWidth": 2,
                        "text": "}",
                        "hasTrailingTrivia": true,
                        "hasTrailingNewLine": true,
                        "trailingTrivia": [
                            {
                                "kind": "NewLineTrivia",
                                "text": "\n"
                            }
                        ]
                    }
                }
            }
        ],
        "_endOfFileToken": {
            "kind": "EndOfFileToken",
            "width": 0,
            "fullWidth": 83,
            "text": "",
            "hasLeadingTrivia": true,
            "hasLeadingComment": true,
            "hasLeadingNewLine": true,
            "leadingTrivia": [
                {
                    "kind": "SingleLineCommentTrivia",
                    "text": "//"
                },
                {
                    "kind": "NewLineTrivia",
                    "text": "\n"
                },
                {
                    "kind": "SingleLineCommentTrivia",
                    "text": "//////////////////////////////////////////////////////////////////////////////"
                },
                {
                    "kind": "NewLineTrivia",
                    "text": "\n"
                },
                {
                    "kind": "NewLineTrivia",
                    "text": "\n"
                }
            ]
        }
    }
}