{
    "_sourceUnit": {
        "kind": "SourceUnit",
        "fullWidth": 816,
        "hasZeroWidthToken": true,
        "_moduleElements": [
            {
                "kind": "VariableStatement",
                "fullWidth": 375,
                "hasZeroWidthToken": true,
                "_variableDeclaration": {
                    "kind": "VariableDeclaration",
                    "fullWidth": 375,
                    "_varKeyword": {
                        "kind": "IdentifierNameToken",
                        "keywordKind": "VarKeyword",
                        "width": 3,
                        "fullWidth": 326,
                        "text": "var",
                        "hasLeadingTrivia": true,
                        "hasLeadingComment": true,
                        "hasLeadingNewLine": true,
                        "hasTrailingTrivia": true,
                        "leadingTrivia": [
                            {
                                "kind": "SingleLineCommentTrivia",
                                "text": "// Copyright 2009 the Sputnik authors.  All rights reserved."
                            },
                            {
                                "kind": "NewLineTrivia",
                                "text": "\n"
                            },
                            {
                                "kind": "SingleLineCommentTrivia",
                                "text": "// This code is governed by the BSD license found in the LICENSE file."
                            },
                            {
                                "kind": "NewLineTrivia",
                                "text": "\n"
                            },
                            {
                                "kind": "NewLineTrivia",
                                "text": "\n"
                            },
                            {
                                "kind": "MultiLineCommentTrivia",
                                "text": "/**\n * String.prototype.toLowerCase()\n *\n * @path ch15/15.5/15.5.4/15.5.4.16/S15.5.4.16_A1_T10.js\n * @description Call toLowerCase() function of object with overrode toString function\n */"
                            },
                            {
                                "kind": "NewLineTrivia",
                                "text": "\n"
                            },
                            {
                                "kind": "NewLineTrivia",
                                "text": "\n"
                            }
                        ],
                        "trailingTrivia": [
                            {
                                "kind": "WhitespaceTrivia",
                                "text": " "
                            }
                        ]
                    },
                    "_variableDeclarators": [
                        {
                            "kind": "VariableDeclarator",
                            "fullWidth": 49,
                            "_identifier": {
                                "kind": "IdentifierNameToken",
                                "width": 5,
                                "fullWidth": 6,
                                "text": "__obj",
                                "valueText": "__obj",
                                "hasTrailingTrivia": true,
                                "trailingTrivia": [
                                    {
                                        "kind": "WhitespaceTrivia",
                                        "text": " "
                                    }
                                ]
                            },
                            "_equalsValueClause": {
                                "kind": "EqualsValueClause",
                                "fullWidth": 43,
                                "_equalsToken": {
                                    "kind": "EqualsToken",
                                    "width": 1,
                                    "fullWidth": 2,
                                    "text": "=",
                                    "hasTrailingTrivia": true,
                                    "trailingTrivia": [
                                        {
                                            "kind": "WhitespaceTrivia",
                                            "text": " "
                                        }
                                    ]
                                },
                                "_value": {
                                    "kind": "ObjectLiteralExpression",
                                    "fullWidth": 41,
                                    "_openBraceToken": {
                                        "kind": "OpenBraceToken",
                                        "width": 1,
                                        "text": "{"
                                    },
                                    "_propertyAssignments": [
                                        {
                                            "kind": "SimplePropertyAssignment",
                                            "fullWidth": 38,
                                            "_propertyName": {
                                                "kind": "IdentifierNameToken",
                                                "width": 8,
                                                "text": "toString",
                                                "valueText": "toString"
                                            },
                                            "_colonToken": {
                                                "kind": "ColonToken",
                                                "width": 1,
                                                "text": ":"
                                            },
                                            "_expression": {
                                                "kind": "FunctionExpression",
                                                "fullWidth": 29,
                                                "_functionKeyword": {
                                                    "kind": "IdentifierNameToken",
                                                    "keywordKind": "FunctionKeyword",
                                                    "width": 8,
                                                    "text": "function"
                                                },
                                                "_callSignature": {
                                                    "kind": "CallSignature",
                                                    "fullWidth": 2,
                                                    "_parameterList": {
                                                        "kind": "ParameterList",
                                                        "fullWidth": 2,
                                                        "_openParenToken": {
                                                            "kind": "OpenParenToken",
                                                            "width": 1,
                                                            "text": "("
                                                        },
                                                        "_parameters": [],
                                                        "_closeParenToken": {
                                                            "kind": "CloseParenToken",
                                                            "width": 1,
                                                            "text": ")"
                                                        }
                                                    }
                                                },
                                                "_block": {
                                                    "kind": "Block",
                                                    "fullWidth": 19,
                                                    "_openBraceToken": {
                                                        "kind": "OpenBraceToken",
                                                        "width": 1,
                                                        "text": "{"
                                                    },
                                                    "_statements": [
                                                        {
                                                            "kind": "ReturnStatement",
                                                            "fullWidth": 17,
                                                            "_returnKeyword": {
                                                                "kind": "IdentifierNameToken",
                                                                "keywordKind": "ReturnKeyword",
                                                                "width": 6,
                                                                "fullWidth": 7,
                                                                "text": "return",
                                                                "hasTrailingTrivia": true,
                                                                "trailingTrivia": [
                                                                    {
                                                                        "kind": "WhitespaceTrivia",
                                                                        "text": " "
                                                                    }
                                                                ]
                                                            },
                                                            "_expression": {
                                                                "kind": "StringLiteral",
                                                                "width": 9,
                                                                "text": "\"\\u0041B\""
                                                            },
                                                            "_semicolonToken": {
                                                                "kind": "SemicolonToken",
                                                                "width": 1,
                                                                "text": ";"
                                                            }
                                                        }
                                                    ],
                                                    "_closeBraceToken": {
                                                        "kind": "CloseBraceToken",
                                                        "width": 1,
                                                        "text": "}"
                                                    }
                                                }
                                            }
                                        }
                                    ],
                                    "_closeBraceToken": {
                                        "kind": "CloseBraceToken",
                                        "width": 1,
                                        "fullWidth": 2,
                                        "text": "}",
                                        "hasTrailingTrivia": true,
                                        "hasTrailingNewLine": true,
                                        "trailingTrivia": [
                                            {
                                                "kind": "NewLineTrivia",
                                                "text": "\n"
                                            }
                                        ]
                                    }
                                }
                            }
                        }
                    ]
                },
                "_semicolonToken": {
                    "kind": "SemicolonToken",
                    "width": 0,
                    "text": ""
                }
            },
            {
                "kind": "ExpressionStatement",
                "fullWidth": 50,
                "_expression": {
                    "kind": "AssignmentExpression",
                    "fullWidth": 48,
                    "_left": {
                        "kind": "MemberAccessExpression",
                        "fullWidth": 18,
                        "_expression": {
                            "kind": "IdentifierNameToken",
                            "width": 5,
                            "text": "__obj",
                            "valueText": "__obj"
                        },
                        "_dotToken": {
                            "kind": "DotToken",
                            "width": 1,
                            "text": "."
                        },
                        "_identifierName": {
                            "kind": "IdentifierNameToken",
                            "width": 11,
                            "fullWidth": 12,
                            "text": "toLowerCase",
                            "valueText": "toLowerCase",
                            "hasTrailingTrivia": true,
                            "trailingTrivia": [
                                {
                                    "kind": "WhitespaceTrivia",
                                    "text": " "
                                }
                            ]
                        }
                    },
                    "_operatorToken": {
                        "kind": "EqualsToken",
                        "width": 1,
                        "fullWidth": 2,
                        "text": "=",
                        "hasTrailingTrivia": true,
                        "trailingTrivia": [
                            {
                                "kind": "WhitespaceTrivia",
                                "text": " "
                            }
                        ]
                    },
                    "_right": {
                        "kind": "MemberAccessExpression",
                        "fullWidth": 28,
                        "_expression": {
                            "kind": "MemberAccessExpression",
                            "fullWidth": 16,
                            "_expression": {
                                "kind": "IdentifierNameToken",
                                "width": 6,
                                "text": "String",
                                "valueText": "String"
                            },
                            "_dotToken": {
                                "kind": "DotToken",
                                "width": 1,
                                "text": "."
                            },
                            "_identifierName": {
                                "kind": "IdentifierNameToken",
                                "width": 9,
                                "text": "prototype",
                                "valueText": "prototype"
                            }
                        },
                        "_dotToken": {
                            "kind": "DotToken",
                            "width": 1,
                            "text": "."
                        },
                        "_identifierName": {
                            "kind": "IdentifierNameToken",
                            "width": 11,
                            "text": "toLowerCase",
                            "valueText": "toLowerCase"
                        }
                    }
                },
                "_semicolonToken": {
                    "kind": "SemicolonToken",
                    "width": 1,
                    "fullWidth": 2,
                    "text": ";",
                    "hasTrailingTrivia": true,
                    "hasTrailingNewLine": true,
                    "trailingTrivia": [
                        {
                            "kind": "NewLineTrivia",
                            "text": "\n"
                        }
                    ]
                }
            },
            {
                "kind": "IfStatement",
                "fullWidth": 308,
                "_ifKeyword": {
                    "kind": "IdentifierNameToken",
                    "keywordKind": "IfKeyword",
                    "width": 2,
                    "fullWidth": 94,
                    "text": "if",
                    "hasLeadingTrivia": true,
                    "hasLeadingComment": true,
                    "hasLeadingNewLine": true,
                    "hasTrailingTrivia": true,
                    "leadingTrivia": [
                        {
                            "kind": "NewLineTrivia",
                            "text": "\n"
                        },
                        {
                            "kind": "NewLineTrivia",
                            "text": "\n"
                        },
                        {
                            "kind": "SingleLineCommentTrivia",
                            "text": "//////////////////////////////////////////////////////////////////////////////"
                        },
                        {
                            "kind": "NewLineTrivia",
                            "text": "\n"
                        },
                        {
                            "kind": "SingleLineCommentTrivia",
                            "text": "//CHECK#1"
                        },
                        {
                            "kind": "NewLineTrivia",
                            "text": "\n"
                        }
                    ],
                    "trailingTrivia": [
                        {
                            "kind": "WhitespaceTrivia",
                            "text": " "
                        }
                    ]
                },
                "_openParenToken": {
                    "kind": "OpenParenToken",
                    "width": 1,
                    "text": "("
                },
                "_condition": {
                    "kind": "NotEqualsExpression",
                    "fullWidth": 27,
                    "_left": {
                        "kind": "InvocationExpression",
                        "fullWidth": 20,
                        "_expression": {
                            "kind": "MemberAccessExpression",
                            "fullWidth": 17,
                            "_expression": {
                                "kind": "IdentifierNameToken",
                                "width": 5,
                                "text": "__obj",
                                "valueText": "__obj"
                            },
                            "_dotToken": {
                                "kind": "DotToken",
                                "width": 1,
                                "text": "."
                            },
                            "_identifierName": {
                                "kind": "IdentifierNameToken",
                                "width": 11,
                                "text": "toLowerCase",
                                "valueText": "toLowerCase"
                            }
                        },
                        "_argumentList": {
                            "kind": "ArgumentList",
                            "fullWidth": 3,
                            "_openParenToken": {
                                "kind": "OpenParenToken",
                                "width": 1,
                                "text": "("
                            },
                            "_arguments": [],
                            "_closeParenToken": {
                                "kind": "CloseParenToken",
                                "width": 1,
                                "fullWidth": 2,
                                "text": ")",
                                "hasTrailingTrivia": true,
                                "trailingTrivia": [
                                    {
                                        "kind": "WhitespaceTrivia",
                                        "text": " "
                                    }
                                ]
                            }
                        }
                    },
                    "_operatorToken": {
                        "kind": "ExclamationEqualsEqualsToken",
                        "width": 3,
                        "text": "!=="
                    },
                    "_right": {
                        "kind": "StringLiteral",
                        "width": 4,
                        "text": "\"ab\""
                    }
                },
                "_closeParenToken": {
                    "kind": "CloseParenToken",
                    "width": 1,
                    "fullWidth": 2,
                    "text": ")",
                    "hasTrailingTrivia": true,
                    "trailingTrivia": [
                        {
                            "kind": "WhitespaceTrivia",
                            "text": " "
                        }
                    ]
                },
                "_statement": {
                    "kind": "Block",
                    "fullWidth": 184,
                    "_openBraceToken": {
                        "kind": "OpenBraceToken",
                        "width": 1,
                        "fullWidth": 2,
                        "text": "{",
                        "hasTrailingTrivia": true,
                        "hasTrailingNewLine": true,
                        "trailingTrivia": [
                            {
                                "kind": "NewLineTrivia",
                                "text": "\n"
                            }
                        ]
                    },
                    "_statements": [
                        {
                            "kind": "ExpressionStatement",
                            "fullWidth": 180,
                            "_expression": {
                                "kind": "InvocationExpression",
                                "fullWidth": 178,
                                "_expression": {
                                    "kind": "IdentifierNameToken",
                                    "width": 6,
                                    "fullWidth": 8,
                                    "text": "$ERROR",
                                    "valueText": "$ERROR",
                                    "hasLeadingTrivia": true,
                                    "leadingTrivia": [
                                        {
                                            "kind": "WhitespaceTrivia",
                                            "text": "  "
                                        }
                                    ]
                                },
                                "_argumentList": {
                                    "kind": "ArgumentList",
                                    "fullWidth": 170,
                                    "_openParenToken": {
                                        "kind": "OpenParenToken",
                                        "width": 1,
                                        "text": "("
                                    },
                                    "_arguments": [
                                        {
                                            "kind": "AddExpression",
                                            "fullWidth": 168,
                                            "_left": {
                                                "kind": "StringLiteral",
                                                "width": 147,
                                                "text": "'#1: var __obj = {toString:function(){return \"\\u0041B\";}}; __obj.toLowerCase = String.prototype.toLowerCase; __obj.toLowerCase() ===\"ab\". Actual: '"
                                            },
                                            "_operatorToken": {
                                                "kind": "PlusToken",
                                                "width": 1,
                                                "text": "+"
                                            },
                                            "_right": {
                                                "kind": "InvocationExpression",
                                                "fullWidth": 20,
                                                "_expression": {
                                                    "kind": "MemberAccessExpression",
                                                    "fullWidth": 17,
                                                    "_expression": {
                                                        "kind": "IdentifierNameToken",
                                                        "width": 5,
                                                        "text": "__obj",
                                                        "valueText": "__obj"
                                                    },
                                                    "_dotToken": {
                                                        "kind": "DotToken",
                                                        "width": 1,
                                                        "text": "."
                                                    },
                                                    "_identifierName": {
                                                        "kind": "IdentifierNameToken",
                                                        "width": 11,
                                                        "text": "toLowerCase",
                                                        "valueText": "toLowerCase"
                                                    }
                                                },
                                                "_argumentList": {
                                                    "kind": "ArgumentList",
                                                    "fullWidth": 3,
                                                    "_openParenToken": {
                                                        "kind": "OpenParenToken",
                                                        "width": 1,
                                                        "text": "("
                                                    },
                                                    "_arguments": [],
                                                    "_closeParenToken": {
                                                        "kind": "CloseParenToken",
                                                        "width": 1,
                                                        "fullWidth": 2,
                                                        "text": ")",
                                                        "hasTrailingTrivia": true,
                                                        "trailingTrivia": [
                                                            {
                                                                "kind": "WhitespaceTrivia",
                                                                "text": " "
                                                            }
                                                        ]
                                                    }
                                                }
                                            }
                                        }
                                    ],
                                    "_closeParenToken": {
                                        "kind": "CloseParenToken",
                                        "width": 1,
                                        "text": ")"
                                    }
                                }
                            },
                            "_semicolonToken": {
                                "kind": "SemicolonToken",
                                "width": 1,
                                "fullWidth": 2,
                                "text": ";",
                                "hasTrailingTrivia": true,
                                "hasTrailingNewLine": true,
                                "trailingTrivia": [
                                    {
                                        "kind": "NewLineTrivia",
                                        "text": "\n"
                                    }
                                ]
                            }
                        }
                    ],
                    "_closeBraceToken": {
                        "kind": "CloseBraceToken",
                        "width": 1,
                        "fullWidth": 2,
                        "text": "}",
                        "hasTrailingTrivia": true,
                        "hasTrailingNewLine": true,
                        "trailingTrivia": [
                            {
                                "kind": "NewLineTrivia",
                                "text": "\n"
                            }
                        ]
                    }
                }
            }
        ],
        "_endOfFileToken": {
            "kind": "EndOfFileToken",
            "width": 0,
            "fullWidth": 83,
            "text": "",
            "hasLeadingTrivia": true,
            "hasLeadingComment": true,
            "hasLeadingNewLine": true,
            "leadingTrivia": [
                {
                    "kind": "SingleLineCommentTrivia",
                    "text": "//"
                },
                {
                    "kind": "NewLineTrivia",
                    "text": "\n"
                },
                {
                    "kind": "SingleLineCommentTrivia",
                    "text": "//////////////////////////////////////////////////////////////////////////////"
                },
                {
                    "kind": "NewLineTrivia",
                    "text": "\n"
                },
                {
                    "kind": "NewLineTrivia",
                    "text": "\n"
                }
            ]
        }
    }
}