{
    "_sourceUnit": {
        "kind": "SourceUnit",
        "fullWidth": 484,
        "_moduleElements": [
            {
                "kind": "IfStatement",
                "fullWidth": 397,
                "_ifKeyword": {
                    "kind": "IfKeyword",
                    "width": 2,
                    "fullWidth": 300,
                    "text": "if",
                    "hasLeadingTrivia": true,
                    "hasLeadingComment": true,
                    "hasLeadingNewLine": true,
                    "leadingTrivia": [
                        {
                            "kind": "SingleLineCommentTrivia",
                            "text": "// Copyright 2009 the Sputnik authors.  All rights reserved."
                        },
                        {
                            "kind": "NewLineTrivia",
                            "text": "\n"
                        },
                        {
                            "kind": "SingleLineCommentTrivia",
                            "text": "// This code is governed by the BSD license found in the LICENSE file."
                        },
                        {
                            "kind": "NewLineTrivia",
                            "text": "\n"
                        },
                        {
                            "kind": "NewLineTrivia",
                            "text": "\n"
                        },
                        {
                            "kind": "MultiLineCommentTrivia",
                            "text": "/**\n * The \"length\" property of the \"UTC\" is 7\n *\n * @path ch15/15.9/15.9.4/15.9.4.3/S15.9.4.3_A2_T1.js\n * @description The \"length\" property of the \"UTC\" is 7\n */"
                        },
                        {
                            "kind": "NewLineTrivia",
                            "text": "\n"
                        },
                        {
                            "kind": "NewLineTrivia",
                            "text": "\n"
                        }
                    ]
                },
                "_openParenToken": {
                    "kind": "OpenParenToken",
                    "width": 1,
                    "text": "("
                },
                "_condition": {
                    "kind": "NotEqualsExpression",
                    "fullWidth": 42,
                    "_left": {
                        "kind": "InvocationExpression",
                        "fullWidth": 34,
                        "_expression": {
                            "kind": "MemberAccessExpression",
                            "fullWidth": 23,
                            "_expression": {
                                "kind": "MemberAccessExpression",
                                "fullWidth": 8,
                                "_expression": {
                                    "kind": "IdentifierName",
                                    "width": 4,
                                    "text": "Date",
                                    "valueText": "Date"
                                },
                                "_dotToken": {
                                    "kind": "DotToken",
                                    "width": 1,
                                    "text": "."
                                },
                                "_name": {
                                    "kind": "IdentifierName",
                                    "width": 3,
                                    "text": "UTC",
                                    "valueText": "UTC"
                                }
                            },
                            "_dotToken": {
                                "kind": "DotToken",
                                "width": 1,
                                "text": "."
                            },
                            "_name": {
                                "kind": "IdentifierName",
                                "width": 14,
                                "text": "hasOwnProperty",
                                "valueText": "hasOwnProperty"
                            }
                        },
                        "_argumentList": {
                            "kind": "ArgumentList",
                            "fullWidth": 11,
                            "_openParenToken": {
                                "kind": "OpenParenToken",
                                "width": 1,
                                "text": "("
                            },
                            "_arguments": [
                                {
                                    "kind": "StringLiteral",
                                    "width": 8,
                                    "text": "\"length\""
                                }
                            ],
                            "_closeParenToken": {
                                "kind": "CloseParenToken",
                                "width": 1,
                                "fullWidth": 2,
                                "text": ")",
                                "hasTrailingTrivia": true,
                                "trailingTrivia": [
                                    {
                                        "kind": "WhitespaceTrivia",
                                        "text": " "
                                    }
                                ]
                            }
                        }
                    },
                    "_operatorToken": {
                        "kind": "ExclamationEqualsEqualsToken",
                        "width": 3,
                        "fullWidth": 4,
                        "text": "!==",
                        "hasTrailingTrivia": true,
                        "trailingTrivia": [
                            {
                                "kind": "WhitespaceTrivia",
                                "text": " "
                            }
                        ]
                    },
                    "_right": {
                        "kind": "TrueKeyword",
                        "width": 4,
                        "text": "true"
                    }
                },
                "_closeParenToken": {
                    "kind": "CloseParenToken",
                    "width": 1,
                    "text": ")"
                },
                "_statement": {
                    "kind": "Block",
                    "fullWidth": 53,
                    "_openBraceToken": {
                        "kind": "OpenBraceToken",
                        "width": 1,
                        "fullWidth": 2,
                        "text": "{",
                        "hasTrailingTrivia": true,
                        "hasTrailingNewLine": true,
                        "trailingTrivia": [
                            {
                                "kind": "NewLineTrivia",
                                "text": "\n"
                            }
                        ]
                    },
                    "_statements": [
                        {
                            "kind": "ExpressionStatement",
                            "fullWidth": 49,
                            "_expression": {
                                "kind": "InvocationExpression",
                                "fullWidth": 47,
                                "_expression": {
                                    "kind": "IdentifierName",
                                    "width": 6,
                                    "fullWidth": 8,
                                    "text": "$ERROR",
                                    "valueText": "$ERROR",
                                    "hasLeadingTrivia": true,
                                    "leadingTrivia": [
                                        {
                                            "kind": "WhitespaceTrivia",
                                            "text": "  "
                                        }
                                    ]
                                },
                                "_argumentList": {
                                    "kind": "ArgumentList",
                                    "fullWidth": 39,
                                    "_openParenToken": {
                                        "kind": "OpenParenToken",
                                        "width": 1,
                                        "text": "("
                                    },
                                    "_arguments": [
                                        {
                                            "kind": "StringLiteral",
                                            "width": 37,
                                            "text": "'#1: The UTC has a \"length\" property'"
                                        }
                                    ],
                                    "_closeParenToken": {
                                        "kind": "CloseParenToken",
                                        "width": 1,
                                        "text": ")"
                                    }
                                }
                            },
                            "_semicolonToken": {
                                "kind": "SemicolonToken",
                                "width": 1,
                                "fullWidth": 2,
                                "text": ";",
                                "hasTrailingTrivia": true,
                                "hasTrailingNewLine": true,
                                "trailingTrivia": [
                                    {
                                        "kind": "NewLineTrivia",
                                        "text": "\n"
                                    }
                                ]
                            }
                        }
                    ],
                    "_closeBraceToken": {
                        "kind": "CloseBraceToken",
                        "width": 1,
                        "fullWidth": 2,
                        "text": "}",
                        "hasTrailingTrivia": true,
                        "hasTrailingNewLine": true,
                        "trailingTrivia": [
                            {
                                "kind": "NewLineTrivia",
                                "text": "\n"
                            }
                        ]
                    }
                }
            },
            {
                "kind": "IfStatement",
                "fullWidth": 85,
                "_ifKeyword": {
                    "kind": "IfKeyword",
                    "width": 2,
                    "fullWidth": 3,
                    "text": "if",
                    "hasLeadingTrivia": true,
                    "hasLeadingNewLine": true,
                    "leadingTrivia": [
                        {
                            "kind": "NewLineTrivia",
                            "text": "\n"
                        }
                    ]
                },
                "_openParenToken": {
                    "kind": "OpenParenToken",
                    "width": 1,
                    "text": "("
                },
                "_condition": {
                    "kind": "NotEqualsExpression",
                    "fullWidth": 21,
                    "_left": {
                        "kind": "MemberAccessExpression",
                        "fullWidth": 16,
                        "_expression": {
                            "kind": "MemberAccessExpression",
                            "fullWidth": 8,
                            "_expression": {
                                "kind": "IdentifierName",
                                "width": 4,
                                "text": "Date",
                                "valueText": "Date"
                            },
                            "_dotToken": {
                                "kind": "DotToken",
                                "width": 1,
                                "text": "."
                            },
                            "_name": {
                                "kind": "IdentifierName",
                                "width": 3,
                                "text": "UTC",
                                "valueText": "UTC"
                            }
                        },
                        "_dotToken": {
                            "kind": "DotToken",
                            "width": 1,
                            "text": "."
                        },
                        "_name": {
                            "kind": "IdentifierName",
                            "width": 6,
                            "fullWidth": 7,
                            "text": "length",
                            "valueText": "length",
                            "hasTrailingTrivia": true,
                            "trailingTrivia": [
                                {
                                    "kind": "WhitespaceTrivia",
                                    "text": " "
                                }
                            ]
                        }
                    },
                    "_operatorToken": {
                        "kind": "ExclamationEqualsEqualsToken",
                        "width": 3,
                        "fullWidth": 4,
                        "text": "!==",
                        "hasTrailingTrivia": true,
                        "trailingTrivia": [
                            {
                                "kind": "WhitespaceTrivia",
                                "text": " "
                            }
                        ]
                    },
                    "_right": {
                        "kind": "NumericLiteral",
                        "width": 1,
                        "text": "7"
                    }
                },
                "_closeParenToken": {
                    "kind": "CloseParenToken",
                    "width": 1,
                    "text": ")"
                },
                "_statement": {
                    "kind": "Block",
                    "fullWidth": 59,
                    "_openBraceToken": {
                        "kind": "OpenBraceToken",
                        "width": 1,
                        "fullWidth": 2,
                        "text": "{",
                        "hasTrailingTrivia": true,
                        "hasTrailingNewLine": true,
                        "trailingTrivia": [
                            {
                                "kind": "NewLineTrivia",
                                "text": "\n"
                            }
                        ]
                    },
                    "_statements": [
                        {
                            "kind": "ExpressionStatement",
                            "fullWidth": 55,
                            "_expression": {
                                "kind": "InvocationExpression",
                                "fullWidth": 53,
                                "_expression": {
                                    "kind": "IdentifierName",
                                    "width": 6,
                                    "fullWidth": 8,
                                    "text": "$ERROR",
                                    "valueText": "$ERROR",
                                    "hasLeadingTrivia": true,
                                    "leadingTrivia": [
                                        {
                                            "kind": "WhitespaceTrivia",
                                            "text": "  "
                                        }
                                    ]
                                },
                                "_argumentList": {
                                    "kind": "ArgumentList",
                                    "fullWidth": 45,
                                    "_openParenToken": {
                                        "kind": "OpenParenToken",
                                        "width": 1,
                                        "text": "("
                                    },
                                    "_arguments": [
                                        {
                                            "kind": "StringLiteral",
                                            "width": 43,
                                            "text": "'#2: The \"length\" property of the UTC is 7'"
                                        }
                                    ],
                                    "_closeParenToken": {
                                        "kind": "CloseParenToken",
                                        "width": 1,
                                        "text": ")"
                                    }
                                }
                            },
                            "_semicolonToken": {
                                "kind": "SemicolonToken",
                                "width": 1,
                                "fullWidth": 2,
                                "text": ";",
                                "hasTrailingTrivia": true,
                                "hasTrailingNewLine": true,
                                "trailingTrivia": [
                                    {
                                        "kind": "NewLineTrivia",
                                        "text": "\n"
                                    }
                                ]
                            }
                        }
                    ],
                    "_closeBraceToken": {
                        "kind": "CloseBraceToken",
                        "width": 1,
                        "fullWidth": 2,
                        "text": "}",
                        "hasTrailingTrivia": true,
                        "hasTrailingNewLine": true,
                        "trailingTrivia": [
                            {
                                "kind": "NewLineTrivia",
                                "text": "\n"
                            }
                        ]
                    }
                }
            }
        ],
        "_endOfFileToken": {
            "kind": "EndOfFileToken",
            "width": 0,
            "fullWidth": 2,
            "text": "",
            "hasLeadingTrivia": true,
            "hasLeadingNewLine": true,
            "leadingTrivia": [
                {
                    "kind": "NewLineTrivia",
                    "text": "\n"
                },
                {
                    "kind": "NewLineTrivia",
                    "text": "\n"
                }
            ]
        }
    }
}