[
    {
        "kind": "SemicolonToken",
        "width": 1,
        "fullWidth": 17,
        "text": ";",
        "hasTrailingTrivia": true,
        "hasTrailingCommentTrivia": true,
        "hasTrailingNewLineTrivia": true,
        "trailingTrivia": [
            {
                "kind": "WhitespaceTrivia",
                "text": " "
            },
            {
                "kind": "MultiLineCommentTrivia",
                "text": "/*\r\n*/"
            },
            {
                "kind": "WhitespaceTrivia",
                "text": " "
            },
            {
                "kind": "MultiLineCommentTrivia",
                "text": "/*\r\n*/"
            },
            {
                "kind": "NewLineTrivia",
                "text": "\r\n"
            }
        ]
    },
    {
        "kind": "EndOfFileToken",
        "width": 0,
        "text": ""
    }
]