{
    "_sourceUnit": {
        "kind": "SourceUnit",
        "_moduleElements": [
            {
                "kind": "IfStatement",
                "_ifKeyword": {
                    "kind": "IdentifierNameToken",
                    "keywordKind": "IfKeyword",
                    "start": 327,
                    "fullStart": 0,
                    "width": 2,
                    "fullWidth": 330,
                    "text": "if",
                    "hasLeadingTrivia": true,
                    "hasLeadingCommentTrivia": true,
                    "hasLeadingNewLineTrivia": true,
                    "hasTrailingTrivia": true,
                    "leadingTrivia": [
                        {
                            "kind": "SingleLineCommentTrivia",
                            "fullStart": 0,
                            "text": "// Copyright 2009 the Sputnik authors.  All rights reserved."
                        },
                        {
                            "kind": "NewLineTrivia",
                            "fullStart": 60,
                            "text": "\n"
                        },
                        {
                            "kind": "SingleLineCommentTrivia",
                            "fullStart": 61,
                            "text": "// This code is governed by the BSD license found in the LICENSE file."
                        },
                        {
                            "kind": "NewLineTrivia",
                            "fullStart": 131,
                            "text": "\n"
                        },
                        {
                            "kind": "NewLineTrivia",
                            "fullStart": 132,
                            "text": "\n"
                        },
                        {
                            "kind": "MultiLineCommentTrivia",
                            "fullStart": 133,
                            "text": "/**\n * The Date.prototype property \"setTime\" has { DontEnum } attributes\n *\n * @path ch15/15.9/15.9.5/15.9.5.27/S15.9.5.27_A1_T2.js\n * @description Checking absence of DontDelete attribute\n */"
                        },
                        {
                            "kind": "NewLineTrivia",
                            "fullStart": 325,
                            "text": "\n"
                        },
                        {
                            "kind": "NewLineTrivia",
                            "fullStart": 326,
                            "text": "\n"
                        }
                    ],
                    "trailingTrivia": [
                        {
                            "kind": "WhitespaceTrivia",
                            "fullStart": 0,
                            "text": " "
                        }
                    ]
                },
                "_openParenToken": {
                    "kind": "OpenParenToken",
                    "start": 330,
                    "width": 1,
                    "text": "("
                },
                "_condition": {
                    "kind": "EqualsExpression",
                    "_left": {
                        "kind": "DeleteExpression",
                        "_deleteKeyword": {
                            "kind": "IdentifierNameToken",
                            "keywordKind": "DeleteKeyword",
                            "start": 331,
                            "width": 6,
                            "fullWidth": 7,
                            "text": "delete",
                            "hasTrailingTrivia": true,
                            "trailingTrivia": [
                                {
                                    "kind": "WhitespaceTrivia",
                                    "fullStart": 0,
                                    "text": " "
                                }
                            ]
                        },
                        "_expression": {
                            "kind": "MemberAccessExpression",
                            "_expression": {
                                "kind": "MemberAccessExpression",
                                "_expression": {
                                    "kind": "IdentifierName",
                                    "_identifier": {
                                        "kind": "IdentifierNameToken",
                                        "start": 338,
                                        "width": 4,
                                        "text": "Date",
                                        "valueText": "Date"
                                    }
                                },
                                "_dotToken": {
                                    "kind": "DotToken",
                                    "start": 342,
                                    "width": 1,
                                    "text": "."
                                },
                                "_identifierName": {
                                    "kind": "IdentifierName",
                                    "_identifier": {
                                        "kind": "IdentifierNameToken",
                                        "start": 343,
                                        "width": 9,
                                        "text": "prototype",
                                        "valueText": "prototype"
                                    }
                                }
                            },
                            "_dotToken": {
                                "kind": "DotToken",
                                "start": 352,
                                "width": 1,
                                "text": "."
                            },
                            "_identifierName": {
                                "kind": "IdentifierName",
                                "_identifier": {
                                    "kind": "IdentifierNameToken",
                                    "start": 353,
                                    "width": 7,
                                    "fullWidth": 9,
                                    "text": "setTime",
                                    "valueText": "setTime",
                                    "hasTrailingTrivia": true,
                                    "trailingTrivia": [
                                        {
                                            "kind": "WhitespaceTrivia",
                                            "fullStart": 0,
                                            "text": "  "
                                        }
                                    ]
                                }
                            }
                        }
                    },
                    "_operatorToken": {
                        "kind": "EqualsEqualsEqualsToken",
                        "start": 362,
                        "width": 3,
                        "fullWidth": 4,
                        "text": "===",
                        "hasTrailingTrivia": true,
                        "trailingTrivia": [
                            {
                                "kind": "WhitespaceTrivia",
                                "fullStart": 0,
                                "text": " "
                            }
                        ]
                    },
                    "_right": {
                        "kind": "BooleanLiteralExpression",
                        "_literalToken": {
                            "kind": "IdentifierNameToken",
                            "keywordKind": "FalseKeyword",
                            "start": 366,
                            "width": 5,
                            "text": "false"
                        }
                    }
                },
                "_closeParenToken": {
                    "kind": "CloseParenToken",
                    "start": 371,
                    "width": 1,
                    "fullWidth": 2,
                    "text": ")",
                    "hasTrailingTrivia": true,
                    "trailingTrivia": [
                        {
                            "kind": "WhitespaceTrivia",
                            "fullStart": 0,
                            "text": " "
                        }
                    ]
                },
                "_statement": {
                    "kind": "Block",
                    "_openBraceToken": {
                        "kind": "OpenBraceToken",
                        "start": 373,
                        "width": 1,
                        "fullWidth": 2,
                        "text": "{",
                        "hasTrailingTrivia": true,
                        "hasTrailingNewLineTrivia": true,
                        "trailingTrivia": [
                            {
                                "kind": "NewLineTrivia",
                                "fullStart": 0,
                                "text": "\n"
                            }
                        ]
                    },
                    "_statements": [
                        {
                            "kind": "ExpressionStatement",
                            "_expression": {
                                "kind": "InvocationExpression",
                                "_expression": {
                                    "kind": "IdentifierName",
                                    "_identifier": {
                                        "kind": "IdentifierNameToken",
                                        "start": 377,
                                        "fullStart": 375,
                                        "width": 6,
                                        "fullWidth": 8,
                                        "text": "$ERROR",
                                        "valueText": "$ERROR",
                                        "hasLeadingTrivia": true,
                                        "leadingTrivia": [
                                            {
                                                "kind": "WhitespaceTrivia",
                                                "fullStart": 0,
                                                "text": "  "
                                            }
                                        ]
                                    }
                                },
                                "_argumentList": {
                                    "kind": "ArgumentList",
                                    "_openParenToken": {
                                        "kind": "OpenParenToken",
                                        "start": 383,
                                        "width": 1,
                                        "text": "("
                                    },
                                    "_arguments": [
                                        {
                                            "kind": "StringLiteralExpression",
                                            "_literalToken": {
                                                "kind": "StringLiteral",
                                                "start": 384,
                                                "width": 75,
                                                "text": "'#1: The Date.prototype.setTime property has not the attributes DontDelete'"
                                            }
                                        }
                                    ],
                                    "_closeParenToken": {
                                        "kind": "CloseParenToken",
                                        "start": 459,
                                        "width": 1,
                                        "text": ")"
                                    }
                                }
                            },
                            "_semicolonToken": {
                                "kind": "SemicolonToken",
                                "start": 460,
                                "width": 1,
                                "fullWidth": 2,
                                "text": ";",
                                "hasTrailingTrivia": true,
                                "hasTrailingNewLineTrivia": true,
                                "trailingTrivia": [
                                    {
                                        "kind": "NewLineTrivia",
                                        "fullStart": 0,
                                        "text": "\n"
                                    }
                                ]
                            }
                        }
                    ],
                    "_closeBraceToken": {
                        "kind": "CloseBraceToken",
                        "start": 462,
                        "width": 1,
                        "fullWidth": 2,
                        "text": "}",
                        "hasTrailingTrivia": true,
                        "hasTrailingNewLineTrivia": true,
                        "trailingTrivia": [
                            {
                                "kind": "NewLineTrivia",
                                "fullStart": 0,
                                "text": "\n"
                            }
                        ]
                    }
                }
            },
            {
                "kind": "IfStatement",
                "_ifKeyword": {
                    "kind": "IdentifierNameToken",
                    "keywordKind": "IfKeyword",
                    "start": 465,
                    "fullStart": 464,
                    "width": 2,
                    "fullWidth": 4,
                    "text": "if",
                    "hasLeadingTrivia": true,
                    "hasLeadingNewLineTrivia": true,
                    "hasTrailingTrivia": true,
                    "leadingTrivia": [
                        {
                            "kind": "NewLineTrivia",
                            "fullStart": 0,
                            "text": "\n"
                        }
                    ],
                    "trailingTrivia": [
                        {
                            "kind": "WhitespaceTrivia",
                            "fullStart": 0,
                            "text": " "
                        }
                    ]
                },
                "_openParenToken": {
                    "kind": "OpenParenToken",
                    "start": 468,
                    "width": 1,
                    "text": "("
                },
                "_condition": {
                    "kind": "InvocationExpression",
                    "_expression": {
                        "kind": "MemberAccessExpression",
                        "_expression": {
                            "kind": "MemberAccessExpression",
                            "_expression": {
                                "kind": "IdentifierName",
                                "_identifier": {
                                    "kind": "IdentifierNameToken",
                                    "start": 469,
                                    "width": 4,
                                    "text": "Date",
                                    "valueText": "Date"
                                }
                            },
                            "_dotToken": {
                                "kind": "DotToken",
                                "start": 473,
                                "width": 1,
                                "text": "."
                            },
                            "_identifierName": {
                                "kind": "IdentifierName",
                                "_identifier": {
                                    "kind": "IdentifierNameToken",
                                    "start": 474,
                                    "width": 9,
                                    "text": "prototype",
                                    "valueText": "prototype"
                                }
                            }
                        },
                        "_dotToken": {
                            "kind": "DotToken",
                            "start": 483,
                            "width": 1,
                            "text": "."
                        },
                        "_identifierName": {
                            "kind": "IdentifierName",
                            "_identifier": {
                                "kind": "IdentifierNameToken",
                                "start": 484,
                                "width": 14,
                                "text": "hasOwnProperty",
                                "valueText": "hasOwnProperty"
                            }
                        }
                    },
                    "_argumentList": {
                        "kind": "ArgumentList",
                        "_openParenToken": {
                            "kind": "OpenParenToken",
                            "start": 498,
                            "width": 1,
                            "text": "("
                        },
                        "_arguments": [
                            {
                                "kind": "StringLiteralExpression",
                                "_literalToken": {
                                    "kind": "StringLiteral",
                                    "start": 499,
                                    "width": 9,
                                    "text": "'setTime'"
                                }
                            }
                        ],
                        "_closeParenToken": {
                            "kind": "CloseParenToken",
                            "start": 508,
                            "width": 1,
                            "text": ")"
                        }
                    }
                },
                "_closeParenToken": {
                    "kind": "CloseParenToken",
                    "start": 509,
                    "width": 1,
                    "fullWidth": 2,
                    "text": ")",
                    "hasTrailingTrivia": true,
                    "trailingTrivia": [
                        {
                            "kind": "WhitespaceTrivia",
                            "fullStart": 0,
                            "text": " "
                        }
                    ]
                },
                "_statement": {
                    "kind": "Block",
                    "_openBraceToken": {
                        "kind": "OpenBraceToken",
                        "start": 511,
                        "width": 1,
                        "fullWidth": 2,
                        "text": "{",
                        "hasTrailingTrivia": true,
                        "hasTrailingNewLineTrivia": true,
                        "trailingTrivia": [
                            {
                                "kind": "NewLineTrivia",
                                "fullStart": 0,
                                "text": "\n"
                            }
                        ]
                    },
                    "_statements": [
                        {
                            "kind": "ExpressionStatement",
                            "_expression": {
                                "kind": "InvocationExpression",
                                "_expression": {
                                    "kind": "IdentifierName",
                                    "_identifier": {
                                        "kind": "IdentifierNameToken",
                                        "start": 515,
                                        "fullStart": 513,
                                        "width": 5,
                                        "fullWidth": 7,
                                        "text": "$FAIL",
                                        "valueText": "$FAIL",
                                        "hasLeadingTrivia": true,
                                        "leadingTrivia": [
                                            {
                                                "kind": "WhitespaceTrivia",
                                                "fullStart": 0,
                                                "text": "  "
                                            }
                                        ]
                                    }
                                },
                                "_argumentList": {
                                    "kind": "ArgumentList",
                                    "_openParenToken": {
                                        "kind": "OpenParenToken",
                                        "start": 520,
                                        "width": 1,
                                        "text": "("
                                    },
                                    "_arguments": [
                                        {
                                            "kind": "StringLiteralExpression",
                                            "_literalToken": {
                                                "kind": "StringLiteral",
                                                "start": 521,
                                                "width": 75,
                                                "text": "'#2: The Date.prototype.setTime property has not the attributes DontDelete'"
                                            }
                                        }
                                    ],
                                    "_closeParenToken": {
                                        "kind": "CloseParenToken",
                                        "start": 596,
                                        "width": 1,
                                        "text": ")"
                                    }
                                }
                            },
                            "_semicolonToken": {
                                "kind": "SemicolonToken",
                                "start": 597,
                                "width": 1,
                                "fullWidth": 2,
                                "text": ";",
                                "hasTrailingTrivia": true,
                                "hasTrailingNewLineTrivia": true,
                                "trailingTrivia": [
                                    {
                                        "kind": "NewLineTrivia",
                                        "fullStart": 0,
                                        "text": "\n"
                                    }
                                ]
                            }
                        }
                    ],
                    "_closeBraceToken": {
                        "kind": "CloseBraceToken",
                        "start": 599,
                        "width": 1,
                        "fullWidth": 2,
                        "text": "}",
                        "hasTrailingTrivia": true,
                        "hasTrailingNewLineTrivia": true,
                        "trailingTrivia": [
                            {
                                "kind": "NewLineTrivia",
                                "fullStart": 0,
                                "text": "\n"
                            }
                        ]
                    }
                }
            }
        ],
        "_endOfFileToken": {
            "kind": "EndOfFileToken",
            "start": 603,
            "fullStart": 601,
            "width": 0,
            "fullWidth": 2,
            "text": "",
            "hasLeadingTrivia": true,
            "hasLeadingNewLineTrivia": true,
            "leadingTrivia": [
                {
                    "kind": "NewLineTrivia",
                    "fullStart": 0,
                    "text": "\n"
                },
                {
                    "kind": "NewLineTrivia",
                    "fullStart": 1,
                    "text": "\n"
                }
            ]
        }
    }
}