{
    "_sourceUnit": {
        "kind": "SourceUnit",
        "_moduleElements": [
            {
                "kind": "IfStatement",
                "_ifKeyword": {
                    "kind": "IdentifierNameToken",
                    "keywordKind": "IfKeyword",
                    "start": 316,
                    "fullStart": 0,
                    "width": 2,
                    "fullWidth": 319,
                    "text": "if",
                    "hasLeadingTrivia": true,
                    "hasLeadingCommentTrivia": true,
                    "hasLeadingNewLineTrivia": true,
                    "hasTrailingTrivia": true
                },
                "_openParenToken": {
                    "kind": "OpenParenToken",
                    "start": 319,
                    "width": 1,
                    "text": "("
                },
                "_condition": {
                    "kind": "NotEqualsExpression",
                    "_left": {
                        "kind": "ParenthesizedExpression",
                        "_openParenToken": {
                            "kind": "OpenParenToken",
                            "start": 320,
                            "width": 1,
                            "text": "("
                        },
                        "_expression": {
                            "kind": "NumericLiteralExpression",
                            "_literalToken": {
                                "kind": "NumericLiteral",
                                "start": 321,
                                "width": 1,
                                "text": "1"
                            }
                        },
                        "_closeParenToken": {
                            "kind": "CloseParenToken",
                            "start": 322,
                            "width": 1,
                            "fullWidth": 2,
                            "text": ")",
                            "hasTrailingTrivia": true
                        }
                    },
                    "_operatorToken": {
                        "kind": "ExclamationEqualsEqualsToken",
                        "start": 324,
                        "width": 3,
                        "fullWidth": 4,
                        "text": "!==",
                        "hasTrailingTrivia": true
                    },
                    "_right": {
                        "kind": "NumericLiteralExpression",
                        "_literalToken": {
                            "kind": "NumericLiteral",
                            "start": 328,
                            "width": 1,
                            "text": "1"
                        }
                    }
                },
                "_closeParenToken": {
                    "kind": "CloseParenToken",
                    "start": 329,
                    "width": 1,
                    "fullWidth": 2,
                    "text": ")",
                    "hasTrailingTrivia": true
                },
                "_statement": {
                    "kind": "Block",
                    "_openBraceToken": {
                        "kind": "OpenBraceToken",
                        "start": 331,
                        "width": 1,
                        "fullWidth": 2,
                        "text": "{",
                        "hasTrailingTrivia": true,
                        "hasTrailingNewLineTrivia": true
                    },
                    "_statements": [
                        {
                            "kind": "ExpressionStatement",
                            "_expression": {
                                "kind": "InvocationExpression",
                                "_expression": {
                                    "kind": "IdentifierName",
                                    "_identifier": {
                                        "kind": "IdentifierNameToken",
                                        "start": 335,
                                        "fullStart": 333,
                                        "width": 6,
                                        "fullWidth": 8,
                                        "text": "$ERROR",
                                        "valueText": "$ERROR",
                                        "hasLeadingTrivia": true
                                    }
                                },
                                "_argumentList": {
                                    "kind": "ArgumentList",
                                    "_openParenToken": {
                                        "kind": "OpenParenToken",
                                        "start": 341,
                                        "width": 1,
                                        "text": "("
                                    },
                                    "_arguments": [
                                        {
                                            "kind": "AddExpression",
                                            "_left": {
                                                "kind": "StringLiteralExpression",
                                                "_literalToken": {
                                                    "kind": "StringLiteral",
                                                    "start": 342,
                                                    "width": 25,
                                                    "fullWidth": 26,
                                                    "text": "'#1: (1) === 1. Actual: '",
                                                    "hasTrailingTrivia": true
                                                }
                                            },
                                            "_operatorToken": {
                                                "kind": "PlusToken",
                                                "start": 368,
                                                "width": 1,
                                                "fullWidth": 2,
                                                "text": "+",
                                                "hasTrailingTrivia": true
                                            },
                                            "_right": {
                                                "kind": "ParenthesizedExpression",
                                                "_openParenToken": {
                                                    "kind": "OpenParenToken",
                                                    "start": 370,
                                                    "width": 1,
                                                    "text": "("
                                                },
                                                "_expression": {
                                                    "kind": "ParenthesizedExpression",
                                                    "_openParenToken": {
                                                        "kind": "OpenParenToken",
                                                        "start": 371,
                                                        "width": 1,
                                                        "text": "("
                                                    },
                                                    "_expression": {
                                                        "kind": "NumericLiteralExpression",
                                                        "_literalToken": {
                                                            "kind": "NumericLiteral",
                                                            "start": 372,
                                                            "width": 1,
                                                            "text": "1"
                                                        }
                                                    },
                                                    "_closeParenToken": {
                                                        "kind": "CloseParenToken",
                                                        "start": 373,
                                                        "width": 1,
                                                        "text": ")"
                                                    }
                                                },
                                                "_closeParenToken": {
                                                    "kind": "CloseParenToken",
                                                    "start": 374,
                                                    "width": 1,
                                                    "text": ")"
                                                }
                                            }
                                        }
                                    ],
                                    "_closeParenToken": {
                                        "kind": "CloseParenToken",
                                        "start": 375,
                                        "width": 1,
                                        "text": ")"
                                    }
                                }
                            },
                            "_semicolonToken": {
                                "kind": "SemicolonToken",
                                "start": 376,
                                "width": 1,
                                "fullWidth": 2,
                                "text": ";",
                                "hasTrailingTrivia": true,
                                "hasTrailingNewLineTrivia": true
                            }
                        }
                    ],
                    "_closeBraceToken": {
                        "kind": "CloseBraceToken",
                        "start": 378,
                        "width": 1,
                        "fullWidth": 2,
                        "text": "}",
                        "hasTrailingTrivia": true,
                        "hasTrailingNewLineTrivia": true
                    }
                }
            },
            {
                "kind": "VariableStatement",
                "_variableDeclaration": {
                    "kind": "VariableDeclaration",
                    "_varKeyword": {
                        "kind": "IdentifierNameToken",
                        "keywordKind": "VarKeyword",
                        "start": 391,
                        "fullStart": 380,
                        "width": 3,
                        "fullWidth": 15,
                        "text": "var",
                        "hasLeadingTrivia": true,
                        "hasLeadingCommentTrivia": true,
                        "hasLeadingNewLineTrivia": true,
                        "hasTrailingTrivia": true
                    },
                    "_variableDeclarators": [
                        {
                            "kind": "VariableDeclarator",
                            "_identifier": {
                                "kind": "IdentifierNameToken",
                                "start": 395,
                                "width": 1,
                                "fullWidth": 2,
                                "text": "x",
                                "valueText": "x",
                                "hasTrailingTrivia": true
                            },
                            "_equalsValueClause": {
                                "kind": "EqualsValueClause",
                                "_equalsToken": {
                                    "kind": "EqualsToken",
                                    "start": 397,
                                    "width": 1,
                                    "fullWidth": 2,
                                    "text": "=",
                                    "hasTrailingTrivia": true
                                },
                                "_value": {
                                    "kind": "ObjectCreationExpression",
                                    "_newKeyword": {
                                        "kind": "IdentifierNameToken",
                                        "keywordKind": "NewKeyword",
                                        "start": 399,
                                        "width": 3,
                                        "fullWidth": 4,
                                        "text": "new",
                                        "hasTrailingTrivia": true
                                    },
                                    "_expression": {
                                        "kind": "IdentifierName",
                                        "_identifier": {
                                            "kind": "IdentifierNameToken",
                                            "start": 403,
                                            "width": 6,
                                            "text": "Number",
                                            "valueText": "Number"
                                        }
                                    },
                                    "_argumentList": {
                                        "kind": "ArgumentList",
                                        "_openParenToken": {
                                            "kind": "OpenParenToken",
                                            "start": 409,
                                            "width": 1,
                                            "text": "("
                                        },
                                        "_arguments": [
                                            {
                                                "kind": "NumericLiteralExpression",
                                                "_literalToken": {
                                                    "kind": "NumericLiteral",
                                                    "start": 410,
                                                    "width": 1,
                                                    "text": "1"
                                                }
                                            }
                                        ],
                                        "_closeParenToken": {
                                            "kind": "CloseParenToken",
                                            "start": 411,
                                            "width": 1,
                                            "text": ")"
                                        }
                                    }
                                }
                            }
                        }
                    ]
                },
                "_semicolonToken": {
                    "kind": "SemicolonToken",
                    "start": 412,
                    "width": 1,
                    "fullWidth": 2,
                    "text": ";",
                    "hasTrailingTrivia": true,
                    "hasTrailingNewLineTrivia": true
                }
            },
            {
                "kind": "IfStatement",
                "_ifKeyword": {
                    "kind": "IdentifierNameToken",
                    "keywordKind": "IfKeyword",
                    "start": 414,
                    "width": 2,
                    "fullWidth": 3,
                    "text": "if",
                    "hasTrailingTrivia": true
                },
                "_openParenToken": {
                    "kind": "OpenParenToken",
                    "start": 417,
                    "width": 1,
                    "text": "("
                },
                "_condition": {
                    "kind": "NotEqualsExpression",
                    "_left": {
                        "kind": "ParenthesizedExpression",
                        "_openParenToken": {
                            "kind": "OpenParenToken",
                            "start": 418,
                            "width": 1,
                            "text": "("
                        },
                        "_expression": {
                            "kind": "IdentifierName",
                            "_identifier": {
                                "kind": "IdentifierNameToken",
                                "start": 419,
                                "width": 1,
                                "text": "x",
                                "valueText": "x"
                            }
                        },
                        "_closeParenToken": {
                            "kind": "CloseParenToken",
                            "start": 420,
                            "width": 1,
                            "fullWidth": 2,
                            "text": ")",
                            "hasTrailingTrivia": true
                        }
                    },
                    "_operatorToken": {
                        "kind": "ExclamationEqualsEqualsToken",
                        "start": 422,
                        "width": 3,
                        "fullWidth": 4,
                        "text": "!==",
                        "hasTrailingTrivia": true
                    },
                    "_right": {
                        "kind": "IdentifierName",
                        "_identifier": {
                            "kind": "IdentifierNameToken",
                            "start": 426,
                            "width": 1,
                            "text": "x",
                            "valueText": "x"
                        }
                    }
                },
                "_closeParenToken": {
                    "kind": "CloseParenToken",
                    "start": 427,
                    "width": 1,
                    "fullWidth": 2,
                    "text": ")",
                    "hasTrailingTrivia": true
                },
                "_statement": {
                    "kind": "Block",
                    "_openBraceToken": {
                        "kind": "OpenBraceToken",
                        "start": 429,
                        "width": 1,
                        "fullWidth": 2,
                        "text": "{",
                        "hasTrailingTrivia": true,
                        "hasTrailingNewLineTrivia": true
                    },
                    "_statements": [
                        {
                            "kind": "ExpressionStatement",
                            "_expression": {
                                "kind": "InvocationExpression",
                                "_expression": {
                                    "kind": "IdentifierName",
                                    "_identifier": {
                                        "kind": "IdentifierNameToken",
                                        "start": 433,
                                        "fullStart": 431,
                                        "width": 6,
                                        "fullWidth": 8,
                                        "text": "$ERROR",
                                        "valueText": "$ERROR",
                                        "hasLeadingTrivia": true
                                    }
                                },
                                "_argumentList": {
                                    "kind": "ArgumentList",
                                    "_openParenToken": {
                                        "kind": "OpenParenToken",
                                        "start": 439,
                                        "width": 1,
                                        "text": "("
                                    },
                                    "_arguments": [
                                        {
                                            "kind": "AddExpression",
                                            "_left": {
                                                "kind": "StringLiteralExpression",
                                                "_literalToken": {
                                                    "kind": "StringLiteral",
                                                    "start": 440,
                                                    "width": 48,
                                                    "fullWidth": 49,
                                                    "text": "'#2: var x = new Number(1); (x) === x. Actual: '",
                                                    "hasTrailingTrivia": true
                                                }
                                            },
                                            "_operatorToken": {
                                                "kind": "PlusToken",
                                                "start": 489,
                                                "width": 1,
                                                "fullWidth": 2,
                                                "text": "+",
                                                "hasTrailingTrivia": true
                                            },
                                            "_right": {
                                                "kind": "ParenthesizedExpression",
                                                "_openParenToken": {
                                                    "kind": "OpenParenToken",
                                                    "start": 491,
                                                    "width": 1,
                                                    "text": "("
                                                },
                                                "_expression": {
                                                    "kind": "ParenthesizedExpression",
                                                    "_openParenToken": {
                                                        "kind": "OpenParenToken",
                                                        "start": 492,
                                                        "width": 1,
                                                        "text": "("
                                                    },
                                                    "_expression": {
                                                        "kind": "IdentifierName",
                                                        "_identifier": {
                                                            "kind": "IdentifierNameToken",
                                                            "start": 493,
                                                            "width": 1,
                                                            "text": "x",
                                                            "valueText": "x"
                                                        }
                                                    },
                                                    "_closeParenToken": {
                                                        "kind": "CloseParenToken",
                                                        "start": 494,
                                                        "width": 1,
                                                        "text": ")"
                                                    }
                                                },
                                                "_closeParenToken": {
                                                    "kind": "CloseParenToken",
                                                    "start": 495,
                                                    "width": 1,
                                                    "text": ")"
                                                }
                                            }
                                        }
                                    ],
                                    "_closeParenToken": {
                                        "kind": "CloseParenToken",
                                        "start": 496,
                                        "width": 1,
                                        "text": ")"
                                    }
                                }
                            },
                            "_semicolonToken": {
                                "kind": "SemicolonToken",
                                "start": 497,
                                "width": 1,
                                "fullWidth": 2,
                                "text": ";",
                                "hasTrailingTrivia": true,
                                "hasTrailingNewLineTrivia": true
                            }
                        }
                    ],
                    "_closeBraceToken": {
                        "kind": "CloseBraceToken",
                        "start": 499,
                        "width": 1,
                        "fullWidth": 2,
                        "text": "}",
                        "hasTrailingTrivia": true,
                        "hasTrailingNewLineTrivia": true
                    }
                }
            }
        ],
        "_endOfFileToken": {
            "kind": "EndOfFileToken",
            "start": 502,
            "fullStart": 501,
            "width": 0,
            "fullWidth": 1,
            "text": "",
            "hasLeadingTrivia": true,
            "hasLeadingNewLineTrivia": true
        }
    }
}