{
    "_sourceUnit": {
        "kind": "SourceUnit",
        "_moduleElements": [
            {
                "kind": "ExpressionStatement",
                "_expression": {
                    "kind": "AssignmentExpression",
                    "_left": {
                        "kind": "IdentifierName",
                        "_identifier": {
                            "kind": "IdentifierNameToken",
                            "start": 328,
                            "fullStart": 0,
                            "width": 1,
                            "fullWidth": 330,
                            "text": "x",
                            "valueText": "x",
                            "hasLeadingTrivia": true,
                            "hasLeadingCommentTrivia": true,
                            "hasLeadingNewLineTrivia": true,
                            "hasTrailingTrivia": true,
                            "leadingTrivia": [
                                {
                                    "kind": "SingleLineCommentTrivia",
                                    "fullStart": 0,
                                    "text": "// Copyright 2009 the Sputnik authors.  All rights reserved."
                                },
                                {
                                    "kind": "NewLineTrivia",
                                    "fullStart": 60,
                                    "text": "\n"
                                },
                                {
                                    "kind": "SingleLineCommentTrivia",
                                    "fullStart": 61,
                                    "text": "// This code is governed by the BSD license found in the LICENSE file."
                                },
                                {
                                    "kind": "NewLineTrivia",
                                    "fullStart": 131,
                                    "text": "\n"
                                },
                                {
                                    "kind": "NewLineTrivia",
                                    "fullStart": 132,
                                    "text": "\n"
                                },
                                {
                                    "kind": "MultiLineCommentTrivia",
                                    "fullStart": 133,
                                    "text": "/**\n * The Date.prototype property \"getSeconds\" has { DontEnum } attributes\n *\n * @path ch15/15.9/15.9.5/15.9.5.22/S15.9.5.22_A1_T1.js\n * @description Checking absence of ReadOnly attribute\n */"
                                },
                                {
                                    "kind": "NewLineTrivia",
                                    "fullStart": 326,
                                    "text": "\n"
                                },
                                {
                                    "kind": "NewLineTrivia",
                                    "fullStart": 327,
                                    "text": "\n"
                                }
                            ],
                            "trailingTrivia": [
                                {
                                    "kind": "WhitespaceTrivia",
                                    "fullStart": 0,
                                    "text": " "
                                }
                            ]
                        }
                    },
                    "_operatorToken": {
                        "kind": "EqualsToken",
                        "start": 330,
                        "width": 1,
                        "fullWidth": 2,
                        "text": "=",
                        "hasTrailingTrivia": true,
                        "trailingTrivia": [
                            {
                                "kind": "WhitespaceTrivia",
                                "fullStart": 0,
                                "text": " "
                            }
                        ]
                    },
                    "_right": {
                        "kind": "MemberAccessExpression",
                        "_expression": {
                            "kind": "MemberAccessExpression",
                            "_expression": {
                                "kind": "IdentifierName",
                                "_identifier": {
                                    "kind": "IdentifierNameToken",
                                    "start": 332,
                                    "width": 4,
                                    "text": "Date",
                                    "valueText": "Date"
                                }
                            },
                            "_dotToken": {
                                "kind": "DotToken",
                                "start": 336,
                                "width": 1,
                                "text": "."
                            },
                            "_identifierName": {
                                "kind": "IdentifierName",
                                "_identifier": {
                                    "kind": "IdentifierNameToken",
                                    "start": 337,
                                    "width": 9,
                                    "text": "prototype",
                                    "valueText": "prototype"
                                }
                            }
                        },
                        "_dotToken": {
                            "kind": "DotToken",
                            "start": 346,
                            "width": 1,
                            "text": "."
                        },
                        "_identifierName": {
                            "kind": "IdentifierName",
                            "_identifier": {
                                "kind": "IdentifierNameToken",
                                "start": 347,
                                "width": 10,
                                "text": "getSeconds",
                                "valueText": "getSeconds"
                            }
                        }
                    }
                },
                "_semicolonToken": {
                    "kind": "SemicolonToken",
                    "start": 357,
                    "width": 1,
                    "fullWidth": 2,
                    "text": ";",
                    "hasTrailingTrivia": true,
                    "hasTrailingNewLineTrivia": true,
                    "trailingTrivia": [
                        {
                            "kind": "NewLineTrivia",
                            "fullStart": 0,
                            "text": "\n"
                        }
                    ]
                }
            },
            {
                "kind": "IfStatement",
                "_ifKeyword": {
                    "kind": "IdentifierNameToken",
                    "keywordKind": "IfKeyword",
                    "start": 359,
                    "width": 2,
                    "text": "if"
                },
                "_openParenToken": {
                    "kind": "OpenParenToken",
                    "start": 361,
                    "width": 1,
                    "text": "("
                },
                "_condition": {
                    "kind": "EqualsExpression",
                    "_left": {
                        "kind": "IdentifierName",
                        "_identifier": {
                            "kind": "IdentifierNameToken",
                            "start": 362,
                            "width": 1,
                            "fullWidth": 2,
                            "text": "x",
                            "valueText": "x",
                            "hasTrailingTrivia": true,
                            "trailingTrivia": [
                                {
                                    "kind": "WhitespaceTrivia",
                                    "fullStart": 0,
                                    "text": " "
                                }
                            ]
                        }
                    },
                    "_operatorToken": {
                        "kind": "EqualsEqualsEqualsToken",
                        "start": 364,
                        "width": 3,
                        "fullWidth": 4,
                        "text": "===",
                        "hasTrailingTrivia": true,
                        "trailingTrivia": [
                            {
                                "kind": "WhitespaceTrivia",
                                "fullStart": 0,
                                "text": " "
                            }
                        ]
                    },
                    "_right": {
                        "kind": "NumericLiteralExpression",
                        "_literalToken": {
                            "kind": "NumericLiteral",
                            "start": 368,
                            "width": 1,
                            "text": "1"
                        }
                    }
                },
                "_closeParenToken": {
                    "kind": "CloseParenToken",
                    "start": 369,
                    "width": 1,
                    "fullWidth": 2,
                    "text": ")",
                    "hasTrailingTrivia": true,
                    "hasTrailingNewLineTrivia": true,
                    "trailingTrivia": [
                        {
                            "kind": "NewLineTrivia",
                            "fullStart": 0,
                            "text": "\n"
                        }
                    ]
                },
                "_statement": {
                    "kind": "ExpressionStatement",
                    "_expression": {
                        "kind": "AssignmentExpression",
                        "_left": {
                            "kind": "MemberAccessExpression",
                            "_expression": {
                                "kind": "MemberAccessExpression",
                                "_expression": {
                                    "kind": "IdentifierName",
                                    "_identifier": {
                                        "kind": "IdentifierNameToken",
                                        "start": 373,
                                        "fullStart": 371,
                                        "width": 4,
                                        "fullWidth": 6,
                                        "text": "Date",
                                        "valueText": "Date",
                                        "hasLeadingTrivia": true,
                                        "leadingTrivia": [
                                            {
                                                "kind": "WhitespaceTrivia",
                                                "fullStart": 0,
                                                "text": "  "
                                            }
                                        ]
                                    }
                                },
                                "_dotToken": {
                                    "kind": "DotToken",
                                    "start": 377,
                                    "width": 1,
                                    "text": "."
                                },
                                "_identifierName": {
                                    "kind": "IdentifierName",
                                    "_identifier": {
                                        "kind": "IdentifierNameToken",
                                        "start": 378,
                                        "width": 9,
                                        "text": "prototype",
                                        "valueText": "prototype"
                                    }
                                }
                            },
                            "_dotToken": {
                                "kind": "DotToken",
                                "start": 387,
                                "width": 1,
                                "text": "."
                            },
                            "_identifierName": {
                                "kind": "IdentifierName",
                                "_identifier": {
                                    "kind": "IdentifierNameToken",
                                    "start": 388,
                                    "width": 10,
                                    "fullWidth": 11,
                                    "text": "getSeconds",
                                    "valueText": "getSeconds",
                                    "hasTrailingTrivia": true,
                                    "trailingTrivia": [
                                        {
                                            "kind": "WhitespaceTrivia",
                                            "fullStart": 0,
                                            "text": " "
                                        }
                                    ]
                                }
                            }
                        },
                        "_operatorToken": {
                            "kind": "EqualsToken",
                            "start": 399,
                            "width": 1,
                            "fullWidth": 2,
                            "text": "=",
                            "hasTrailingTrivia": true,
                            "trailingTrivia": [
                                {
                                    "kind": "WhitespaceTrivia",
                                    "fullStart": 0,
                                    "text": " "
                                }
                            ]
                        },
                        "_right": {
                            "kind": "NumericLiteralExpression",
                            "_literalToken": {
                                "kind": "NumericLiteral",
                                "start": 401,
                                "width": 1,
                                "text": "2"
                            }
                        }
                    },
                    "_semicolonToken": {
                        "kind": "SemicolonToken",
                        "start": 402,
                        "width": 1,
                        "fullWidth": 2,
                        "text": ";",
                        "hasTrailingTrivia": true,
                        "hasTrailingNewLineTrivia": true,
                        "trailingTrivia": [
                            {
                                "kind": "NewLineTrivia",
                                "fullStart": 0,
                                "text": "\n"
                            }
                        ]
                    }
                },
                "_elseClause": {
                    "kind": "ElseClause",
                    "_elseKeyword": {
                        "kind": "IdentifierNameToken",
                        "keywordKind": "ElseKeyword",
                        "start": 404,
                        "width": 4,
                        "fullWidth": 5,
                        "text": "else",
                        "hasTrailingTrivia": true,
                        "hasTrailingNewLineTrivia": true,
                        "trailingTrivia": [
                            {
                                "kind": "NewLineTrivia",
                                "fullStart": 0,
                                "text": "\n"
                            }
                        ]
                    },
                    "_statement": {
                        "kind": "ExpressionStatement",
                        "_expression": {
                            "kind": "AssignmentExpression",
                            "_left": {
                                "kind": "MemberAccessExpression",
                                "_expression": {
                                    "kind": "MemberAccessExpression",
                                    "_expression": {
                                        "kind": "IdentifierName",
                                        "_identifier": {
                                            "kind": "IdentifierNameToken",
                                            "start": 411,
                                            "fullStart": 409,
                                            "width": 4,
                                            "fullWidth": 6,
                                            "text": "Date",
                                            "valueText": "Date",
                                            "hasLeadingTrivia": true,
                                            "leadingTrivia": [
                                                {
                                                    "kind": "WhitespaceTrivia",
                                                    "fullStart": 0,
                                                    "text": "  "
                                                }
                                            ]
                                        }
                                    },
                                    "_dotToken": {
                                        "kind": "DotToken",
                                        "start": 415,
                                        "width": 1,
                                        "text": "."
                                    },
                                    "_identifierName": {
                                        "kind": "IdentifierName",
                                        "_identifier": {
                                            "kind": "IdentifierNameToken",
                                            "start": 416,
                                            "width": 9,
                                            "text": "prototype",
                                            "valueText": "prototype"
                                        }
                                    }
                                },
                                "_dotToken": {
                                    "kind": "DotToken",
                                    "start": 425,
                                    "width": 1,
                                    "text": "."
                                },
                                "_identifierName": {
                                    "kind": "IdentifierName",
                                    "_identifier": {
                                        "kind": "IdentifierNameToken",
                                        "start": 426,
                                        "width": 10,
                                        "fullWidth": 11,
                                        "text": "getSeconds",
                                        "valueText": "getSeconds",
                                        "hasTrailingTrivia": true,
                                        "trailingTrivia": [
                                            {
                                                "kind": "WhitespaceTrivia",
                                                "fullStart": 0,
                                                "text": " "
                                            }
                                        ]
                                    }
                                }
                            },
                            "_operatorToken": {
                                "kind": "EqualsToken",
                                "start": 437,
                                "width": 1,
                                "fullWidth": 2,
                                "text": "=",
                                "hasTrailingTrivia": true,
                                "trailingTrivia": [
                                    {
                                        "kind": "WhitespaceTrivia",
                                        "fullStart": 0,
                                        "text": " "
                                    }
                                ]
                            },
                            "_right": {
                                "kind": "NumericLiteralExpression",
                                "_literalToken": {
                                    "kind": "NumericLiteral",
                                    "start": 439,
                                    "width": 1,
                                    "text": "1"
                                }
                            }
                        },
                        "_semicolonToken": {
                            "kind": "SemicolonToken",
                            "start": 440,
                            "width": 1,
                            "fullWidth": 2,
                            "text": ";",
                            "hasTrailingTrivia": true,
                            "hasTrailingNewLineTrivia": true,
                            "trailingTrivia": [
                                {
                                    "kind": "NewLineTrivia",
                                    "fullStart": 0,
                                    "text": "\n"
                                }
                            ]
                        }
                    }
                }
            },
            {
                "kind": "IfStatement",
                "_ifKeyword": {
                    "kind": "IdentifierNameToken",
                    "keywordKind": "IfKeyword",
                    "start": 442,
                    "width": 2,
                    "fullWidth": 3,
                    "text": "if",
                    "hasTrailingTrivia": true,
                    "trailingTrivia": [
                        {
                            "kind": "WhitespaceTrivia",
                            "fullStart": 0,
                            "text": " "
                        }
                    ]
                },
                "_openParenToken": {
                    "kind": "OpenParenToken",
                    "start": 445,
                    "width": 1,
                    "text": "("
                },
                "_condition": {
                    "kind": "EqualsExpression",
                    "_left": {
                        "kind": "MemberAccessExpression",
                        "_expression": {
                            "kind": "MemberAccessExpression",
                            "_expression": {
                                "kind": "IdentifierName",
                                "_identifier": {
                                    "kind": "IdentifierNameToken",
                                    "start": 446,
                                    "width": 4,
                                    "text": "Date",
                                    "valueText": "Date"
                                }
                            },
                            "_dotToken": {
                                "kind": "DotToken",
                                "start": 450,
                                "width": 1,
                                "text": "."
                            },
                            "_identifierName": {
                                "kind": "IdentifierName",
                                "_identifier": {
                                    "kind": "IdentifierNameToken",
                                    "start": 451,
                                    "width": 9,
                                    "text": "prototype",
                                    "valueText": "prototype"
                                }
                            }
                        },
                        "_dotToken": {
                            "kind": "DotToken",
                            "start": 460,
                            "width": 1,
                            "text": "."
                        },
                        "_identifierName": {
                            "kind": "IdentifierName",
                            "_identifier": {
                                "kind": "IdentifierNameToken",
                                "start": 461,
                                "width": 10,
                                "fullWidth": 11,
                                "text": "getSeconds",
                                "valueText": "getSeconds",
                                "hasTrailingTrivia": true,
                                "trailingTrivia": [
                                    {
                                        "kind": "WhitespaceTrivia",
                                        "fullStart": 0,
                                        "text": " "
                                    }
                                ]
                            }
                        }
                    },
                    "_operatorToken": {
                        "kind": "EqualsEqualsEqualsToken",
                        "start": 472,
                        "width": 3,
                        "fullWidth": 4,
                        "text": "===",
                        "hasTrailingTrivia": true,
                        "trailingTrivia": [
                            {
                                "kind": "WhitespaceTrivia",
                                "fullStart": 0,
                                "text": " "
                            }
                        ]
                    },
                    "_right": {
                        "kind": "IdentifierName",
                        "_identifier": {
                            "kind": "IdentifierNameToken",
                            "start": 476,
                            "width": 1,
                            "text": "x",
                            "valueText": "x"
                        }
                    }
                },
                "_closeParenToken": {
                    "kind": "CloseParenToken",
                    "start": 477,
                    "width": 1,
                    "fullWidth": 2,
                    "text": ")",
                    "hasTrailingTrivia": true,
                    "trailingTrivia": [
                        {
                            "kind": "WhitespaceTrivia",
                            "fullStart": 0,
                            "text": " "
                        }
                    ]
                },
                "_statement": {
                    "kind": "Block",
                    "_openBraceToken": {
                        "kind": "OpenBraceToken",
                        "start": 479,
                        "width": 1,
                        "fullWidth": 2,
                        "text": "{",
                        "hasTrailingTrivia": true,
                        "hasTrailingNewLineTrivia": true,
                        "trailingTrivia": [
                            {
                                "kind": "NewLineTrivia",
                                "fullStart": 0,
                                "text": "\n"
                            }
                        ]
                    },
                    "_statements": [
                        {
                            "kind": "ExpressionStatement",
                            "_expression": {
                                "kind": "InvocationExpression",
                                "_expression": {
                                    "kind": "IdentifierName",
                                    "_identifier": {
                                        "kind": "IdentifierNameToken",
                                        "start": 483,
                                        "fullStart": 481,
                                        "width": 6,
                                        "fullWidth": 8,
                                        "text": "$ERROR",
                                        "valueText": "$ERROR",
                                        "hasLeadingTrivia": true,
                                        "leadingTrivia": [
                                            {
                                                "kind": "WhitespaceTrivia",
                                                "fullStart": 0,
                                                "text": "  "
                                            }
                                        ]
                                    }
                                },
                                "_argumentList": {
                                    "kind": "ArgumentList",
                                    "_openParenToken": {
                                        "kind": "OpenParenToken",
                                        "start": 489,
                                        "width": 1,
                                        "text": "("
                                    },
                                    "_arguments": [
                                        {
                                            "kind": "StringLiteralExpression",
                                            "_literalToken": {
                                                "kind": "StringLiteral",
                                                "start": 490,
                                                "width": 66,
                                                "text": "'#1: The Date.prototype.getSeconds has not the attribute ReadOnly'"
                                            }
                                        }
                                    ],
                                    "_closeParenToken": {
                                        "kind": "CloseParenToken",
                                        "start": 556,
                                        "width": 1,
                                        "text": ")"
                                    }
                                }
                            },
                            "_semicolonToken": {
                                "kind": "SemicolonToken",
                                "start": 557,
                                "width": 1,
                                "fullWidth": 2,
                                "text": ";",
                                "hasTrailingTrivia": true,
                                "hasTrailingNewLineTrivia": true,
                                "trailingTrivia": [
                                    {
                                        "kind": "NewLineTrivia",
                                        "fullStart": 0,
                                        "text": "\n"
                                    }
                                ]
                            }
                        }
                    ],
                    "_closeBraceToken": {
                        "kind": "CloseBraceToken",
                        "start": 559,
                        "width": 1,
                        "fullWidth": 2,
                        "text": "}",
                        "hasTrailingTrivia": true,
                        "hasTrailingNewLineTrivia": true,
                        "trailingTrivia": [
                            {
                                "kind": "NewLineTrivia",
                                "fullStart": 0,
                                "text": "\n"
                            }
                        ]
                    }
                }
            }
        ],
        "_endOfFileToken": {
            "kind": "EndOfFileToken",
            "start": 563,
            "fullStart": 561,
            "width": 0,
            "fullWidth": 2,
            "text": "",
            "hasLeadingTrivia": true,
            "hasLeadingNewLineTrivia": true,
            "leadingTrivia": [
                {
                    "kind": "NewLineTrivia",
                    "fullStart": 0,
                    "text": "\n"
                },
                {
                    "kind": "NewLineTrivia",
                    "fullStart": 1,
                    "text": "\n"
                }
            ]
        }
    }
}