{
    "fullText": [
        "var a, b;"
    ],
    "sourceUnit": {
        "kind": "SourceUnit",
        "fullWidth": 9,
        "hasZeroWidthToken": true,
        "moduleElements": [
            {
                "kind": "VariableStatement",
                "fullWidth": 9,
                "variableDeclaration": {
                    "kind": "VariableDeclaration",
                    "fullWidth": 8,
                    "varKeyword": {
                        "kind": "VarKeyword",
                        "width": 3,
                        "fullWidth": 4,
                        "text": "var",
                        "hasTrailingTrivia": true,
                        "trailingTrivia": [
                            {
                                "kind": "WhitespaceTrivia",
                                "text": " "
                            }
                        ]
                    },
                    "variableDeclarators": [
                        {
                            "kind": "VariableDeclarator",
                            "fullWidth": 1,
                            "identifier": {
                                "kind": "IdentifierName",
                                "width": 1,
                                "text": "a",
                                "valueText": "a"
                            }
                        },
                        {
                            "kind": "CommaToken",
                            "width": 1,
                            "fullWidth": 2,
                            "text": ",",
                            "hasTrailingTrivia": true,
                            "trailingTrivia": [
                                {
                                    "kind": "WhitespaceTrivia",
                                    "text": " "
                                }
                            ]
                        },
                        {
                            "kind": "VariableDeclarator",
                            "fullWidth": 1,
                            "identifier": {
                                "kind": "IdentifierName",
                                "width": 1,
                                "text": "b",
                                "valueText": "b"
                            }
                        }
                    ]
                },
                "semicolonToken": {
                    "kind": "SemicolonToken",
                    "width": 1,
                    "text": ";"
                }
            }
        ],
        "endOfFileToken": {
            "kind": "EndOfFileToken",
            "width": 0,
            "text": ""
        }
    }
}