{
    "isDeclaration": false,
    "languageVersion": "EcmaScript5",
    "parseOptions": {
        "allowAutomaticSemicolonInsertion": true,
        "allowModuleKeywordInExternalModuleReference": true
    },
    "sourceUnit": {
        "kind": "SourceUnit",
        "fullWidth": 459,
        "moduleElements": [
            {
                "kind": "ExpressionStatement",
                "fullWidth": 384,
                "expression": {
                    "kind": "InvocationExpression",
                    "fullWidth": 382,
                    "expression": {
                        "kind": "IdentifierName",
                        "width": 8,
                        "fullWidth": 358,
                        "text": "$INCLUDE",
                        "value": "$INCLUDE",
                        "valueText": "$INCLUDE",
                        "hasLeadingTrivia": true,
                        "hasLeadingComment": true,
                        "hasLeadingNewLine": true,
                        "leadingTrivia": [
                            {
                                "kind": "SingleLineCommentTrivia",
                                "text": "// Copyright 2012 Mozilla Corporation. All rights reserved."
                            },
                            {
                                "kind": "NewLineTrivia",
                                "text": "\n"
                            },
                            {
                                "kind": "SingleLineCommentTrivia",
                                "text": "// This code is governed by the license found in the LICENSE file."
                            },
                            {
                                "kind": "NewLineTrivia",
                                "text": "\n"
                            },
                            {
                                "kind": "NewLineTrivia",
                                "text": "\n"
                            },
                            {
                                "kind": "MultiLineCommentTrivia",
                                "text": "/**\n * @description Tests that Intl.Collator\n *     meets the requirements for built-in objects defined by the introduction of\n *     chapter 15 of the ECMAScript Language Specification.\n * @author Norbert Lindenberg\n */"
                            },
                            {
                                "kind": "NewLineTrivia",
                                "text": "\n"
                            },
                            {
                                "kind": "NewLineTrivia",
                                "text": "\n"
                            }
                        ]
                    },
                    "argumentList": {
                        "kind": "ArgumentList",
                        "fullWidth": 24,
                        "openParenToken": {
                            "kind": "OpenParenToken",
                            "width": 1,
                            "text": "(",
                            "value": "(",
                            "valueText": "("
                        },
                        "arguments": [
                            {
                                "kind": "StringLiteral",
                                "width": 22,
                                "text": "\"testBuiltInObject.js\"",
                                "value": "testBuiltInObject.js",
                                "valueText": "testBuiltInObject.js"
                            }
                        ],
                        "closeParenToken": {
                            "kind": "CloseParenToken",
                            "width": 1,
                            "text": ")",
                            "value": ")",
                            "valueText": ")"
                        }
                    }
                },
                "semicolonToken": {
                    "kind": "SemicolonToken",
                    "width": 1,
                    "fullWidth": 2,
                    "text": ";",
                    "value": ";",
                    "valueText": ";",
                    "hasTrailingTrivia": true,
                    "hasTrailingNewLine": true,
                    "trailingTrivia": [
                        {
                            "kind": "NewLineTrivia",
                            "text": "\n"
                        }
                    ]
                }
            },
            {
                "kind": "ExpressionStatement",
                "fullWidth": 74,
                "expression": {
                    "kind": "InvocationExpression",
                    "fullWidth": 72,
                    "expression": {
                        "kind": "IdentifierName",
                        "width": 17,
                        "fullWidth": 18,
                        "text": "testBuiltInObject",
                        "value": "testBuiltInObject",
                        "valueText": "testBuiltInObject",
                        "hasLeadingTrivia": true,
                        "hasLeadingNewLine": true,
                        "leadingTrivia": [
                            {
                                "kind": "NewLineTrivia",
                                "text": "\n"
                            }
                        ]
                    },
                    "argumentList": {
                        "kind": "ArgumentList",
                        "fullWidth": 54,
                        "openParenToken": {
                            "kind": "OpenParenToken",
                            "width": 1,
                            "text": "(",
                            "value": "(",
                            "valueText": "("
                        },
                        "arguments": [
                            {
                                "kind": "MemberAccessExpression",
                                "fullWidth": 13,
                                "expression": {
                                    "kind": "IdentifierName",
                                    "width": 4,
                                    "text": "Intl",
                                    "value": "Intl",
                                    "valueText": "Intl"
                                },
                                "dotToken": {
                                    "kind": "DotToken",
                                    "width": 1,
                                    "text": ".",
                                    "value": ".",
                                    "valueText": "."
                                },
                                "name": {
                                    "kind": "IdentifierName",
                                    "width": 8,
                                    "text": "Collator",
                                    "value": "Collator",
                                    "valueText": "Collator"
                                }
                            },
                            {
                                "kind": "CommaToken",
                                "width": 1,
                                "fullWidth": 2,
                                "text": ",",
                                "value": ",",
                                "valueText": ",",
                                "hasTrailingTrivia": true,
                                "trailingTrivia": [
                                    {
                                        "kind": "WhitespaceTrivia",
                                        "text": " "
                                    }
                                ]
                            },
                            {
                                "kind": "TrueKeyword",
                                "width": 4,
                                "text": "true",
                                "value": true,
                                "valueText": "true"
                            },
                            {
                                "kind": "CommaToken",
                                "width": 1,
                                "fullWidth": 2,
                                "text": ",",
                                "value": ",",
                                "valueText": ",",
                                "hasTrailingTrivia": true,
                                "trailingTrivia": [
                                    {
                                        "kind": "WhitespaceTrivia",
                                        "text": " "
                                    }
                                ]
                            },
                            {
                                "kind": "TrueKeyword",
                                "width": 4,
                                "text": "true",
                                "value": true,
                                "valueText": "true"
                            },
                            {
                                "kind": "CommaToken",
                                "width": 1,
                                "fullWidth": 2,
                                "text": ",",
                                "value": ",",
                                "valueText": ",",
                                "hasTrailingTrivia": true,
                                "trailingTrivia": [
                                    {
                                        "kind": "WhitespaceTrivia",
                                        "text": " "
                                    }
                                ]
                            },
                            {
                                "kind": "ArrayLiteralExpression",
                                "fullWidth": 22,
                                "openBracketToken": {
                                    "kind": "OpenBracketToken",
                                    "width": 1,
                                    "text": "[",
                                    "value": "[",
                                    "valueText": "["
                                },
                                "expressions": [
                                    {
                                        "kind": "StringLiteral",
                                        "width": 20,
                                        "text": "\"supportedLocalesOf\"",
                                        "value": "supportedLocalesOf",
                                        "valueText": "supportedLocalesOf"
                                    }
                                ],
                                "closeBracketToken": {
                                    "kind": "CloseBracketToken",
                                    "width": 1,
                                    "text": "]",
                                    "value": "]",
                                    "valueText": "]"
                                }
                            },
                            {
                                "kind": "CommaToken",
                                "width": 1,
                                "fullWidth": 2,
                                "text": ",",
                                "value": ",",
                                "valueText": ",",
                                "hasTrailingTrivia": true,
                                "trailingTrivia": [
                                    {
                                        "kind": "WhitespaceTrivia",
                                        "text": " "
                                    }
                                ]
                            },
                            {
                                "kind": "NumericLiteral",
                                "width": 1,
                                "text": "0",
                                "value": 0,
                                "valueText": "0"
                            }
                        ],
                        "closeParenToken": {
                            "kind": "CloseParenToken",
                            "width": 1,
                            "text": ")",
                            "value": ")",
                            "valueText": ")"
                        }
                    }
                },
                "semicolonToken": {
                    "kind": "SemicolonToken",
                    "width": 1,
                    "fullWidth": 2,
                    "text": ";",
                    "value": ";",
                    "valueText": ";",
                    "hasTrailingTrivia": true,
                    "hasTrailingNewLine": true,
                    "trailingTrivia": [
                        {
                            "kind": "NewLineTrivia",
                            "text": "\n"
                        }
                    ]
                }
            }
        ],
        "endOfFileToken": {
            "kind": "EndOfFileToken",
            "width": 0,
            "fullWidth": 1,
            "text": "",
            "hasLeadingTrivia": true,
            "hasLeadingNewLine": true,
            "leadingTrivia": [
                {
                    "kind": "NewLineTrivia",
                    "text": "\n"
                }
            ]
        }
    },
    "lineMap": {
        "lineStarts": [
            0,
            60,
            127,
            128,
            132,
            173,
            255,
            315,
            345,
            349,
            350,
            384,
            385,
            458,
            459
        ],
        "length": 459
    }
}