{
    "_sourceUnit": {
        "kind": "SourceUnit",
        "fullWidth": 778,
        "hasZeroWidthToken": true,
        "_moduleElements": [
            {
                "kind": "FunctionDeclaration",
                "fullWidth": 754,
                "_functionKeyword": {
                    "kind": "FunctionKeyword",
                    "width": 8,
                    "fullWidth": 536,
                    "text": "function",
                    "hasLeadingTrivia": true,
                    "hasLeadingComment": true,
                    "hasLeadingNewLine": true,
                    "hasTrailingTrivia": true,
                    "leadingTrivia": [
                        {
                            "kind": "SingleLineCommentTrivia",
                            "text": "/// Copyright (c) 2012 Ecma International.  All rights reserved. "
                        },
                        {
                            "kind": "NewLineTrivia",
                            "text": "\r\n"
                        },
                        {
                            "kind": "SingleLineCommentTrivia",
                            "text": "/// Ecma International makes this code available under the terms and conditions set"
                        },
                        {
                            "kind": "NewLineTrivia",
                            "text": "\r\n"
                        },
                        {
                            "kind": "SingleLineCommentTrivia",
                            "text": "/// forth on http://hg.ecmascript.org/tests/test262/raw-file/tip/LICENSE (the "
                        },
                        {
                            "kind": "NewLineTrivia",
                            "text": "\r\n"
                        },
                        {
                            "kind": "SingleLineCommentTrivia",
                            "text": "/// \"Use Terms\").   Any redistribution of this code must retain the above "
                        },
                        {
                            "kind": "NewLineTrivia",
                            "text": "\r\n"
                        },
                        {
                            "kind": "SingleLineCommentTrivia",
                            "text": "/// copyright and this notice and otherwise comply with the Use Terms."
                        },
                        {
                            "kind": "NewLineTrivia",
                            "text": "\r\n"
                        },
                        {
                            "kind": "MultiLineCommentTrivia",
                            "text": "/**\r\n * @path ch15/15.4/15.4.4/15.4.4.22/15.4.4.22-9-c-ii-14.js\r\n * @description Array.prototype.reduceRight - callbackfn uses arguments\r\n */"
                        },
                        {
                            "kind": "NewLineTrivia",
                            "text": "\r\n"
                        },
                        {
                            "kind": "NewLineTrivia",
                            "text": "\r\n"
                        },
                        {
                            "kind": "NewLineTrivia",
                            "text": "\r\n"
                        }
                    ],
                    "trailingTrivia": [
                        {
                            "kind": "WhitespaceTrivia",
                            "text": " "
                        }
                    ]
                },
                "_functionSignature": {
                    "kind": "FunctionSignature",
                    "fullWidth": 11,
                    "_identifier": {
                        "kind": "IdentifierName",
                        "width": 8,
                        "text": "testcase",
                        "valueText": "testcase"
                    },
                    "_callSignature": {
                        "kind": "CallSignature",
                        "fullWidth": 3,
                        "_parameterList": {
                            "kind": "ParameterList",
                            "fullWidth": 3,
                            "_openParenToken": {
                                "kind": "OpenParenToken",
                                "width": 1,
                                "text": "("
                            },
                            "_parameters": [],
                            "_closeParenToken": {
                                "kind": "CloseParenToken",
                                "width": 1,
                                "fullWidth": 2,
                                "text": ")",
                                "hasTrailingTrivia": true,
                                "trailingTrivia": [
                                    {
                                        "kind": "WhitespaceTrivia",
                                        "text": " "
                                    }
                                ]
                            }
                        }
                    }
                },
                "_block": {
                    "kind": "Block",
                    "fullWidth": 207,
                    "_openBraceToken": {
                        "kind": "OpenBraceToken",
                        "width": 1,
                        "fullWidth": 3,
                        "text": "{",
                        "hasTrailingTrivia": true,
                        "hasTrailingNewLine": true,
                        "trailingTrivia": [
                            {
                                "kind": "NewLineTrivia",
                                "text": "\r\n"
                            }
                        ]
                    },
                    "_statements": [
                        {
                            "kind": "FunctionDeclaration",
                            "fullWidth": 135,
                            "_functionKeyword": {
                                "kind": "FunctionKeyword",
                                "width": 8,
                                "fullWidth": 19,
                                "text": "function",
                                "hasLeadingTrivia": true,
                                "hasLeadingNewLine": true,
                                "hasTrailingTrivia": true,
                                "leadingTrivia": [
                                    {
                                        "kind": "NewLineTrivia",
                                        "text": "\r\n"
                                    },
                                    {
                                        "kind": "WhitespaceTrivia",
                                        "text": "        "
                                    }
                                ],
                                "trailingTrivia": [
                                    {
                                        "kind": "WhitespaceTrivia",
                                        "text": " "
                                    }
                                ]
                            },
                            "_functionSignature": {
                                "kind": "FunctionSignature",
                                "fullWidth": 13,
                                "_identifier": {
                                    "kind": "IdentifierName",
                                    "width": 10,
                                    "text": "callbackfn",
                                    "valueText": "callbackfn"
                                },
                                "_callSignature": {
                                    "kind": "CallSignature",
                                    "fullWidth": 3,
                                    "_parameterList": {
                                        "kind": "ParameterList",
                                        "fullWidth": 3,
                                        "_openParenToken": {
                                            "kind": "OpenParenToken",
                                            "width": 1,
                                            "text": "("
                                        },
                                        "_parameters": [],
                                        "_closeParenToken": {
                                            "kind": "CloseParenToken",
                                            "width": 1,
                                            "fullWidth": 2,
                                            "text": ")",
                                            "hasTrailingTrivia": true,
                                            "trailingTrivia": [
                                                {
                                                    "kind": "WhitespaceTrivia",
                                                    "text": " "
                                                }
                                            ]
                                        }
                                    }
                                }
                            },
                            "_block": {
                                "kind": "Block",
                                "fullWidth": 103,
                                "_openBraceToken": {
                                    "kind": "OpenBraceToken",
                                    "width": 1,
                                    "fullWidth": 3,
                                    "text": "{",
                                    "hasTrailingTrivia": true,
                                    "hasTrailingNewLine": true,
                                    "trailingTrivia": [
                                        {
                                            "kind": "NewLineTrivia",
                                            "text": "\r\n"
                                        }
                                    ]
                                },
                                "_statements": [
                                    {
                                        "kind": "ReturnStatement",
                                        "fullWidth": 89,
                                        "_returnKeyword": {
                                            "kind": "ReturnKeyword",
                                            "width": 6,
                                            "fullWidth": 19,
                                            "text": "return",
                                            "hasLeadingTrivia": true,
                                            "hasTrailingTrivia": true,
                                            "leadingTrivia": [
                                                {
                                                    "kind": "WhitespaceTrivia",
                                                    "text": "            "
                                                }
                                            ],
                                            "trailingTrivia": [
                                                {
                                                    "kind": "WhitespaceTrivia",
                                                    "text": " "
                                                }
                                            ]
                                        },
                                        "_expression": {
                                            "kind": "LogicalAndExpression",
                                            "fullWidth": 67,
                                            "_left": {
                                                "kind": "EqualsExpression",
                                                "fullWidth": 21,
                                                "_left": {
                                                    "kind": "ElementAccessExpression",
                                                    "fullWidth": 13,
                                                    "_expression": {
                                                        "kind": "IdentifierName",
                                                        "width": 9,
                                                        "text": "arguments",
                                                        "valueText": "arguments"
                                                    },
                                                    "_openBracketToken": {
                                                        "kind": "OpenBracketToken",
                                                        "width": 1,
                                                        "text": "["
                                                    },
                                                    "_argumentExpression": {
                                                        "kind": "NumericLiteral",
                                                        "width": 1,
                                                        "text": "0"
                                                    },
                                                    "_closeBracketToken": {
                                                        "kind": "CloseBracketToken",
                                                        "width": 1,
                                                        "fullWidth": 2,
                                                        "text": "]",
                                                        "hasTrailingTrivia": true,
                                                        "trailingTrivia": [
                                                            {
                                                                "kind": "WhitespaceTrivia",
                                                                "text": " "
                                                            }
                                                        ]
                                                    }
                                                },
                                                "_operatorToken": {
                                                    "kind": "EqualsEqualsEqualsToken",
                                                    "width": 3,
                                                    "fullWidth": 4,
                                                    "text": "===",
                                                    "hasTrailingTrivia": true,
                                                    "trailingTrivia": [
                                                        {
                                                            "kind": "WhitespaceTrivia",
                                                            "text": " "
                                                        }
                                                    ]
                                                },
                                                "_right": {
                                                    "kind": "NumericLiteral",
                                                    "width": 3,
                                                    "fullWidth": 4,
                                                    "text": "100",
                                                    "hasTrailingTrivia": true,
                                                    "trailingTrivia": [
                                                        {
                                                            "kind": "WhitespaceTrivia",
                                                            "text": " "
                                                        }
                                                    ]
                                                }
                                            },
                                            "_operatorToken": {
                                                "kind": "AmpersandAmpersandToken",
                                                "width": 2,
                                                "fullWidth": 3,
                                                "text": "&&",
                                                "hasTrailingTrivia": true,
                                                "trailingTrivia": [
                                                    {
                                                        "kind": "WhitespaceTrivia",
                                                        "text": " "
                                                    }
                                                ]
                                            },
                                            "_right": {
                                                "kind": "EqualsExpression",
                                                "fullWidth": 43,
                                                "_left": {
                                                    "kind": "ElementAccessExpression",
                                                    "fullWidth": 27,
                                                    "_expression": {
                                                        "kind": "ElementAccessExpression",
                                                        "fullWidth": 12,
                                                        "_expression": {
                                                            "kind": "IdentifierName",
                                                            "width": 9,
                                                            "text": "arguments",
                                                            "valueText": "arguments"
                                                        },
                                                        "_openBracketToken": {
                                                            "kind": "OpenBracketToken",
                                                            "width": 1,
                                                            "text": "["
                                                        },
                                                        "_argumentExpression": {
                                                            "kind": "NumericLiteral",
                                                            "width": 1,
                                                            "text": "3"
                                                        },
                                                        "_closeBracketToken": {
                                                            "kind": "CloseBracketToken",
                                                            "width": 1,
                                                            "text": "]"
                                                        }
                                                    },
                                                    "_openBracketToken": {
                                                        "kind": "OpenBracketToken",
                                                        "width": 1,
                                                        "text": "["
                                                    },
                                                    "_argumentExpression": {
                                                        "kind": "ElementAccessExpression",
                                                        "fullWidth": 12,
                                                        "_expression": {
                                                            "kind": "IdentifierName",
                                                            "width": 9,
                                                            "text": "arguments",
                                                            "valueText": "arguments"
                                                        },
                                                        "_openBracketToken": {
                                                            "kind": "OpenBracketToken",
                                                            "width": 1,
                                                            "text": "["
                                                        },
                                                        "_argumentExpression": {
                                                            "kind": "NumericLiteral",
                                                            "width": 1,
                                                            "text": "2"
                                                        },
                                                        "_closeBracketToken": {
                                                            "kind": "CloseBracketToken",
                                                            "width": 1,
                                                            "text": "]"
                                                        }
                                                    },
                                                    "_closeBracketToken": {
                                                        "kind": "CloseBracketToken",
                                                        "width": 1,
                                                        "fullWidth": 2,
                                                        "text": "]",
                                                        "hasTrailingTrivia": true,
                                                        "trailingTrivia": [
                                                            {
                                                                "kind": "WhitespaceTrivia",
                                                                "text": " "
                                                            }
                                                        ]
                                                    }
                                                },
                                                "_operatorToken": {
                                                    "kind": "EqualsEqualsEqualsToken",
                                                    "width": 3,
                                                    "fullWidth": 4,
                                                    "text": "===",
                                                    "hasTrailingTrivia": true,
                                                    "trailingTrivia": [
                                                        {
                                                            "kind": "WhitespaceTrivia",
                                                            "text": " "
                                                        }
                                                    ]
                                                },
                                                "_right": {
                                                    "kind": "ElementAccessExpression",
                                                    "fullWidth": 12,
                                                    "_expression": {
                                                        "kind": "IdentifierName",
                                                        "width": 9,
                                                        "text": "arguments",
                                                        "valueText": "arguments"
                                                    },
                                                    "_openBracketToken": {
                                                        "kind": "OpenBracketToken",
                                                        "width": 1,
                                                        "text": "["
                                                    },
                                                    "_argumentExpression": {
                                                        "kind": "NumericLiteral",
                                                        "width": 1,
                                                        "text": "1"
                                                    },
                                                    "_closeBracketToken": {
                                                        "kind": "CloseBracketToken",
                                                        "width": 1,
                                                        "text": "]"
                                                    }
                                                }
                                            }
                                        },
                                        "_semicolonToken": {
                                            "kind": "SemicolonToken",
                                            "width": 1,
                                            "fullWidth": 3,
                                            "text": ";",
                                            "hasTrailingTrivia": true,
                                            "hasTrailingNewLine": true,
                                            "trailingTrivia": [
                                                {
                                                    "kind": "NewLineTrivia",
                                                    "text": "\r\n"
                                                }
                                            ]
                                        }
                                    }
                                ],
                                "_closeBraceToken": {
                                    "kind": "CloseBraceToken",
                                    "width": 1,
                                    "fullWidth": 11,
                                    "text": "}",
                                    "hasLeadingTrivia": true,
                                    "hasTrailingTrivia": true,
                                    "hasTrailingNewLine": true,
                                    "leadingTrivia": [
                                        {
                                            "kind": "WhitespaceTrivia",
                                            "text": "        "
                                        }
                                    ],
                                    "trailingTrivia": [
                                        {
                                            "kind": "NewLineTrivia",
                                            "text": "\r\n"
                                        }
                                    ]
                                }
                            }
                        },
                        {
                            "kind": "ReturnStatement",
                            "fullWidth": 62,
                            "_returnKeyword": {
                                "kind": "ReturnKeyword",
                                "width": 6,
                                "fullWidth": 17,
                                "text": "return",
                                "hasLeadingTrivia": true,
                                "hasLeadingNewLine": true,
                                "hasTrailingTrivia": true,
                                "leadingTrivia": [
                                    {
                                        "kind": "NewLineTrivia",
                                        "text": "\r\n"
                                    },
                                    {
                                        "kind": "WhitespaceTrivia",
                                        "text": "        "
                                    }
                                ],
                                "trailingTrivia": [
                                    {
                                        "kind": "WhitespaceTrivia",
                                        "text": " "
                                    }
                                ]
                            },
                            "_expression": {
                                "kind": "EqualsExpression",
                                "fullWidth": 42,
                                "_left": {
                                    "kind": "InvocationExpression",
                                    "fullWidth": 34,
                                    "_expression": {
                                        "kind": "MemberAccessExpression",
                                        "fullWidth": 16,
                                        "_expression": {
                                            "kind": "ArrayLiteralExpression",
                                            "fullWidth": 4,
                                            "_openBracketToken": {
                                                "kind": "OpenBracketToken",
                                                "width": 1,
                                                "text": "["
                                            },
                                            "_expressions": [
                                                {
                                                    "kind": "NumericLiteral",
                                                    "width": 2,
                                                    "text": "11"
                                                }
                                            ],
                                            "_closeBracketToken": {
                                                "kind": "CloseBracketToken",
                                                "width": 1,
                                                "text": "]"
                                            }
                                        },
                                        "_dotToken": {
                                            "kind": "DotToken",
                                            "width": 1,
                                            "text": "."
                                        },
                                        "_name": {
                                            "kind": "IdentifierName",
                                            "width": 11,
                                            "text": "reduceRight",
                                            "valueText": "reduceRight"
                                        }
                                    },
                                    "_argumentList": {
                                        "kind": "ArgumentList",
                                        "fullWidth": 18,
                                        "_openParenToken": {
                                            "kind": "OpenParenToken",
                                            "width": 1,
                                            "text": "("
                                        },
                                        "_arguments": [
                                            {
                                                "kind": "IdentifierName",
                                                "width": 10,
                                                "text": "callbackfn",
                                                "valueText": "callbackfn"
                                            },
                                            {
                                                "kind": "CommaToken",
                                                "width": 1,
                                                "fullWidth": 2,
                                                "text": ",",
                                                "hasTrailingTrivia": true,
                                                "trailingTrivia": [
                                                    {
                                                        "kind": "WhitespaceTrivia",
                                                        "text": " "
                                                    }
                                                ]
                                            },
                                            {
                                                "kind": "NumericLiteral",
                                                "width": 3,
                                                "text": "100"
                                            }
                                        ],
                                        "_closeParenToken": {
                                            "kind": "CloseParenToken",
                                            "width": 1,
                                            "fullWidth": 2,
                                            "text": ")",
                                            "hasTrailingTrivia": true,
                                            "trailingTrivia": [
                                                {
                                                    "kind": "WhitespaceTrivia",
                                                    "text": " "
                                                }
                                            ]
                                        }
                                    }
                                },
                                "_operatorToken": {
                                    "kind": "EqualsEqualsEqualsToken",
                                    "width": 3,
                                    "fullWidth": 4,
                                    "text": "===",
                                    "hasTrailingTrivia": true,
                                    "trailingTrivia": [
                                        {
                                            "kind": "WhitespaceTrivia",
                                            "text": " "
                                        }
                                    ]
                                },
                                "_right": {
                                    "kind": "TrueKeyword",
                                    "width": 4,
                                    "text": "true"
                                }
                            },
                            "_semicolonToken": {
                                "kind": "SemicolonToken",
                                "width": 1,
                                "fullWidth": 3,
                                "text": ";",
                                "hasTrailingTrivia": true,
                                "hasTrailingNewLine": true,
                                "trailingTrivia": [
                                    {
                                        "kind": "NewLineTrivia",
                                        "text": "\r\n"
                                    }
                                ]
                            }
                        }
                    ],
                    "_closeBraceToken": {
                        "kind": "CloseBraceToken",
                        "width": 1,
                        "fullWidth": 7,
                        "text": "}",
                        "hasLeadingTrivia": true,
                        "hasTrailingTrivia": true,
                        "hasTrailingNewLine": true,
                        "leadingTrivia": [
                            {
                                "kind": "WhitespaceTrivia",
                                "text": "    "
                            }
                        ],
                        "trailingTrivia": [
                            {
                                "kind": "NewLineTrivia",
                                "text": "\r\n"
                            }
                        ]
                    }
                }
            },
            {
                "kind": "ExpressionStatement",
                "fullWidth": 24,
                "_expression": {
                    "kind": "InvocationExpression",
                    "fullWidth": 21,
                    "_expression": {
                        "kind": "IdentifierName",
                        "width": 11,
                        "text": "runTestCase",
                        "valueText": "runTestCase"
                    },
                    "_argumentList": {
                        "kind": "ArgumentList",
                        "fullWidth": 10,
                        "_openParenToken": {
                            "kind": "OpenParenToken",
                            "width": 1,
                            "text": "("
                        },
                        "_arguments": [
                            {
                                "kind": "IdentifierName",
                                "width": 8,
                                "text": "testcase",
                                "valueText": "testcase"
                            }
                        ],
                        "_closeParenToken": {
                            "kind": "CloseParenToken",
                            "width": 1,
                            "text": ")"
                        }
                    }
                },
                "_semicolonToken": {
                    "kind": "SemicolonToken",
                    "width": 1,
                    "fullWidth": 3,
                    "text": ";",
                    "hasTrailingTrivia": true,
                    "hasTrailingNewLine": true,
                    "trailingTrivia": [
                        {
                            "kind": "NewLineTrivia",
                            "text": "\r\n"
                        }
                    ]
                }
            }
        ],
        "_endOfFileToken": {
            "kind": "EndOfFileToken",
            "width": 0,
            "text": ""
        }
    }
}