{
    "isDeclaration": false,
    "languageVersion": "EcmaScript5",
    "parseOptions": {
        "allowAutomaticSemicolonInsertion": true,
        "allowModuleKeywordInExternalModuleReference": true
    },
    "sourceUnit": {
        "kind": "SourceUnit",
        "fullWidth": 803,
        "moduleElements": [
            {
                "kind": "FunctionDeclaration",
                "fullWidth": 507,
                "modifiers": [],
                "functionKeyword": {
                    "kind": "FunctionKeyword",
                    "width": 8,
                    "fullWidth": 403,
                    "text": "function",
                    "value": "function",
                    "valueText": "function",
                    "hasLeadingTrivia": true,
                    "hasLeadingComment": true,
                    "hasLeadingNewLine": true,
                    "hasTrailingTrivia": true,
                    "leadingTrivia": [
                        {
                            "kind": "SingleLineCommentTrivia",
                            "text": "// Copyright 2009 the Sputnik authors.  All rights reserved."
                        },
                        {
                            "kind": "NewLineTrivia",
                            "text": "\n"
                        },
                        {
                            "kind": "SingleLineCommentTrivia",
                            "text": "// This code is governed by the BSD license found in the LICENSE file."
                        },
                        {
                            "kind": "NewLineTrivia",
                            "text": "\n"
                        },
                        {
                            "kind": "NewLineTrivia",
                            "text": "\n"
                        },
                        {
                            "kind": "MultiLineCommentTrivia",
                            "text": "/**\n * Calling a function as a constructor is inadmissible as long as this.any_Function is declared by eval and called\n *\n * @path ch13/13.2/S13.2.2_A14.js\n * @description Calling a function as a constructor after it has been declared by eval\n * @noStrict\n */"
                        },
                        {
                            "kind": "NewLineTrivia",
                            "text": "\n"
                        },
                        {
                            "kind": "NewLineTrivia",
                            "text": "\n"
                        }
                    ],
                    "trailingTrivia": [
                        {
                            "kind": "WhitespaceTrivia",
                            "text": " "
                        }
                    ]
                },
                "identifier": {
                    "kind": "IdentifierName",
                    "width": 7,
                    "text": "FACTORY",
                    "value": "FACTORY",
                    "valueText": "FACTORY"
                },
                "callSignature": {
                    "kind": "CallSignature",
                    "fullWidth": 2,
                    "parameterList": {
                        "kind": "ParameterList",
                        "fullWidth": 2,
                        "openParenToken": {
                            "kind": "OpenParenToken",
                            "width": 1,
                            "text": "(",
                            "value": "(",
                            "valueText": "("
                        },
                        "parameters": [],
                        "closeParenToken": {
                            "kind": "CloseParenToken",
                            "width": 1,
                            "text": ")",
                            "value": ")",
                            "valueText": ")"
                        }
                    }
                },
                "block": {
                    "kind": "Block",
                    "fullWidth": 95,
                    "openBraceToken": {
                        "kind": "OpenBraceToken",
                        "width": 1,
                        "fullWidth": 2,
                        "text": "{",
                        "value": "{",
                        "valueText": "{",
                        "hasTrailingTrivia": true,
                        "hasTrailingNewLine": true,
                        "trailingTrivia": [
                            {
                                "kind": "NewLineTrivia",
                                "text": "\n"
                            }
                        ]
                    },
                    "statements": [
                        {
                            "kind": "ExpressionStatement",
                            "fullWidth": 16,
                            "expression": {
                                "kind": "AssignmentExpression",
                                "fullWidth": 14,
                                "left": {
                                    "kind": "MemberAccessExpression",
                                    "fullWidth": 11,
                                    "expression": {
                                        "kind": "ThisKeyword",
                                        "width": 4,
                                        "fullWidth": 7,
                                        "text": "this",
                                        "value": "this",
                                        "valueText": "this",
                                        "hasLeadingTrivia": true,
                                        "leadingTrivia": [
                                            {
                                                "kind": "WhitespaceTrivia",
                                                "text": "   "
                                            }
                                        ]
                                    },
                                    "dotToken": {
                                        "kind": "DotToken",
                                        "width": 1,
                                        "text": ".",
                                        "value": ".",
                                        "valueText": "."
                                    },
                                    "name": {
                                        "kind": "IdentifierName",
                                        "width": 2,
                                        "fullWidth": 3,
                                        "text": "id",
                                        "value": "id",
                                        "valueText": "id",
                                        "hasTrailingTrivia": true,
                                        "trailingTrivia": [
                                            {
                                                "kind": "WhitespaceTrivia",
                                                "text": " "
                                            }
                                        ]
                                    }
                                },
                                "operatorToken": {
                                    "kind": "EqualsToken",
                                    "width": 1,
                                    "fullWidth": 2,
                                    "text": "=",
                                    "value": "=",
                                    "valueText": "=",
                                    "hasTrailingTrivia": true,
                                    "trailingTrivia": [
                                        {
                                            "kind": "WhitespaceTrivia",
                                            "text": " "
                                        }
                                    ]
                                },
                                "right": {
                                    "kind": "NumericLiteral",
                                    "width": 1,
                                    "text": "0",
                                    "value": 0,
                                    "valueText": "0"
                                }
                            },
                            "semicolonToken": {
                                "kind": "SemicolonToken",
                                "width": 1,
                                "fullWidth": 2,
                                "text": ";",
                                "value": ";",
                                "valueText": ";",
                                "hasTrailingTrivia": true,
                                "hasTrailingNewLine": true,
                                "trailingTrivia": [
                                    {
                                        "kind": "NewLineTrivia",
                                        "text": "\n"
                                    }
                                ]
                            }
                        },
                        {
                            "kind": "ExpressionStatement",
                            "fullWidth": 52,
                            "expression": {
                                "kind": "InvocationExpression",
                                "fullWidth": 50,
                                "expression": {
                                    "kind": "IdentifierName",
                                    "width": 4,
                                    "fullWidth": 8,
                                    "text": "eval",
                                    "value": "eval",
                                    "valueText": "eval",
                                    "hasLeadingTrivia": true,
                                    "hasLeadingNewLine": true,
                                    "leadingTrivia": [
                                        {
                                            "kind": "NewLineTrivia",
                                            "text": "\n"
                                        },
                                        {
                                            "kind": "WhitespaceTrivia",
                                            "text": "   "
                                        }
                                    ]
                                },
                                "argumentList": {
                                    "kind": "ArgumentList",
                                    "fullWidth": 42,
                                    "openParenToken": {
                                        "kind": "OpenParenToken",
                                        "width": 1,
                                        "text": "(",
                                        "value": "(",
                                        "valueText": "("
                                    },
                                    "arguments": [
                                        {
                                            "kind": "StringLiteral",
                                            "width": 40,
                                            "text": "\"function func(){return \\\"id_string\\\";}\"",
                                            "value": "function func(){return \"id_string\";}",
                                            "valueText": "function func(){return \"id_string\";}"
                                        }
                                    ],
                                    "closeParenToken": {
                                        "kind": "CloseParenToken",
                                        "width": 1,
                                        "text": ")",
                                        "value": ")",
                                        "valueText": ")"
                                    }
                                }
                            },
                            "semicolonToken": {
                                "kind": "SemicolonToken",
                                "width": 1,
                                "fullWidth": 2,
                                "text": ";",
                                "value": ";",
                                "valueText": ";",
                                "hasTrailingTrivia": true,
                                "hasTrailingNewLine": true,
                                "trailingTrivia": [
                                    {
                                        "kind": "NewLineTrivia",
                                        "text": "\n"
                                    }
                                ]
                            }
                        },
                        {
                            "kind": "ExpressionStatement",
                            "fullWidth": 22,
                            "expression": {
                                "kind": "AssignmentExpression",
                                "fullWidth": 20,
                                "left": {
                                    "kind": "MemberAccessExpression",
                                    "fullWidth": 12,
                                    "expression": {
                                        "kind": "ThisKeyword",
                                        "width": 4,
                                        "fullWidth": 8,
                                        "text": "this",
                                        "value": "this",
                                        "valueText": "this",
                                        "hasLeadingTrivia": true,
                                        "hasLeadingNewLine": true,
                                        "leadingTrivia": [
                                            {
                                                "kind": "NewLineTrivia",
                                                "text": "\n"
                                            },
                                            {
                                                "kind": "WhitespaceTrivia",
                                                "text": "   "
                                            }
                                        ]
                                    },
                                    "dotToken": {
                                        "kind": "DotToken",
                                        "width": 1,
                                        "text": ".",
                                        "value": ".",
                                        "valueText": "."
                                    },
                                    "name": {
                                        "kind": "IdentifierName",
                                        "width": 2,
                                        "fullWidth": 3,
                                        "text": "id",
                                        "value": "id",
                                        "valueText": "id",
                                        "hasTrailingTrivia": true,
                                        "trailingTrivia": [
                                            {
                                                "kind": "WhitespaceTrivia",
                                                "text": " "
                                            }
                                        ]
                                    }
                                },
                                "operatorToken": {
                                    "kind": "EqualsToken",
                                    "width": 1,
                                    "fullWidth": 2,
                                    "text": "=",
                                    "value": "=",
                                    "valueText": "=",
                                    "hasTrailingTrivia": true,
                                    "trailingTrivia": [
                                        {
                                            "kind": "WhitespaceTrivia",
                                            "text": " "
                                        }
                                    ]
                                },
                                "right": {
                                    "kind": "InvocationExpression",
                                    "fullWidth": 6,
                                    "expression": {
                                        "kind": "IdentifierName",
                                        "width": 4,
                                        "text": "func",
                                        "value": "func",
                                        "valueText": "func"
                                    },
                                    "argumentList": {
                                        "kind": "ArgumentList",
                                        "fullWidth": 2,
                                        "openParenToken": {
                                            "kind": "OpenParenToken",
                                            "width": 1,
                                            "text": "(",
                                            "value": "(",
                                            "valueText": "("
                                        },
                                        "arguments": [],
                                        "closeParenToken": {
                                            "kind": "CloseParenToken",
                                            "width": 1,
                                            "text": ")",
                                            "value": ")",
                                            "valueText": ")"
                                        }
                                    }
                                }
                            },
                            "semicolonToken": {
                                "kind": "SemicolonToken",
                                "width": 1,
                                "fullWidth": 2,
                                "text": ";",
                                "value": ";",
                                "valueText": ";",
                                "hasTrailingTrivia": true,
                                "hasTrailingNewLine": true,
                                "trailingTrivia": [
                                    {
                                        "kind": "NewLineTrivia",
                                        "text": "\n"
                                    }
                                ]
                            }
                        }
                    ],
                    "closeBraceToken": {
                        "kind": "CloseBraceToken",
                        "width": 1,
                        "fullWidth": 3,
                        "text": "}",
                        "value": "}",
                        "valueText": "}",
                        "hasLeadingTrivia": true,
                        "hasLeadingNewLine": true,
                        "hasTrailingTrivia": true,
                        "hasTrailingNewLine": true,
                        "leadingTrivia": [
                            {
                                "kind": "NewLineTrivia",
                                "text": "\n"
                            }
                        ],
                        "trailingTrivia": [
                            {
                                "kind": "NewLineTrivia",
                                "text": "\n"
                            }
                        ]
                    }
                }
            },
            {
                "kind": "TryStatement",
                "fullWidth": 213,
                "tryKeyword": {
                    "kind": "TryKeyword",
                    "width": 3,
                    "fullWidth": 93,
                    "text": "try",
                    "value": "try",
                    "valueText": "try",
                    "hasLeadingTrivia": true,
                    "hasLeadingComment": true,
                    "hasLeadingNewLine": true,
                    "hasTrailingTrivia": true,
                    "leadingTrivia": [
                        {
                            "kind": "SingleLineCommentTrivia",
                            "text": "//////////////////////////////////////////////////////////////////////////////"
                        },
                        {
                            "kind": "NewLineTrivia",
                            "text": "\n"
                        },
                        {
                            "kind": "SingleLineCommentTrivia",
                            "text": "//CHECK#1"
                        },
                        {
                            "kind": "NewLineTrivia",
                            "text": "\n"
                        }
                    ],
                    "trailingTrivia": [
                        {
                            "kind": "WhitespaceTrivia",
                            "text": " "
                        }
                    ]
                },
                "block": {
                    "kind": "Block",
                    "fullWidth": 30,
                    "openBraceToken": {
                        "kind": "OpenBraceToken",
                        "width": 1,
                        "fullWidth": 2,
                        "text": "{",
                        "value": "{",
                        "valueText": "{",
                        "hasTrailingTrivia": true,
                        "hasTrailingNewLine": true,
                        "trailingTrivia": [
                            {
                                "kind": "NewLineTrivia",
                                "text": "\n"
                            }
                        ]
                    },
                    "statements": [
                        {
                            "kind": "VariableStatement",
                            "fullWidth": 26,
                            "modifiers": [],
                            "variableDeclaration": {
                                "kind": "VariableDeclaration",
                                "fullWidth": 24,
                                "varKeyword": {
                                    "kind": "VarKeyword",
                                    "width": 3,
                                    "fullWidth": 5,
                                    "text": "var",
                                    "value": "var",
                                    "valueText": "var",
                                    "hasLeadingTrivia": true,
                                    "hasTrailingTrivia": true,
                                    "leadingTrivia": [
                                        {
                                            "kind": "WhitespaceTrivia",
                                            "text": "\t"
                                        }
                                    ],
                                    "trailingTrivia": [
                                        {
                                            "kind": "WhitespaceTrivia",
                                            "text": " "
                                        }
                                    ]
                                },
                                "variableDeclarators": [
                                    {
                                        "kind": "VariableDeclarator",
                                        "fullWidth": 19,
                                        "identifier": {
                                            "kind": "IdentifierName",
                                            "width": 3,
                                            "fullWidth": 4,
                                            "text": "obj",
                                            "value": "obj",
                                            "valueText": "obj",
                                            "hasTrailingTrivia": true,
                                            "trailingTrivia": [
                                                {
                                                    "kind": "WhitespaceTrivia",
                                                    "text": " "
                                                }
                                            ]
                                        },
                                        "equalsValueClause": {
                                            "kind": "EqualsValueClause",
                                            "fullWidth": 15,
                                            "equalsToken": {
                                                "kind": "EqualsToken",
                                                "width": 1,
                                                "fullWidth": 2,
                                                "text": "=",
                                                "value": "=",
                                                "valueText": "=",
                                                "hasTrailingTrivia": true,
                                                "trailingTrivia": [
                                                    {
                                                        "kind": "WhitespaceTrivia",
                                                        "text": " "
                                                    }
                                                ]
                                            },
                                            "value": {
                                                "kind": "ObjectCreationExpression",
                                                "fullWidth": 13,
                                                "newKeyword": {
                                                    "kind": "NewKeyword",
                                                    "width": 3,
                                                    "fullWidth": 4,
                                                    "text": "new",
                                                    "value": "new",
                                                    "valueText": "new",
                                                    "hasTrailingTrivia": true,
                                                    "trailingTrivia": [
                                                        {
                                                            "kind": "WhitespaceTrivia",
                                                            "text": " "
                                                        }
                                                    ]
                                                },
                                                "expression": {
                                                    "kind": "IdentifierName",
                                                    "width": 7,
                                                    "text": "FACTORY",
                                                    "value": "FACTORY",
                                                    "valueText": "FACTORY"
                                                },
                                                "argumentList": {
                                                    "kind": "ArgumentList",
                                                    "fullWidth": 2,
                                                    "openParenToken": {
                                                        "kind": "OpenParenToken",
                                                        "width": 1,
                                                        "text": "(",
                                                        "value": "(",
                                                        "valueText": "("
                                                    },
                                                    "arguments": [],
                                                    "closeParenToken": {
                                                        "kind": "CloseParenToken",
                                                        "width": 1,
                                                        "text": ")",
                                                        "value": ")",
                                                        "valueText": ")"
                                                    }
                                                }
                                            }
                                        }
                                    }
                                ]
                            },
                            "semicolonToken": {
                                "kind": "SemicolonToken",
                                "width": 1,
                                "fullWidth": 2,
                                "text": ";",
                                "value": ";",
                                "valueText": ";",
                                "hasTrailingTrivia": true,
                                "hasTrailingNewLine": true,
                                "trailingTrivia": [
                                    {
                                        "kind": "NewLineTrivia",
                                        "text": "\n"
                                    }
                                ]
                            }
                        }
                    ],
                    "closeBraceToken": {
                        "kind": "CloseBraceToken",
                        "width": 1,
                        "fullWidth": 2,
                        "text": "}",
                        "value": "}",
                        "valueText": "}",
                        "hasTrailingTrivia": true,
                        "trailingTrivia": [
                            {
                                "kind": "WhitespaceTrivia",
                                "text": " "
                            }
                        ]
                    }
                },
                "catchClause": {
                    "kind": "CatchClause",
                    "fullWidth": 90,
                    "catchKeyword": {
                        "kind": "CatchKeyword",
                        "width": 5,
                        "fullWidth": 6,
                        "text": "catch",
                        "value": "catch",
                        "valueText": "catch",
                        "hasTrailingTrivia": true,
                        "trailingTrivia": [
                            {
                                "kind": "WhitespaceTrivia",
                                "text": " "
                            }
                        ]
                    },
                    "openParenToken": {
                        "kind": "OpenParenToken",
                        "width": 1,
                        "text": "(",
                        "value": "(",
                        "valueText": "("
                    },
                    "identifier": {
                        "kind": "IdentifierName",
                        "width": 1,
                        "text": "e",
                        "value": "e",
                        "valueText": "e"
                    },
                    "closeParenToken": {
                        "kind": "CloseParenToken",
                        "width": 1,
                        "fullWidth": 2,
                        "text": ")",
                        "value": ")",
                        "valueText": ")",
                        "hasTrailingTrivia": true,
                        "trailingTrivia": [
                            {
                                "kind": "WhitespaceTrivia",
                                "text": " "
                            }
                        ]
                    },
                    "block": {
                        "kind": "Block",
                        "fullWidth": 80,
                        "openBraceToken": {
                            "kind": "OpenBraceToken",
                            "width": 1,
                            "fullWidth": 2,
                            "text": "{",
                            "value": "{",
                            "valueText": "{",
                            "hasTrailingTrivia": true,
                            "hasTrailingNewLine": true,
                            "trailingTrivia": [
                                {
                                    "kind": "NewLineTrivia",
                                    "text": "\n"
                                }
                            ]
                        },
                        "statements": [
                            {
                                "kind": "ExpressionStatement",
                                "fullWidth": 76,
                                "expression": {
                                    "kind": "InvocationExpression",
                                    "fullWidth": 74,
                                    "expression": {
                                        "kind": "IdentifierName",
                                        "width": 6,
                                        "fullWidth": 7,
                                        "text": "$ERROR",
                                        "value": "$ERROR",
                                        "valueText": "$ERROR",
                                        "hasLeadingTrivia": true,
                                        "leadingTrivia": [
                                            {
                                                "kind": "WhitespaceTrivia",
                                                "text": "\t"
                                            }
                                        ]
                                    },
                                    "argumentList": {
                                        "kind": "ArgumentList",
                                        "fullWidth": 67,
                                        "openParenToken": {
                                            "kind": "OpenParenToken",
                                            "width": 1,
                                            "text": "(",
                                            "value": "(",
                                            "valueText": "("
                                        },
                                        "arguments": [
                                            {
                                                "kind": "StringLiteral",
                                                "width": 65,
                                                "text": "'#1: var obj = new FACTORY() does not lead to throwing exception'",
                                                "value": "#1: var obj = new FACTORY() does not lead to throwing exception",
                                                "valueText": "#1: var obj = new FACTORY() does not lead to throwing exception"
                                            }
                                        ],
                                        "closeParenToken": {
                                            "kind": "CloseParenToken",
                                            "width": 1,
                                            "text": ")",
                                            "value": ")",
                                            "valueText": ")"
                                        }
                                    }
                                },
                                "semicolonToken": {
                                    "kind": "SemicolonToken",
                                    "width": 1,
                                    "fullWidth": 2,
                                    "text": ";",
                                    "value": ";",
                                    "valueText": ";",
                                    "hasTrailingTrivia": true,
                                    "hasTrailingNewLine": true,
                                    "trailingTrivia": [
                                        {
                                            "kind": "NewLineTrivia",
                                            "text": "\n"
                                        }
                                    ]
                                }
                            }
                        ],
                        "closeBraceToken": {
                            "kind": "CloseBraceToken",
                            "width": 1,
                            "fullWidth": 2,
                            "text": "}",
                            "value": "}",
                            "valueText": "}",
                            "hasTrailingTrivia": true,
                            "hasTrailingNewLine": true,
                            "trailingTrivia": [
                                {
                                    "kind": "NewLineTrivia",
                                    "text": "\n"
                                }
                            ]
                        }
                    }
                }
            }
        ],
        "endOfFileToken": {
            "kind": "EndOfFileToken",
            "width": 0,
            "fullWidth": 83,
            "text": "",
            "hasLeadingTrivia": true,
            "hasLeadingComment": true,
            "hasLeadingNewLine": true,
            "leadingTrivia": [
                {
                    "kind": "SingleLineCommentTrivia",
                    "text": "//"
                },
                {
                    "kind": "NewLineTrivia",
                    "text": "\n"
                },
                {
                    "kind": "SingleLineCommentTrivia",
                    "text": "//////////////////////////////////////////////////////////////////////////////"
                },
                {
                    "kind": "NewLineTrivia",
                    "text": "\n"
                },
                {
                    "kind": "NewLineTrivia",
                    "text": "\n"
                }
            ]
        }
    },
    "lineMap": {
        "lineStarts": [
            0,
            61,
            132,
            133,
            137,
            252,
            255,
            289,
            376,
            389,
            393,
            394,
            414,
            430,
            431,
            482,
            483,
            504,
            505,
            507,
            586,
            596,
            602,
            628,
            642,
            718,
            720,
            723,
            802,
            803
        ],
        "length": 803
    }
}