{
    "isDeclaration": false,
    "languageVersion": "EcmaScript5",
    "parseOptions": {
        "allowAutomaticSemicolonInsertion": true
    },
    "diagnostics": [
        {
            "start": 435,
            "length": 4,
            "diagnosticCode": "Identifier expected."
        },
        {
            "start": 439,
            "length": 1,
            "diagnosticCode": "'{0}' expected.",
            "arguments": [
                ";"
            ]
        }
    ],
    "sourceUnit": {
        "kind": "SourceUnit",
        "fullWidth": 449,
        "isIncrementallyUnusable": true,
        "moduleElements": [
            {
                "kind": "TryStatement",
                "fullWidth": 435,
                "isIncrementallyUnusable": true,
                "tryKeyword": {
                    "kind": "TryKeyword",
                    "width": 3,
                    "fullWidth": 425,
                    "text": "try",
                    "value": "try",
                    "valueText": "try",
                    "hasLeadingTrivia": true,
                    "hasLeadingComment": true,
                    "hasLeadingNewLine": true,
                    "hasTrailingTrivia": true,
                    "hasTrailingNewLine": true,
                    "leadingTrivia": [
                        {
                            "kind": "SingleLineCommentTrivia",
                            "text": "// Copyright 2009 the Sputnik authors.  All rights reserved."
                        },
                        {
                            "kind": "NewLineTrivia",
                            "text": "\n"
                        },
                        {
                            "kind": "SingleLineCommentTrivia",
                            "text": "// This code is governed by the BSD license found in the LICENSE file."
                        },
                        {
                            "kind": "NewLineTrivia",
                            "text": "\n"
                        },
                        {
                            "kind": "NewLineTrivia",
                            "text": "\n"
                        },
                        {
                            "kind": "MultiLineCommentTrivia",
                            "text": "/**\n * TryStatement: \"try Block Catch\" or \"try Block Finally\" or \"try Block Catch Finally\"\n *\n * @path ch12/12.14/S12.14_A16_T13.js\n * @description Catch: \"catch (Identifier ) Block\". Checking if execution of \"22\" passes at the place of Identifier of \"catch\"\n * @negative\n */"
                        },
                        {
                            "kind": "NewLineTrivia",
                            "text": "\n"
                        },
                        {
                            "kind": "NewLineTrivia",
                            "text": "\n"
                        },
                        {
                            "kind": "SingleLineCommentTrivia",
                            "text": "// CHECK#1"
                        },
                        {
                            "kind": "NewLineTrivia",
                            "text": "\n"
                        }
                    ],
                    "trailingTrivia": [
                        {
                            "kind": "NewLineTrivia",
                            "text": "\n"
                        }
                    ]
                },
                "block": {
                    "kind": "Block",
                    "fullWidth": 4,
                    "openBraceToken": {
                        "kind": "OpenBraceToken",
                        "width": 1,
                        "fullWidth": 2,
                        "text": "{",
                        "value": "{",
                        "valueText": "{",
                        "hasTrailingTrivia": true,
                        "hasTrailingNewLine": true,
                        "trailingTrivia": [
                            {
                                "kind": "NewLineTrivia",
                                "text": "\n"
                            }
                        ]
                    },
                    "statements": [],
                    "closeBraceToken": {
                        "kind": "CloseBraceToken",
                        "width": 1,
                        "fullWidth": 2,
                        "text": "}",
                        "value": "}",
                        "valueText": "}",
                        "hasTrailingTrivia": true,
                        "hasTrailingNewLine": true,
                        "trailingTrivia": [
                            {
                                "kind": "NewLineTrivia",
                                "text": "\n"
                            }
                        ]
                    }
                },
                "catchClause": {
                    "kind": "CatchClause",
                    "fullWidth": 6,
                    "isIncrementallyUnusable": true,
                    "catchKeyword": {
                        "kind": "CatchKeyword",
                        "width": 5,
                        "text": "catch",
                        "value": "catch",
                        "valueText": "catch"
                    },
                    "openParenToken": {
                        "kind": "OpenParenToken",
                        "width": 1,
                        "text": "(",
                        "value": "(",
                        "valueText": "("
                    },
                    "identifier": {
                        "kind": "IdentifierName",
                        "width": 0,
                        "text": ""
                    },
                    "closeParenToken": {
                        "kind": "CloseParenToken",
                        "width": 0,
                        "text": ""
                    },
                    "block": {
                        "kind": "Block",
                        "fullWidth": 0,
                        "isIncrementallyUnusable": true,
                        "openBraceToken": {
                            "kind": "OpenBraceToken",
                            "width": 0,
                            "text": ""
                        },
                        "statements": [],
                        "closeBraceToken": {
                            "kind": "CloseBraceToken",
                            "width": 0,
                            "text": ""
                        }
                    }
                }
            },
            {
                "kind": "ExpressionStatement",
                "fullWidth": 6,
                "isIncrementallyUnusable": true,
                "expression": {
                    "kind": "StringLiteral",
                    "width": 4,
                    "fullWidth": 6,
                    "text": "\"22\"",
                    "value": "22",
                    "valueText": "22",
                    "hasTrailingTrivia": true,
                    "hasTrailingNewLine": true,
                    "hasTrailingSkippedText": true,
                    "trailingTrivia": [
                        {
                            "kind": "SkippedTokenTrivia",
                            "skippedToken": {
                                "kind": "CloseParenToken",
                                "width": 1,
                                "text": ")",
                                "value": ")",
                                "valueText": ")"
                            }
                        },
                        {
                            "kind": "NewLineTrivia",
                            "text": "\n"
                        }
                    ]
                },
                "semicolonToken": {
                    "kind": "SemicolonToken",
                    "width": 0,
                    "text": ""
                }
            },
            {
                "kind": "Block",
                "fullWidth": 4,
                "openBraceToken": {
                    "kind": "OpenBraceToken",
                    "width": 1,
                    "fullWidth": 2,
                    "text": "{",
                    "value": "{",
                    "valueText": "{",
                    "hasTrailingTrivia": true,
                    "hasTrailingNewLine": true,
                    "trailingTrivia": [
                        {
                            "kind": "NewLineTrivia",
                            "text": "\n"
                        }
                    ]
                },
                "statements": [],
                "closeBraceToken": {
                    "kind": "CloseBraceToken",
                    "width": 1,
                    "fullWidth": 2,
                    "text": "}",
                    "value": "}",
                    "valueText": "}",
                    "hasTrailingTrivia": true,
                    "hasTrailingNewLine": true,
                    "trailingTrivia": [
                        {
                            "kind": "NewLineTrivia",
                            "text": "\n"
                        }
                    ]
                }
            }
        ],
        "endOfFileToken": {
            "kind": "EndOfFileToken",
            "width": 0,
            "fullWidth": 4,
            "text": "",
            "hasLeadingTrivia": true,
            "hasLeadingNewLine": true,
            "leadingTrivia": [
                {
                    "kind": "NewLineTrivia",
                    "text": "\n"
                },
                {
                    "kind": "NewLineTrivia",
                    "text": "\n"
                },
                {
                    "kind": "NewLineTrivia",
                    "text": "\n"
                },
                {
                    "kind": "NewLineTrivia",
                    "text": "\n"
                }
            ]
        }
    },
    "lineMap": {
        "lineStarts": [
            0,
            61,
            132,
            133,
            137,
            224,
            227,
            265,
            392,
            405,
            409,
            410,
            421,
            425,
            427,
            429,
            441,
            443,
            445,
            446,
            447,
            448,
            449
        ],
        "length": 449
    }
}