{
    "_sourceUnit": {
        "kind": "SourceUnit",
        "fullWidth": 534,
        "_moduleElements": [
            {
                "kind": "IfStatement",
                "fullWidth": 533,
                "_ifKeyword": {
                    "kind": "IdentifierNameToken",
                    "keywordKind": "IfKeyword",
                    "width": 2,
                    "fullWidth": 365,
                    "text": "if",
                    "hasLeadingTrivia": true,
                    "hasLeadingComment": true,
                    "hasLeadingNewLine": true,
                    "hasTrailingTrivia": true,
                    "leadingTrivia": [
                        {
                            "kind": "SingleLineCommentTrivia",
                            "text": "// Copyright 2009 the Sputnik authors.  All rights reserved."
                        },
                        {
                            "kind": "NewLineTrivia",
                            "text": "\n"
                        },
                        {
                            "kind": "SingleLineCommentTrivia",
                            "text": "// This code is governed by the BSD license found in the LICENSE file."
                        },
                        {
                            "kind": "NewLineTrivia",
                            "text": "\n"
                        },
                        {
                            "kind": "NewLineTrivia",
                            "text": "\n"
                        },
                        {
                            "kind": "MultiLineCommentTrivia",
                            "text": "/**\n * Function.prototype.toString has not prototype property\n *\n * @path ch15/15.3/15.3.4/15.3.4.2/S15.3.4.2_A6.js\n * @description Checking if obtaining the prototype property of Function.prototype.toString fails\n */"
                        },
                        {
                            "kind": "NewLineTrivia",
                            "text": "\n"
                        },
                        {
                            "kind": "NewLineTrivia",
                            "text": "\n"
                        },
                        {
                            "kind": "SingleLineCommentTrivia",
                            "text": "//CHECK#1"
                        },
                        {
                            "kind": "NewLineTrivia",
                            "text": "\n"
                        }
                    ],
                    "trailingTrivia": [
                        {
                            "kind": "WhitespaceTrivia",
                            "text": " "
                        }
                    ]
                },
                "_openParenToken": {
                    "kind": "OpenParenToken",
                    "width": 1,
                    "text": "("
                },
                "_condition": {
                    "kind": "NotEqualsExpression",
                    "fullWidth": 51,
                    "_left": {
                        "kind": "MemberAccessExpression",
                        "fullWidth": 38,
                        "_expression": {
                            "kind": "MemberAccessExpression",
                            "fullWidth": 27,
                            "_expression": {
                                "kind": "MemberAccessExpression",
                                "fullWidth": 18,
                                "_expression": {
                                    "kind": "IdentifierName",
                                    "fullWidth": 8,
                                    "_identifier": {
                                        "kind": "IdentifierNameToken",
                                        "width": 8,
                                        "text": "Function",
                                        "valueText": "Function"
                                    }
                                },
                                "_dotToken": {
                                    "kind": "DotToken",
                                    "width": 1,
                                    "text": "."
                                },
                                "_identifierName": {
                                    "kind": "IdentifierName",
                                    "fullWidth": 9,
                                    "_identifier": {
                                        "kind": "IdentifierNameToken",
                                        "width": 9,
                                        "text": "prototype",
                                        "valueText": "prototype"
                                    }
                                }
                            },
                            "_dotToken": {
                                "kind": "DotToken",
                                "width": 1,
                                "text": "."
                            },
                            "_identifierName": {
                                "kind": "IdentifierName",
                                "fullWidth": 8,
                                "_identifier": {
                                    "kind": "IdentifierNameToken",
                                    "width": 8,
                                    "text": "toString",
                                    "valueText": "toString"
                                }
                            }
                        },
                        "_dotToken": {
                            "kind": "DotToken",
                            "width": 1,
                            "text": "."
                        },
                        "_identifierName": {
                            "kind": "IdentifierName",
                            "fullWidth": 10,
                            "_identifier": {
                                "kind": "IdentifierNameToken",
                                "width": 9,
                                "fullWidth": 10,
                                "text": "prototype",
                                "valueText": "prototype",
                                "hasTrailingTrivia": true,
                                "trailingTrivia": [
                                    {
                                        "kind": "WhitespaceTrivia",
                                        "text": " "
                                    }
                                ]
                            }
                        }
                    },
                    "_operatorToken": {
                        "kind": "ExclamationEqualsEqualsToken",
                        "width": 3,
                        "fullWidth": 4,
                        "text": "!==",
                        "hasTrailingTrivia": true,
                        "trailingTrivia": [
                            {
                                "kind": "WhitespaceTrivia",
                                "text": " "
                            }
                        ]
                    },
                    "_right": {
                        "kind": "IdentifierName",
                        "fullWidth": 9,
                        "_identifier": {
                            "kind": "IdentifierNameToken",
                            "width": 9,
                            "text": "undefined",
                            "valueText": "undefined"
                        }
                    }
                },
                "_closeParenToken": {
                    "kind": "CloseParenToken",
                    "width": 1,
                    "fullWidth": 2,
                    "text": ")",
                    "hasTrailingTrivia": true,
                    "trailingTrivia": [
                        {
                            "kind": "WhitespaceTrivia",
                            "text": " "
                        }
                    ]
                },
                "_statement": {
                    "kind": "Block",
                    "fullWidth": 114,
                    "_openBraceToken": {
                        "kind": "OpenBraceToken",
                        "width": 1,
                        "fullWidth": 2,
                        "text": "{",
                        "hasTrailingTrivia": true,
                        "hasTrailingNewLine": true,
                        "trailingTrivia": [
                            {
                                "kind": "NewLineTrivia",
                                "text": "\n"
                            }
                        ]
                    },
                    "_statements": [
                        {
                            "kind": "ExpressionStatement",
                            "fullWidth": 110,
                            "_expression": {
                                "kind": "InvocationExpression",
                                "fullWidth": 108,
                                "_expression": {
                                    "kind": "IdentifierName",
                                    "fullWidth": 8,
                                    "_identifier": {
                                        "kind": "IdentifierNameToken",
                                        "width": 6,
                                        "fullWidth": 8,
                                        "text": "$ERROR",
                                        "valueText": "$ERROR",
                                        "hasLeadingTrivia": true,
                                        "leadingTrivia": [
                                            {
                                                "kind": "WhitespaceTrivia",
                                                "text": "  "
                                            }
                                        ]
                                    }
                                },
                                "_argumentList": {
                                    "kind": "ArgumentList",
                                    "fullWidth": 100,
                                    "_openParenToken": {
                                        "kind": "OpenParenToken",
                                        "width": 1,
                                        "text": "("
                                    },
                                    "_arguments": [
                                        {
                                            "kind": "AddExpression",
                                            "fullWidth": 98,
                                            "_left": {
                                                "kind": "StringLiteralExpression",
                                                "fullWidth": 60,
                                                "_literalToken": {
                                                    "kind": "StringLiteral",
                                                    "width": 60,
                                                    "text": "'#1: Function.prototype.toString has not prototype property'"
                                                }
                                            },
                                            "_operatorToken": {
                                                "kind": "PlusToken",
                                                "width": 1,
                                                "text": "+"
                                            },
                                            "_right": {
                                                "kind": "MemberAccessExpression",
                                                "fullWidth": 37,
                                                "_expression": {
                                                    "kind": "MemberAccessExpression",
                                                    "fullWidth": 27,
                                                    "_expression": {
                                                        "kind": "MemberAccessExpression",
                                                        "fullWidth": 18,
                                                        "_expression": {
                                                            "kind": "IdentifierName",
                                                            "fullWidth": 8,
                                                            "_identifier": {
                                                                "kind": "IdentifierNameToken",
                                                                "width": 8,
                                                                "text": "Function",
                                                                "valueText": "Function"
                                                            }
                                                        },
                                                        "_dotToken": {
                                                            "kind": "DotToken",
                                                            "width": 1,
                                                            "text": "."
                                                        },
                                                        "_identifierName": {
                                                            "kind": "IdentifierName",
                                                            "fullWidth": 9,
                                                            "_identifier": {
                                                                "kind": "IdentifierNameToken",
                                                                "width": 9,
                                                                "text": "prototype",
                                                                "valueText": "prototype"
                                                            }
                                                        }
                                                    },
                                                    "_dotToken": {
                                                        "kind": "DotToken",
                                                        "width": 1,
                                                        "text": "."
                                                    },
                                                    "_identifierName": {
                                                        "kind": "IdentifierName",
                                                        "fullWidth": 8,
                                                        "_identifier": {
                                                            "kind": "IdentifierNameToken",
                                                            "width": 8,
                                                            "text": "toString",
                                                            "valueText": "toString"
                                                        }
                                                    }
                                                },
                                                "_dotToken": {
                                                    "kind": "DotToken",
                                                    "width": 1,
                                                    "text": "."
                                                },
                                                "_identifierName": {
                                                    "kind": "IdentifierName",
                                                    "fullWidth": 9,
                                                    "_identifier": {
                                                        "kind": "IdentifierNameToken",
                                                        "width": 9,
                                                        "text": "prototype",
                                                        "valueText": "prototype"
                                                    }
                                                }
                                            }
                                        }
                                    ],
                                    "_closeParenToken": {
                                        "kind": "CloseParenToken",
                                        "width": 1,
                                        "text": ")"
                                    }
                                }
                            },
                            "_semicolonToken": {
                                "kind": "SemicolonToken",
                                "width": 1,
                                "fullWidth": 2,
                                "text": ";",
                                "hasTrailingTrivia": true,
                                "hasTrailingNewLine": true,
                                "trailingTrivia": [
                                    {
                                        "kind": "NewLineTrivia",
                                        "text": "\n"
                                    }
                                ]
                            }
                        }
                    ],
                    "_closeBraceToken": {
                        "kind": "CloseBraceToken",
                        "width": 1,
                        "fullWidth": 2,
                        "text": "}",
                        "hasTrailingTrivia": true,
                        "hasTrailingNewLine": true,
                        "trailingTrivia": [
                            {
                                "kind": "NewLineTrivia",
                                "text": "\n"
                            }
                        ]
                    }
                }
            }
        ],
        "_endOfFileToken": {
            "kind": "EndOfFileToken",
            "width": 0,
            "fullWidth": 1,
            "text": "",
            "hasLeadingTrivia": true,
            "hasLeadingNewLine": true,
            "leadingTrivia": [
                {
                    "kind": "NewLineTrivia",
                    "text": "\n"
                }
            ]
        }
    }
}