{
    "_sourceUnit": {
        "kind": "SourceUnit",
        "fullWidth": 477,
        "_moduleElements": [
            {
                "kind": "ForStatement",
                "fullWidth": 476,
                "_forKeyword": {
                    "kind": "ForKeyword",
                    "width": 3,
                    "fullWidth": 286,
                    "text": "for",
                    "hasLeadingTrivia": true,
                    "hasLeadingComment": true,
                    "hasLeadingNewLine": true,
                    "hasTrailingTrivia": true,
                    "leadingTrivia": [
                        {
                            "kind": "SingleLineCommentTrivia",
                            "text": "// Copyright 2009 the Sputnik authors.  All rights reserved."
                        },
                        {
                            "kind": "NewLineTrivia",
                            "text": "\n"
                        },
                        {
                            "kind": "SingleLineCommentTrivia",
                            "text": "// This code is governed by the BSD license found in the LICENSE file."
                        },
                        {
                            "kind": "NewLineTrivia",
                            "text": "\n"
                        },
                        {
                            "kind": "NewLineTrivia",
                            "text": "\n"
                        },
                        {
                            "kind": "MultiLineCommentTrivia",
                            "text": "/**\n * If Z is empty, return NaN\n *\n * @path ch15/15.1/15.1.2/15.1.2.2/S15.1.2.2_A7.1_T1.js\n * @description Complex test. R in [2, 36]\n */"
                        },
                        {
                            "kind": "NewLineTrivia",
                            "text": "\n"
                        },
                        {
                            "kind": "NewLineTrivia",
                            "text": "\n"
                        },
                        {
                            "kind": "SingleLineCommentTrivia",
                            "text": "//CHECK#"
                        },
                        {
                            "kind": "NewLineTrivia",
                            "text": "\n"
                        }
                    ],
                    "trailingTrivia": [
                        {
                            "kind": "WhitespaceTrivia",
                            "text": " "
                        }
                    ]
                },
                "_openParenToken": {
                    "kind": "OpenParenToken",
                    "width": 1,
                    "text": "("
                },
                "_variableDeclaration": {
                    "kind": "VariableDeclaration",
                    "fullWidth": 9,
                    "_varKeyword": {
                        "kind": "VarKeyword",
                        "width": 3,
                        "fullWidth": 4,
                        "text": "var",
                        "hasTrailingTrivia": true,
                        "trailingTrivia": [
                            {
                                "kind": "WhitespaceTrivia",
                                "text": " "
                            }
                        ]
                    },
                    "_variableDeclarators": [
                        {
                            "kind": "VariableDeclarator",
                            "fullWidth": 5,
                            "_identifier": {
                                "kind": "IdentifierName",
                                "width": 1,
                                "fullWidth": 2,
                                "text": "i",
                                "valueText": "i",
                                "hasTrailingTrivia": true,
                                "trailingTrivia": [
                                    {
                                        "kind": "WhitespaceTrivia",
                                        "text": " "
                                    }
                                ]
                            },
                            "_equalsValueClause": {
                                "kind": "EqualsValueClause",
                                "fullWidth": 3,
                                "_equalsToken": {
                                    "kind": "EqualsToken",
                                    "width": 1,
                                    "fullWidth": 2,
                                    "text": "=",
                                    "hasTrailingTrivia": true,
                                    "trailingTrivia": [
                                        {
                                            "kind": "WhitespaceTrivia",
                                            "text": " "
                                        }
                                    ]
                                },
                                "_value": {
                                    "kind": "NumericLiteral",
                                    "width": 1,
                                    "text": "2"
                                }
                            }
                        }
                    ]
                },
                "_firstSemicolonToken": {
                    "kind": "SemicolonToken",
                    "width": 1,
                    "fullWidth": 2,
                    "text": ";",
                    "hasTrailingTrivia": true,
                    "trailingTrivia": [
                        {
                            "kind": "WhitespaceTrivia",
                            "text": " "
                        }
                    ]
                },
                "_condition": {
                    "kind": "LessThanOrEqualExpression",
                    "fullWidth": 7,
                    "_left": {
                        "kind": "IdentifierName",
                        "width": 1,
                        "fullWidth": 2,
                        "text": "i",
                        "valueText": "i",
                        "hasTrailingTrivia": true,
                        "trailingTrivia": [
                            {
                                "kind": "WhitespaceTrivia",
                                "text": " "
                            }
                        ]
                    },
                    "_operatorToken": {
                        "kind": "LessThanEqualsToken",
                        "width": 2,
                        "fullWidth": 3,
                        "text": "<=",
                        "hasTrailingTrivia": true,
                        "trailingTrivia": [
                            {
                                "kind": "WhitespaceTrivia",
                                "text": " "
                            }
                        ]
                    },
                    "_right": {
                        "kind": "NumericLiteral",
                        "width": 2,
                        "text": "36"
                    }
                },
                "_secondSemicolonToken": {
                    "kind": "SemicolonToken",
                    "width": 1,
                    "fullWidth": 2,
                    "text": ";",
                    "hasTrailingTrivia": true,
                    "trailingTrivia": [
                        {
                            "kind": "WhitespaceTrivia",
                            "text": " "
                        }
                    ]
                },
                "_incrementor": {
                    "kind": "PostIncrementExpression",
                    "fullWidth": 3,
                    "_operand": {
                        "kind": "IdentifierName",
                        "width": 1,
                        "text": "i",
                        "valueText": "i"
                    },
                    "_operatorToken": {
                        "kind": "PlusPlusToken",
                        "width": 2,
                        "text": "++"
                    }
                },
                "_closeParenToken": {
                    "kind": "CloseParenToken",
                    "width": 1,
                    "fullWidth": 2,
                    "text": ")",
                    "hasTrailingTrivia": true,
                    "trailingTrivia": [
                        {
                            "kind": "WhitespaceTrivia",
                            "text": " "
                        }
                    ]
                },
                "_statement": {
                    "kind": "Block",
                    "fullWidth": 164,
                    "_openBraceToken": {
                        "kind": "OpenBraceToken",
                        "width": 1,
                        "fullWidth": 2,
                        "text": "{",
                        "hasTrailingTrivia": true,
                        "hasTrailingNewLine": true,
                        "trailingTrivia": [
                            {
                                "kind": "NewLineTrivia",
                                "text": "\n"
                            }
                        ]
                    },
                    "_statements": [
                        {
                            "kind": "IfStatement",
                            "fullWidth": 156,
                            "_ifKeyword": {
                                "kind": "IfKeyword",
                                "width": 2,
                                "fullWidth": 5,
                                "text": "if",
                                "hasLeadingTrivia": true,
                                "hasTrailingTrivia": true,
                                "leadingTrivia": [
                                    {
                                        "kind": "WhitespaceTrivia",
                                        "text": "  "
                                    }
                                ],
                                "trailingTrivia": [
                                    {
                                        "kind": "WhitespaceTrivia",
                                        "text": " "
                                    }
                                ]
                            },
                            "_openParenToken": {
                                "kind": "OpenParenToken",
                                "width": 1,
                                "text": "("
                            },
                            "_condition": {
                                "kind": "NotEqualsExpression",
                                "fullWidth": 38,
                                "_left": {
                                    "kind": "InvocationExpression",
                                    "fullWidth": 30,
                                    "_expression": {
                                        "kind": "IdentifierName",
                                        "width": 5,
                                        "text": "isNaN",
                                        "valueText": "isNaN"
                                    },
                                    "_argumentList": {
                                        "kind": "ArgumentList",
                                        "fullWidth": 25,
                                        "_openParenToken": {
                                            "kind": "OpenParenToken",
                                            "width": 1,
                                            "text": "("
                                        },
                                        "_arguments": [
                                            {
                                                "kind": "InvocationExpression",
                                                "fullWidth": 22,
                                                "_expression": {
                                                    "kind": "IdentifierName",
                                                    "width": 8,
                                                    "text": "parseInt",
                                                    "valueText": "parseInt"
                                                },
                                                "_argumentList": {
                                                    "kind": "ArgumentList",
                                                    "fullWidth": 14,
                                                    "_openParenToken": {
                                                        "kind": "OpenParenToken",
                                                        "width": 1,
                                                        "text": "("
                                                    },
                                                    "_arguments": [
                                                        {
                                                            "kind": "StringLiteral",
                                                            "width": 9,
                                                            "text": "\"$string\""
                                                        },
                                                        {
                                                            "kind": "CommaToken",
                                                            "width": 1,
                                                            "fullWidth": 2,
                                                            "text": ",",
                                                            "hasTrailingTrivia": true,
                                                            "trailingTrivia": [
                                                                {
                                                                    "kind": "WhitespaceTrivia",
                                                                    "text": " "
                                                                }
                                                            ]
                                                        },
                                                        {
                                                            "kind": "IdentifierName",
                                                            "width": 1,
                                                            "text": "i",
                                                            "valueText": "i"
                                                        }
                                                    ],
                                                    "_closeParenToken": {
                                                        "kind": "CloseParenToken",
                                                        "width": 1,
                                                        "text": ")"
                                                    }
                                                }
                                            }
                                        ],
                                        "_closeParenToken": {
                                            "kind": "CloseParenToken",
                                            "width": 1,
                                            "fullWidth": 2,
                                            "text": ")",
                                            "hasTrailingTrivia": true,
                                            "trailingTrivia": [
                                                {
                                                    "kind": "WhitespaceTrivia",
                                                    "text": " "
                                                }
                                            ]
                                        }
                                    }
                                },
                                "_operatorToken": {
                                    "kind": "ExclamationEqualsEqualsToken",
                                    "width": 3,
                                    "fullWidth": 4,
                                    "text": "!==",
                                    "hasTrailingTrivia": true,
                                    "trailingTrivia": [
                                        {
                                            "kind": "WhitespaceTrivia",
                                            "text": " "
                                        }
                                    ]
                                },
                                "_right": {
                                    "kind": "TrueKeyword",
                                    "width": 4,
                                    "text": "true"
                                }
                            },
                            "_closeParenToken": {
                                "kind": "CloseParenToken",
                                "width": 1,
                                "fullWidth": 2,
                                "text": ")",
                                "hasTrailingTrivia": true,
                                "trailingTrivia": [
                                    {
                                        "kind": "WhitespaceTrivia",
                                        "text": " "
                                    }
                                ]
                            },
                            "_statement": {
                                "kind": "Block",
                                "fullWidth": 110,
                                "_openBraceToken": {
                                    "kind": "OpenBraceToken",
                                    "width": 1,
                                    "fullWidth": 2,
                                    "text": "{",
                                    "hasTrailingTrivia": true,
                                    "hasTrailingNewLine": true,
                                    "trailingTrivia": [
                                        {
                                            "kind": "NewLineTrivia",
                                            "text": "\n"
                                        }
                                    ]
                                },
                                "_statements": [
                                    {
                                        "kind": "ExpressionStatement",
                                        "fullWidth": 104,
                                        "_expression": {
                                            "kind": "InvocationExpression",
                                            "fullWidth": 102,
                                            "_expression": {
                                                "kind": "IdentifierName",
                                                "width": 6,
                                                "fullWidth": 10,
                                                "text": "$ERROR",
                                                "valueText": "$ERROR",
                                                "hasLeadingTrivia": true,
                                                "leadingTrivia": [
                                                    {
                                                        "kind": "WhitespaceTrivia",
                                                        "text": "    "
                                                    }
                                                ]
                                            },
                                            "_argumentList": {
                                                "kind": "ArgumentList",
                                                "fullWidth": 92,
                                                "_openParenToken": {
                                                    "kind": "OpenParenToken",
                                                    "width": 1,
                                                    "text": "("
                                                },
                                                "_arguments": [
                                                    {
                                                        "kind": "AddExpression",
                                                        "fullWidth": 90,
                                                        "_left": {
                                                            "kind": "AddExpression",
                                                            "fullWidth": 64,
                                                            "_left": {
                                                                "kind": "AddExpression",
                                                                "fullWidth": 8,
                                                                "_left": {
                                                                    "kind": "StringLiteral",
                                                                    "width": 3,
                                                                    "fullWidth": 4,
                                                                    "text": "'#'",
                                                                    "hasTrailingTrivia": true,
                                                                    "trailingTrivia": [
                                                                        {
                                                                            "kind": "WhitespaceTrivia",
                                                                            "text": " "
                                                                        }
                                                                    ]
                                                                },
                                                                "_operatorToken": {
                                                                    "kind": "PlusToken",
                                                                    "width": 1,
                                                                    "fullWidth": 2,
                                                                    "text": "+",
                                                                    "hasTrailingTrivia": true,
                                                                    "trailingTrivia": [
                                                                        {
                                                                            "kind": "WhitespaceTrivia",
                                                                            "text": " "
                                                                        }
                                                                    ]
                                                                },
                                                                "_right": {
                                                                    "kind": "IdentifierName",
                                                                    "width": 1,
                                                                    "fullWidth": 2,
                                                                    "text": "i",
                                                                    "valueText": "i",
                                                                    "hasTrailingTrivia": true,
                                                                    "trailingTrivia": [
                                                                        {
                                                                            "kind": "WhitespaceTrivia",
                                                                            "text": " "
                                                                        }
                                                                    ]
                                                                }
                                                            },
                                                            "_operatorToken": {
                                                                "kind": "PlusToken",
                                                                "width": 1,
                                                                "fullWidth": 2,
                                                                "text": "+",
                                                                "hasTrailingTrivia": true,
                                                                "trailingTrivia": [
                                                                    {
                                                                        "kind": "WhitespaceTrivia",
                                                                        "text": " "
                                                                    }
                                                                ]
                                                            },
                                                            "_right": {
                                                                "kind": "StringLiteral",
                                                                "width": 53,
                                                                "fullWidth": 54,
                                                                "text": "': parseInt(\"$string\", i) === Not-a-Number. Actual: '",
                                                                "hasTrailingTrivia": true,
                                                                "trailingTrivia": [
                                                                    {
                                                                        "kind": "WhitespaceTrivia",
                                                                        "text": " "
                                                                    }
                                                                ]
                                                            }
                                                        },
                                                        "_operatorToken": {
                                                            "kind": "PlusToken",
                                                            "width": 1,
                                                            "fullWidth": 2,
                                                            "text": "+",
                                                            "hasTrailingTrivia": true,
                                                            "trailingTrivia": [
                                                                {
                                                                    "kind": "WhitespaceTrivia",
                                                                    "text": " "
                                                                }
                                                            ]
                                                        },
                                                        "_right": {
                                                            "kind": "ParenthesizedExpression",
                                                            "fullWidth": 24,
                                                            "_openParenToken": {
                                                                "kind": "OpenParenToken",
                                                                "width": 1,
                                                                "text": "("
                                                            },
                                                            "_expression": {
                                                                "kind": "InvocationExpression",
                                                                "fullWidth": 22,
                                                                "_expression": {
                                                                    "kind": "IdentifierName",
                                                                    "width": 8,
                                                                    "text": "parseInt",
                                                                    "valueText": "parseInt"
                                                                },
                                                                "_argumentList": {
                                                                    "kind": "ArgumentList",
                                                                    "fullWidth": 14,
                                                                    "_openParenToken": {
                                                                        "kind": "OpenParenToken",
                                                                        "width": 1,
                                                                        "text": "("
                                                                    },
                                                                    "_arguments": [
                                                                        {
                                                                            "kind": "StringLiteral",
                                                                            "width": 9,
                                                                            "text": "\"$string\""
                                                                        },
                                                                        {
                                                                            "kind": "CommaToken",
                                                                            "width": 1,
                                                                            "fullWidth": 2,
                                                                            "text": ",",
                                                                            "hasTrailingTrivia": true,
                                                                            "trailingTrivia": [
                                                                                {
                                                                                    "kind": "WhitespaceTrivia",
                                                                                    "text": " "
                                                                                }
                                                                            ]
                                                                        },
                                                                        {
                                                                            "kind": "IdentifierName",
                                                                            "width": 1,
                                                                            "text": "i",
                                                                            "valueText": "i"
                                                                        }
                                                                    ],
                                                                    "_closeParenToken": {
                                                                        "kind": "CloseParenToken",
                                                                        "width": 1,
                                                                        "text": ")"
                                                                    }
                                                                }
                                                            },
                                                            "_closeParenToken": {
                                                                "kind": "CloseParenToken",
                                                                "width": 1,
                                                                "text": ")"
                                                            }
                                                        }
                                                    }
                                                ],
                                                "_closeParenToken": {
                                                    "kind": "CloseParenToken",
                                                    "width": 1,
                                                    "text": ")"
                                                }
                                            }
                                        },
                                        "_semicolonToken": {
                                            "kind": "SemicolonToken",
                                            "width": 1,
                                            "fullWidth": 2,
                                            "text": ";",
                                            "hasTrailingTrivia": true,
                                            "hasTrailingNewLine": true,
                                            "trailingTrivia": [
                                                {
                                                    "kind": "NewLineTrivia",
                                                    "text": "\n"
                                                }
                                            ]
                                        }
                                    }
                                ],
                                "_closeBraceToken": {
                                    "kind": "CloseBraceToken",
                                    "width": 1,
                                    "fullWidth": 4,
                                    "text": "}",
                                    "hasLeadingTrivia": true,
                                    "hasTrailingTrivia": true,
                                    "hasTrailingNewLine": true,
                                    "leadingTrivia": [
                                        {
                                            "kind": "WhitespaceTrivia",
                                            "text": "  "
                                        }
                                    ],
                                    "trailingTrivia": [
                                        {
                                            "kind": "NewLineTrivia",
                                            "text": "\n"
                                        }
                                    ]
                                }
                            }
                        }
                    ],
                    "_closeBraceToken": {
                        "kind": "CloseBraceToken",
                        "width": 1,
                        "fullWidth": 6,
                        "text": "}",
                        "hasTrailingTrivia": true,
                        "hasTrailingNewLine": true,
                        "trailingTrivia": [
                            {
                                "kind": "WhitespaceTrivia",
                                "text": "    "
                            },
                            {
                                "kind": "NewLineTrivia",
                                "text": "\n"
                            }
                        ]
                    }
                }
            }
        ],
        "_endOfFileToken": {
            "kind": "EndOfFileToken",
            "width": 0,
            "fullWidth": 1,
            "text": "",
            "hasLeadingTrivia": true,
            "hasLeadingNewLine": true,
            "leadingTrivia": [
                {
                    "kind": "NewLineTrivia",
                    "text": "\n"
                }
            ]
        }
    }
}