{
    "_sourceUnit": {
        "kind": "SourceUnit",
        "_moduleElements": [
            {
                "kind": "FunctionDeclaration",
                "_functionKeyword": {
                    "kind": "IdentifierNameToken",
                    "keywordKind": "FunctionKeyword",
                    "start": 591,
                    "fullStart": 0,
                    "width": 8,
                    "fullWidth": 600,
                    "text": "function",
                    "hasLeadingTrivia": true,
                    "hasLeadingCommentTrivia": true,
                    "hasLeadingNewLineTrivia": true,
                    "hasTrailingTrivia": true
                },
                "_functionSignature": {
                    "kind": "FunctionSignature",
                    "_identifier": {
                        "kind": "IdentifierNameToken",
                        "start": 600,
                        "width": 8,
                        "text": "testcase",
                        "valueText": "testcase"
                    },
                    "_parameterList": {
                        "kind": "ParameterList",
                        "_openParenToken": {
                            "kind": "OpenParenToken",
                            "start": 608,
                            "width": 1,
                            "text": "("
                        },
                        "_parameters": [],
                        "_closeParenToken": {
                            "kind": "CloseParenToken",
                            "start": 609,
                            "width": 1,
                            "fullWidth": 2,
                            "text": ")",
                            "hasTrailingTrivia": true
                        }
                    }
                },
                "_block": {
                    "kind": "Block",
                    "_openBraceToken": {
                        "kind": "OpenBraceToken",
                        "start": 611,
                        "width": 1,
                        "fullWidth": 3,
                        "text": "{",
                        "hasTrailingTrivia": true,
                        "hasTrailingNewLineTrivia": true
                    },
                    "_statements": [
                        {
                            "kind": "ExpressionStatement",
                            "_expression": {
                                "kind": "StringLiteralExpression",
                                "_literalToken": {
                                    "kind": "StringLiteral",
                                    "start": 614,
                                    "width": 12,
                                    "text": "\"use strict\""
                                }
                            },
                            "_semicolonToken": {
                                "kind": "SemicolonToken",
                                "start": 626,
                                "width": 1,
                                "fullWidth": 3,
                                "text": ";",
                                "hasTrailingTrivia": true,
                                "hasTrailingNewLineTrivia": true
                            }
                        },
                        {
                            "kind": "ReturnStatement",
                            "_returnKeyword": {
                                "kind": "IdentifierNameToken",
                                "keywordKind": "ReturnKeyword",
                                "start": 629,
                                "width": 6,
                                "fullWidth": 7,
                                "text": "return",
                                "hasTrailingTrivia": true
                            },
                            "_expression": {
                                "kind": "InvocationExpression",
                                "_expression": {
                                    "kind": "ParenthesizedExpression",
                                    "_openParenToken": {
                                        "kind": "OpenParenToken",
                                        "start": 636,
                                        "width": 1,
                                        "text": "("
                                    },
                                    "_expression": {
                                        "kind": "FunctionExpression",
                                        "_functionKeyword": {
                                            "kind": "IdentifierNameToken",
                                            "keywordKind": "FunctionKeyword",
                                            "start": 637,
                                            "width": 8,
                                            "fullWidth": 9,
                                            "text": "function",
                                            "hasTrailingTrivia": true
                                        },
                                        "_callSignature": {
                                            "kind": "CallSignature",
                                            "_parameterList": {
                                                "kind": "ParameterList",
                                                "_openParenToken": {
                                                    "kind": "OpenParenToken",
                                                    "start": 646,
                                                    "width": 1,
                                                    "text": "("
                                                },
                                                "_parameters": [],
                                                "_closeParenToken": {
                                                    "kind": "CloseParenToken",
                                                    "start": 647,
                                                    "width": 1,
                                                    "fullWidth": 2,
                                                    "text": ")",
                                                    "hasTrailingTrivia": true
                                                }
                                            }
                                        },
                                        "_block": {
                                            "kind": "Block",
                                            "_openBraceToken": {
                                                "kind": "OpenBraceToken",
                                                "start": 649,
                                                "width": 1,
                                                "fullWidth": 3,
                                                "text": "{",
                                                "hasTrailingTrivia": true,
                                                "hasTrailingNewLineTrivia": true
                                            },
                                            "_statements": [
                                                {
                                                    "kind": "FunctionDeclaration",
                                                    "_functionKeyword": {
                                                        "kind": "IdentifierNameToken",
                                                        "keywordKind": "FunctionKeyword",
                                                        "start": 656,
                                                        "fullStart": 652,
                                                        "width": 8,
                                                        "fullWidth": 13,
                                                        "text": "function",
                                                        "hasLeadingTrivia": true,
                                                        "hasTrailingTrivia": true
                                                    },
                                                    "_functionSignature": {
                                                        "kind": "FunctionSignature",
                                                        "_identifier": {
                                                            "kind": "IdentifierNameToken",
                                                            "start": 665,
                                                            "width": 1,
                                                            "text": "f",
                                                            "valueText": "f"
                                                        },
                                                        "_parameterList": {
                                                            "kind": "ParameterList",
                                                            "_openParenToken": {
                                                                "kind": "OpenParenToken",
                                                                "start": 666,
                                                                "width": 1,
                                                                "text": "("
                                                            },
                                                            "_parameters": [],
                                                            "_closeParenToken": {
                                                                "kind": "CloseParenToken",
                                                                "start": 667,
                                                                "width": 1,
                                                                "fullWidth": 2,
                                                                "text": ")",
                                                                "hasTrailingTrivia": true
                                                            }
                                                        }
                                                    },
                                                    "_block": {
                                                        "kind": "Block",
                                                        "_openBraceToken": {
                                                            "kind": "OpenBraceToken",
                                                            "start": 669,
                                                            "width": 1,
                                                            "fullWidth": 3,
                                                            "text": "{",
                                                            "hasTrailingTrivia": true,
                                                            "hasTrailingNewLineTrivia": true
                                                        },
                                                        "_statements": [
                                                            {
                                                                "kind": "ReturnStatement",
                                                                "_returnKeyword": {
                                                                    "kind": "IdentifierNameToken",
                                                                    "keywordKind": "ReturnKeyword",
                                                                    "start": 680,
                                                                    "fullStart": 672,
                                                                    "width": 6,
                                                                    "fullWidth": 15,
                                                                    "text": "return",
                                                                    "hasLeadingTrivia": true,
                                                                    "hasTrailingTrivia": true
                                                                },
                                                                "_expression": {
                                                                    "kind": "TypeOfExpression",
                                                                    "_typeOfKeyword": {
                                                                        "kind": "IdentifierNameToken",
                                                                        "keywordKind": "TypeOfKeyword",
                                                                        "start": 687,
                                                                        "width": 6,
                                                                        "fullWidth": 7,
                                                                        "text": "typeof",
                                                                        "hasTrailingTrivia": true
                                                                    },
                                                                    "_expression": {
                                                                        "kind": "ThisExpression",
                                                                        "_thisKeyword": {
                                                                            "kind": "IdentifierNameToken",
                                                                            "keywordKind": "ThisKeyword",
                                                                            "start": 694,
                                                                            "width": 4,
                                                                            "text": "this"
                                                                        }
                                                                    }
                                                                },
                                                                "_semicolonToken": {
                                                                    "kind": "SemicolonToken",
                                                                    "start": 698,
                                                                    "width": 1,
                                                                    "fullWidth": 3,
                                                                    "text": ";",
                                                                    "hasTrailingTrivia": true,
                                                                    "hasTrailingNewLineTrivia": true
                                                                }
                                                            }
                                                        ],
                                                        "_closeBraceToken": {
                                                            "kind": "CloseBraceToken",
                                                            "start": 705,
                                                            "fullStart": 701,
                                                            "width": 1,
                                                            "fullWidth": 7,
                                                            "text": "}",
                                                            "hasLeadingTrivia": true,
                                                            "hasTrailingTrivia": true,
                                                            "hasTrailingNewLineTrivia": true
                                                        }
                                                    }
                                                },
                                                {
                                                    "kind": "ReturnStatement",
                                                    "_returnKeyword": {
                                                        "kind": "IdentifierNameToken",
                                                        "keywordKind": "ReturnKeyword",
                                                        "start": 712,
                                                        "fullStart": 708,
                                                        "width": 6,
                                                        "fullWidth": 11,
                                                        "text": "return",
                                                        "hasLeadingTrivia": true,
                                                        "hasTrailingTrivia": true
                                                    },
                                                    "_expression": {
                                                        "kind": "LogicalAndExpression",
                                                        "_left": {
                                                            "kind": "ParenthesizedExpression",
                                                            "_openParenToken": {
                                                                "kind": "OpenParenToken",
                                                                "start": 719,
                                                                "width": 1,
                                                                "text": "("
                                                            },
                                                            "_expression": {
                                                                "kind": "EqualsExpression",
                                                                "_left": {
                                                                    "kind": "InvocationExpression",
                                                                    "_expression": {
                                                                        "kind": "IdentifierName",
                                                                        "_identifier": {
                                                                            "kind": "IdentifierNameToken",
                                                                            "start": 720,
                                                                            "width": 1,
                                                                            "text": "f",
                                                                            "valueText": "f"
                                                                        }
                                                                    },
                                                                    "_argumentList": {
                                                                        "kind": "ArgumentList",
                                                                        "_openParenToken": {
                                                                            "kind": "OpenParenToken",
                                                                            "start": 721,
                                                                            "width": 1,
                                                                            "text": "("
                                                                        },
                                                                        "_arguments": [],
                                                                        "_closeParenToken": {
                                                                            "kind": "CloseParenToken",
                                                                            "start": 722,
                                                                            "width": 1,
                                                                            "text": ")"
                                                                        }
                                                                    }
                                                                },
                                                                "_operatorToken": {
                                                                    "kind": "EqualsEqualsEqualsToken",
                                                                    "start": 723,
                                                                    "width": 3,
                                                                    "text": "==="
                                                                },
                                                                "_right": {
                                                                    "kind": "StringLiteralExpression",
                                                                    "_literalToken": {
                                                                        "kind": "StringLiteral",
                                                                        "start": 726,
                                                                        "width": 11,
                                                                        "text": "\"undefined\""
                                                                    }
                                                                }
                                                            },
                                                            "_closeParenToken": {
                                                                "kind": "CloseParenToken",
                                                                "start": 737,
                                                                "width": 1,
                                                                "fullWidth": 2,
                                                                "text": ")",
                                                                "hasTrailingTrivia": true
                                                            }
                                                        },
                                                        "_operatorToken": {
                                                            "kind": "AmpersandAmpersandToken",
                                                            "start": 739,
                                                            "width": 2,
                                                            "fullWidth": 3,
                                                            "text": "&&",
                                                            "hasTrailingTrivia": true
                                                        },
                                                        "_right": {
                                                            "kind": "ParenthesizedExpression",
                                                            "_openParenToken": {
                                                                "kind": "OpenParenToken",
                                                                "start": 742,
                                                                "width": 1,
                                                                "text": "("
                                                            },
                                                            "_expression": {
                                                                "kind": "EqualsExpression",
                                                                "_left": {
                                                                    "kind": "ParenthesizedExpression",
                                                                    "_openParenToken": {
                                                                        "kind": "OpenParenToken",
                                                                        "start": 743,
                                                                        "width": 1,
                                                                        "text": "("
                                                                    },
                                                                    "_expression": {
                                                                        "kind": "TypeOfExpression",
                                                                        "_typeOfKeyword": {
                                                                            "kind": "IdentifierNameToken",
                                                                            "keywordKind": "TypeOfKeyword",
                                                                            "start": 744,
                                                                            "width": 6,
                                                                            "fullWidth": 7,
                                                                            "text": "typeof",
                                                                            "hasTrailingTrivia": true
                                                                        },
                                                                        "_expression": {
                                                                            "kind": "ThisExpression",
                                                                            "_thisKeyword": {
                                                                                "kind": "IdentifierNameToken",
                                                                                "keywordKind": "ThisKeyword",
                                                                                "start": 751,
                                                                                "width": 4,
                                                                                "text": "this"
                                                                            }
                                                                        }
                                                                    },
                                                                    "_closeParenToken": {
                                                                        "kind": "CloseParenToken",
                                                                        "start": 755,
                                                                        "width": 1,
                                                                        "text": ")"
                                                                    }
                                                                },
                                                                "_operatorToken": {
                                                                    "kind": "EqualsEqualsEqualsToken",
                                                                    "start": 756,
                                                                    "width": 3,
                                                                    "text": "==="
                                                                },
                                                                "_right": {
                                                                    "kind": "StringLiteralExpression",
                                                                    "_literalToken": {
                                                                        "kind": "StringLiteral",
                                                                        "start": 759,
                                                                        "width": 11,
                                                                        "text": "\"undefined\""
                                                                    }
                                                                }
                                                            },
                                                            "_closeParenToken": {
                                                                "kind": "CloseParenToken",
                                                                "start": 770,
                                                                "width": 1,
                                                                "text": ")"
                                                            }
                                                        }
                                                    },
                                                    "_semicolonToken": {
                                                        "kind": "SemicolonToken",
                                                        "start": 771,
                                                        "width": 1,
                                                        "fullWidth": 3,
                                                        "text": ";",
                                                        "hasTrailingTrivia": true,
                                                        "hasTrailingNewLineTrivia": true
                                                    }
                                                }
                                            ],
                                            "_closeBraceToken": {
                                                "kind": "CloseBraceToken",
                                                "start": 774,
                                                "width": 1,
                                                "text": "}"
                                            }
                                        }
                                    },
                                    "_closeParenToken": {
                                        "kind": "CloseParenToken",
                                        "start": 775,
                                        "width": 1,
                                        "text": ")"
                                    }
                                },
                                "_argumentList": {
                                    "kind": "ArgumentList",
                                    "_openParenToken": {
                                        "kind": "OpenParenToken",
                                        "start": 776,
                                        "width": 1,
                                        "text": "("
                                    },
                                    "_arguments": [],
                                    "_closeParenToken": {
                                        "kind": "CloseParenToken",
                                        "start": 777,
                                        "width": 1,
                                        "text": ")"
                                    }
                                }
                            },
                            "_semicolonToken": {
                                "kind": "SemicolonToken",
                                "start": 778,
                                "width": 1,
                                "fullWidth": 3,
                                "text": ";",
                                "hasTrailingTrivia": true,
                                "hasTrailingNewLineTrivia": true
                            }
                        }
                    ],
                    "_closeBraceToken": {
                        "kind": "CloseBraceToken",
                        "start": 781,
                        "width": 1,
                        "fullWidth": 3,
                        "text": "}",
                        "hasTrailingTrivia": true,
                        "hasTrailingNewLineTrivia": true
                    }
                }
            },
            {
                "kind": "ExpressionStatement",
                "_expression": {
                    "kind": "InvocationExpression",
                    "_expression": {
                        "kind": "IdentifierName",
                        "_identifier": {
                            "kind": "IdentifierNameToken",
                            "start": 784,
                            "width": 11,
                            "text": "runTestCase",
                            "valueText": "runTestCase"
                        }
                    },
                    "_argumentList": {
                        "kind": "ArgumentList",
                        "_openParenToken": {
                            "kind": "OpenParenToken",
                            "start": 795,
                            "width": 1,
                            "text": "("
                        },
                        "_arguments": [
                            {
                                "kind": "IdentifierName",
                                "_identifier": {
                                    "kind": "IdentifierNameToken",
                                    "start": 796,
                                    "width": 8,
                                    "text": "testcase",
                                    "valueText": "testcase"
                                }
                            }
                        ],
                        "_closeParenToken": {
                            "kind": "CloseParenToken",
                            "start": 804,
                            "width": 1,
                            "text": ")"
                        }
                    }
                },
                "_semicolonToken": {
                    "kind": "SemicolonToken",
                    "start": 805,
                    "width": 1,
                    "text": ";"
                }
            }
        ],
        "_endOfFileToken": {
            "kind": "EndOfFileToken",
            "start": 806,
            "width": 0,
            "text": ""
        }
    }
}