{
    "_sourceUnit": {
        "kind": "SourceUnit",
        "fullWidth": 834,
        "hasRegularExpressionToken": true,
        "_moduleElements": [
            {
                "kind": "VariableStatement",
                "fullWidth": 422,
                "_variableDeclaration": {
                    "kind": "VariableDeclaration",
                    "fullWidth": 420,
                    "_varKeyword": {
                        "kind": "VarKeyword",
                        "width": 3,
                        "fullWidth": 389,
                        "text": "var",
                        "hasLeadingTrivia": true,
                        "hasLeadingComment": true,
                        "hasLeadingNewLine": true,
                        "hasTrailingTrivia": true,
                        "leadingTrivia": [
                            {
                                "kind": "SingleLineCommentTrivia",
                                "text": "// Copyright 2009 the Sputnik authors.  All rights reserved."
                            },
                            {
                                "kind": "NewLineTrivia",
                                "text": "\n"
                            },
                            {
                                "kind": "SingleLineCommentTrivia",
                                "text": "// This code is governed by the BSD license found in the LICENSE file."
                            },
                            {
                                "kind": "NewLineTrivia",
                                "text": "\n"
                            },
                            {
                                "kind": "NewLineTrivia",
                                "text": "\n"
                            },
                            {
                                "kind": "MultiLineCommentTrivia",
                                "text": "/**\n * String.prototype.replace (searchValue, replaceValue)\n *\n * @path ch15/15.5/15.5.4/15.5.4.11/S15.5.4.11_A1_T8.js\n * @description Call replace (searchValue, replaceValue) function with regular expression and void 0 arguments of String object\n */"
                            },
                            {
                                "kind": "NewLineTrivia",
                                "text": "\n"
                            },
                            {
                                "kind": "NewLineTrivia",
                                "text": "\n"
                            }
                        ],
                        "trailingTrivia": [
                            {
                                "kind": "WhitespaceTrivia",
                                "text": " "
                            }
                        ]
                    },
                    "_variableDeclarators": [
                        {
                            "kind": "VariableDeclarator",
                            "fullWidth": 31,
                            "_identifier": {
                                "kind": "IdentifierName",
                                "width": 5,
                                "fullWidth": 6,
                                "text": "__obj",
                                "valueText": "__obj",
                                "hasTrailingTrivia": true,
                                "trailingTrivia": [
                                    {
                                        "kind": "WhitespaceTrivia",
                                        "text": " "
                                    }
                                ]
                            },
                            "_equalsValueClause": {
                                "kind": "EqualsValueClause",
                                "fullWidth": 25,
                                "_equalsToken": {
                                    "kind": "EqualsToken",
                                    "width": 1,
                                    "fullWidth": 2,
                                    "text": "=",
                                    "hasTrailingTrivia": true,
                                    "trailingTrivia": [
                                        {
                                            "kind": "WhitespaceTrivia",
                                            "text": " "
                                        }
                                    ]
                                },
                                "_value": {
                                    "kind": "ObjectLiteralExpression",
                                    "fullWidth": 23,
                                    "_openBraceToken": {
                                        "kind": "OpenBraceToken",
                                        "width": 1,
                                        "text": "{"
                                    },
                                    "_propertyAssignments": [
                                        {
                                            "kind": "SimplePropertyAssignment",
                                            "fullWidth": 21,
                                            "_propertyName": {
                                                "kind": "IdentifierName",
                                                "width": 8,
                                                "text": "toString",
                                                "valueText": "toString"
                                            },
                                            "_colonToken": {
                                                "kind": "ColonToken",
                                                "width": 1,
                                                "text": ":"
                                            },
                                            "_expression": {
                                                "kind": "FunctionExpression",
                                                "fullWidth": 12,
                                                "_functionKeyword": {
                                                    "kind": "FunctionKeyword",
                                                    "width": 8,
                                                    "text": "function"
                                                },
                                                "_callSignature": {
                                                    "kind": "CallSignature",
                                                    "fullWidth": 2,
                                                    "_parameterList": {
                                                        "kind": "ParameterList",
                                                        "fullWidth": 2,
                                                        "_openParenToken": {
                                                            "kind": "OpenParenToken",
                                                            "width": 1,
                                                            "text": "("
                                                        },
                                                        "_parameters": [],
                                                        "_closeParenToken": {
                                                            "kind": "CloseParenToken",
                                                            "width": 1,
                                                            "text": ")"
                                                        }
                                                    }
                                                },
                                                "_block": {
                                                    "kind": "Block",
                                                    "fullWidth": 2,
                                                    "_openBraceToken": {
                                                        "kind": "OpenBraceToken",
                                                        "width": 1,
                                                        "text": "{"
                                                    },
                                                    "_statements": [],
                                                    "_closeBraceToken": {
                                                        "kind": "CloseBraceToken",
                                                        "width": 1,
                                                        "text": "}"
                                                    }
                                                }
                                            }
                                        }
                                    ],
                                    "_closeBraceToken": {
                                        "kind": "CloseBraceToken",
                                        "width": 1,
                                        "text": "}"
                                    }
                                }
                            }
                        }
                    ]
                },
                "_semicolonToken": {
                    "kind": "SemicolonToken",
                    "width": 1,
                    "fullWidth": 2,
                    "text": ";",
                    "hasTrailingTrivia": true,
                    "hasTrailingNewLine": true,
                    "trailingTrivia": [
                        {
                            "kind": "NewLineTrivia",
                            "text": "\n"
                        }
                    ]
                }
            },
            {
                "kind": "IfStatement",
                "fullWidth": 329,
                "hasRegularExpressionToken": true,
                "_ifKeyword": {
                    "kind": "IfKeyword",
                    "width": 2,
                    "fullWidth": 93,
                    "text": "if",
                    "hasLeadingTrivia": true,
                    "hasLeadingComment": true,
                    "hasLeadingNewLine": true,
                    "hasTrailingTrivia": true,
                    "leadingTrivia": [
                        {
                            "kind": "NewLineTrivia",
                            "text": "\n"
                        },
                        {
                            "kind": "SingleLineCommentTrivia",
                            "text": "//////////////////////////////////////////////////////////////////////////////"
                        },
                        {
                            "kind": "NewLineTrivia",
                            "text": "\n"
                        },
                        {
                            "kind": "SingleLineCommentTrivia",
                            "text": "//CHECK#1"
                        },
                        {
                            "kind": "NewLineTrivia",
                            "text": "\n"
                        }
                    ],
                    "trailingTrivia": [
                        {
                            "kind": "WhitespaceTrivia",
                            "text": " "
                        }
                    ]
                },
                "_openParenToken": {
                    "kind": "OpenParenToken",
                    "width": 1,
                    "text": "("
                },
                "_condition": {
                    "kind": "NotEqualsExpression",
                    "fullWidth": 66,
                    "hasRegularExpressionToken": true,
                    "_left": {
                        "kind": "InvocationExpression",
                        "fullWidth": 35,
                        "hasRegularExpressionToken": true,
                        "_expression": {
                            "kind": "MemberAccessExpression",
                            "fullWidth": 21,
                            "_expression": {
                                "kind": "InvocationExpression",
                                "fullWidth": 13,
                                "_expression": {
                                    "kind": "IdentifierName",
                                    "width": 6,
                                    "text": "String",
                                    "valueText": "String"
                                },
                                "_argumentList": {
                                    "kind": "ArgumentList",
                                    "fullWidth": 7,
                                    "_openParenToken": {
                                        "kind": "OpenParenToken",
                                        "width": 1,
                                        "text": "("
                                    },
                                    "_arguments": [
                                        {
                                            "kind": "IdentifierName",
                                            "width": 5,
                                            "text": "__obj",
                                            "valueText": "__obj"
                                        }
                                    ],
                                    "_closeParenToken": {
                                        "kind": "CloseParenToken",
                                        "width": 1,
                                        "text": ")"
                                    }
                                }
                            },
                            "_dotToken": {
                                "kind": "DotToken",
                                "width": 1,
                                "text": "."
                            },
                            "_name": {
                                "kind": "IdentifierName",
                                "width": 7,
                                "text": "replace",
                                "valueText": "replace"
                            }
                        },
                        "_argumentList": {
                            "kind": "ArgumentList",
                            "fullWidth": 14,
                            "hasRegularExpressionToken": true,
                            "_openParenToken": {
                                "kind": "OpenParenToken",
                                "width": 1,
                                "text": "("
                            },
                            "_arguments": [
                                {
                                    "kind": "RegularExpressionLiteral",
                                    "width": 4,
                                    "text": "/e/g"
                                },
                                {
                                    "kind": "CommaToken",
                                    "width": 1,
                                    "text": ","
                                },
                                {
                                    "kind": "VoidExpression",
                                    "fullWidth": 6,
                                    "_voidKeyword": {
                                        "kind": "VoidKeyword",
                                        "width": 4,
                                        "fullWidth": 5,
                                        "text": "void",
                                        "hasTrailingTrivia": true,
                                        "trailingTrivia": [
                                            {
                                                "kind": "WhitespaceTrivia",
                                                "text": " "
                                            }
                                        ]
                                    },
                                    "_expression": {
                                        "kind": "NumericLiteral",
                                        "width": 1,
                                        "text": "0"
                                    }
                                }
                            ],
                            "_closeParenToken": {
                                "kind": "CloseParenToken",
                                "width": 1,
                                "fullWidth": 2,
                                "text": ")",
                                "hasTrailingTrivia": true,
                                "trailingTrivia": [
                                    {
                                        "kind": "WhitespaceTrivia",
                                        "text": " "
                                    }
                                ]
                            }
                        }
                    },
                    "_operatorToken": {
                        "kind": "ExclamationEqualsEqualsToken",
                        "width": 3,
                        "fullWidth": 4,
                        "text": "!==",
                        "hasTrailingTrivia": true,
                        "trailingTrivia": [
                            {
                                "kind": "WhitespaceTrivia",
                                "text": " "
                            }
                        ]
                    },
                    "_right": {
                        "kind": "StringLiteral",
                        "width": 27,
                        "text": "\"undundefinedfinundefinedd\""
                    }
                },
                "_closeParenToken": {
                    "kind": "CloseParenToken",
                    "width": 1,
                    "fullWidth": 2,
                    "text": ")",
                    "hasTrailingTrivia": true,
                    "trailingTrivia": [
                        {
                            "kind": "WhitespaceTrivia",
                            "text": " "
                        }
                    ]
                },
                "_statement": {
                    "kind": "Block",
                    "fullWidth": 167,
                    "hasRegularExpressionToken": true,
                    "_openBraceToken": {
                        "kind": "OpenBraceToken",
                        "width": 1,
                        "fullWidth": 2,
                        "text": "{",
                        "hasTrailingTrivia": true,
                        "hasTrailingNewLine": true,
                        "trailingTrivia": [
                            {
                                "kind": "NewLineTrivia",
                                "text": "\n"
                            }
                        ]
                    },
                    "_statements": [
                        {
                            "kind": "ExpressionStatement",
                            "fullWidth": 163,
                            "hasRegularExpressionToken": true,
                            "_expression": {
                                "kind": "InvocationExpression",
                                "fullWidth": 161,
                                "hasRegularExpressionToken": true,
                                "_expression": {
                                    "kind": "IdentifierName",
                                    "width": 6,
                                    "fullWidth": 8,
                                    "text": "$ERROR",
                                    "valueText": "$ERROR",
                                    "hasLeadingTrivia": true,
                                    "leadingTrivia": [
                                        {
                                            "kind": "WhitespaceTrivia",
                                            "text": "  "
                                        }
                                    ]
                                },
                                "_argumentList": {
                                    "kind": "ArgumentList",
                                    "fullWidth": 153,
                                    "hasRegularExpressionToken": true,
                                    "_openParenToken": {
                                        "kind": "OpenParenToken",
                                        "width": 1,
                                        "text": "("
                                    },
                                    "_arguments": [
                                        {
                                            "kind": "AddExpression",
                                            "fullWidth": 151,
                                            "hasRegularExpressionToken": true,
                                            "_left": {
                                                "kind": "StringLiteral",
                                                "width": 115,
                                                "text": "'#1: __obj = {toString:function(){}}; String(__obj).replace(/e/g,void 0) === \"undundefinedfinundefinedd\". Actual: '"
                                            },
                                            "_operatorToken": {
                                                "kind": "PlusToken",
                                                "width": 1,
                                                "text": "+"
                                            },
                                            "_right": {
                                                "kind": "InvocationExpression",
                                                "fullWidth": 35,
                                                "hasRegularExpressionToken": true,
                                                "_expression": {
                                                    "kind": "MemberAccessExpression",
                                                    "fullWidth": 21,
                                                    "_expression": {
                                                        "kind": "InvocationExpression",
                                                        "fullWidth": 13,
                                                        "_expression": {
                                                            "kind": "IdentifierName",
                                                            "width": 6,
                                                            "text": "String",
                                                            "valueText": "String"
                                                        },
                                                        "_argumentList": {
                                                            "kind": "ArgumentList",
                                                            "fullWidth": 7,
                                                            "_openParenToken": {
                                                                "kind": "OpenParenToken",
                                                                "width": 1,
                                                                "text": "("
                                                            },
                                                            "_arguments": [
                                                                {
                                                                    "kind": "IdentifierName",
                                                                    "width": 5,
                                                                    "text": "__obj",
                                                                    "valueText": "__obj"
                                                                }
                                                            ],
                                                            "_closeParenToken": {
                                                                "kind": "CloseParenToken",
                                                                "width": 1,
                                                                "text": ")"
                                                            }
                                                        }
                                                    },
                                                    "_dotToken": {
                                                        "kind": "DotToken",
                                                        "width": 1,
                                                        "text": "."
                                                    },
                                                    "_name": {
                                                        "kind": "IdentifierName",
                                                        "width": 7,
                                                        "text": "replace",
                                                        "valueText": "replace"
                                                    }
                                                },
                                                "_argumentList": {
                                                    "kind": "ArgumentList",
                                                    "fullWidth": 14,
                                                    "hasRegularExpressionToken": true,
                                                    "_openParenToken": {
                                                        "kind": "OpenParenToken",
                                                        "width": 1,
                                                        "text": "("
                                                    },
                                                    "_arguments": [
                                                        {
                                                            "kind": "RegularExpressionLiteral",
                                                            "width": 4,
                                                            "text": "/e/g"
                                                        },
                                                        {
                                                            "kind": "CommaToken",
                                                            "width": 1,
                                                            "text": ","
                                                        },
                                                        {
                                                            "kind": "VoidExpression",
                                                            "fullWidth": 6,
                                                            "_voidKeyword": {
                                                                "kind": "VoidKeyword",
                                                                "width": 4,
                                                                "fullWidth": 5,
                                                                "text": "void",
                                                                "hasTrailingTrivia": true,
                                                                "trailingTrivia": [
                                                                    {
                                                                        "kind": "WhitespaceTrivia",
                                                                        "text": " "
                                                                    }
                                                                ]
                                                            },
                                                            "_expression": {
                                                                "kind": "NumericLiteral",
                                                                "width": 1,
                                                                "text": "0"
                                                            }
                                                        }
                                                    ],
                                                    "_closeParenToken": {
                                                        "kind": "CloseParenToken",
                                                        "width": 1,
                                                        "fullWidth": 2,
                                                        "text": ")",
                                                        "hasTrailingTrivia": true,
                                                        "trailingTrivia": [
                                                            {
                                                                "kind": "WhitespaceTrivia",
                                                                "text": " "
                                                            }
                                                        ]
                                                    }
                                                }
                                            }
                                        }
                                    ],
                                    "_closeParenToken": {
                                        "kind": "CloseParenToken",
                                        "width": 1,
                                        "text": ")"
                                    }
                                }
                            },
                            "_semicolonToken": {
                                "kind": "SemicolonToken",
                                "width": 1,
                                "fullWidth": 2,
                                "text": ";",
                                "hasTrailingTrivia": true,
                                "hasTrailingNewLine": true,
                                "trailingTrivia": [
                                    {
                                        "kind": "NewLineTrivia",
                                        "text": "\n"
                                    }
                                ]
                            }
                        }
                    ],
                    "_closeBraceToken": {
                        "kind": "CloseBraceToken",
                        "width": 1,
                        "fullWidth": 2,
                        "text": "}",
                        "hasTrailingTrivia": true,
                        "hasTrailingNewLine": true,
                        "trailingTrivia": [
                            {
                                "kind": "NewLineTrivia",
                                "text": "\n"
                            }
                        ]
                    }
                }
            }
        ],
        "_endOfFileToken": {
            "kind": "EndOfFileToken",
            "width": 0,
            "fullWidth": 83,
            "text": "",
            "hasLeadingTrivia": true,
            "hasLeadingComment": true,
            "hasLeadingNewLine": true,
            "leadingTrivia": [
                {
                    "kind": "SingleLineCommentTrivia",
                    "text": "//"
                },
                {
                    "kind": "NewLineTrivia",
                    "text": "\n"
                },
                {
                    "kind": "SingleLineCommentTrivia",
                    "text": "//////////////////////////////////////////////////////////////////////////////"
                },
                {
                    "kind": "NewLineTrivia",
                    "text": "\n"
                },
                {
                    "kind": "NewLineTrivia",
                    "text": "\n"
                }
            ]
        }
    }
}