{
    "isDeclaration": false,
    "languageVersion": "EcmaScript5",
    "parseOptions": {
        "allowAutomaticSemicolonInsertion": true
    },
    "diagnostics": [
        {
            "_position": 316,
            "_width": 1,
            "_diagnosticCode": "_0_expected",
            "_arguments": [
                "("
            ]
        },
        {
            "_position": 322,
            "_width": 0,
            "_diagnosticCode": "_0_expected",
            "_arguments": [
                ";"
            ]
        }
    ],
    "sourceUnit": {
        "kind": "SourceUnit",
        "fullWidth": 322,
        "isIncrementallyReusable": false,
        "moduleElements": [
            {
                "kind": "ForStatement",
                "fullWidth": 321,
                "isIncrementallyReusable": false,
                "forKeyword": {
                    "kind": "ForKeyword",
                    "width": 3,
                    "fullWidth": 316,
                    "text": "for",
                    "hasLeadingTrivia": true,
                    "hasLeadingComment": true,
                    "hasLeadingNewLine": true,
                    "hasTrailingTrivia": true,
                    "leadingTrivia": [
                        {
                            "kind": "SingleLineCommentTrivia",
                            "text": "// Copyright 2009 the Sputnik authors.  All rights reserved."
                        },
                        {
                            "kind": "NewLineTrivia",
                            "text": "\n"
                        },
                        {
                            "kind": "SingleLineCommentTrivia",
                            "text": "// This code is governed by the BSD license found in the LICENSE file."
                        },
                        {
                            "kind": "NewLineTrivia",
                            "text": "\n"
                        },
                        {
                            "kind": "NewLineTrivia",
                            "text": "\n"
                        },
                        {
                            "kind": "MultiLineCommentTrivia",
                            "text": "/**\n * The \"for\" token can not be used as identifier\n *\n * @path ch07/7.6/7.6.1/7.6.1.1/S7.6.1.1_A1.10.js\n * @description Checking if execution of \"for=1\" fails\n * @negative\n */"
                        },
                        {
                            "kind": "NewLineTrivia",
                            "text": "\n"
                        },
                        {
                            "kind": "NewLineTrivia",
                            "text": "\n"
                        }
                    ],
                    "trailingTrivia": [
                        {
                            "kind": "WhitespaceTrivia",
                            "text": " "
                        }
                    ]
                },
                "openParenToken": {
                    "kind": "OpenParenToken",
                    "width": 0,
                    "text": ""
                },
                "initializer": {
                    "kind": "AssignmentExpression",
                    "fullWidth": 3,
                    "isIncrementallyReusable": false,
                    "left": {
                        "kind": "IdentifierName",
                        "width": 0,
                        "text": ""
                    },
                    "operatorToken": {
                        "kind": "EqualsToken",
                        "width": 1,
                        "fullWidth": 2,
                        "text": "=",
                        "hasTrailingTrivia": true,
                        "trailingTrivia": [
                            {
                                "kind": "WhitespaceTrivia",
                                "text": " "
                            }
                        ]
                    },
                    "right": {
                        "kind": "NumericLiteral",
                        "width": 1,
                        "text": "1",
                        "value": 1,
                        "valueText": "1"
                    }
                },
                "firstSemicolonToken": {
                    "kind": "SemicolonToken",
                    "width": 1,
                    "fullWidth": 2,
                    "text": ";",
                    "hasTrailingTrivia": true,
                    "hasTrailingNewLine": true,
                    "trailingTrivia": [
                        {
                            "kind": "NewLineTrivia",
                            "text": "\n"
                        }
                    ]
                },
                "secondSemicolonToken": {
                    "kind": "SemicolonToken",
                    "width": 0,
                    "text": ""
                },
                "closeParenToken": {
                    "kind": "CloseParenToken",
                    "width": 0,
                    "text": ""
                },
                "statement": {
                    "kind": "ExpressionStatement",
                    "fullWidth": 0,
                    "isIncrementallyReusable": false,
                    "expression": {
                        "kind": "IdentifierName",
                        "width": 0,
                        "text": ""
                    },
                    "semicolonToken": {
                        "kind": "SemicolonToken",
                        "width": 0,
                        "text": ""
                    }
                }
            }
        ],
        "endOfFileToken": {
            "kind": "EndOfFileToken",
            "width": 0,
            "fullWidth": 1,
            "text": "",
            "hasLeadingTrivia": true,
            "hasLeadingNewLine": true,
            "leadingTrivia": [
                {
                    "kind": "NewLineTrivia",
                    "text": "\n"
                }
            ]
        }
    },
    "lineMap": {
        "lineStarts": [
            0,
            61,
            132,
            133,
            137,
            186,
            189,
            239,
            294,
            307,
            311,
            312,
            321,
            322
        ],
        "length": 322
    }
}