{
    "_sourceUnit": {
        "kind": "SourceUnit",
        "_moduleElements": [
            {
                "kind": "FunctionDeclaration",
                "_functionKeyword": {
                    "kind": "IdentifierNameToken",
                    "keywordKind": "FunctionKeyword",
                    "start": 527,
                    "fullStart": 0,
                    "width": 8,
                    "fullWidth": 536,
                    "text": "function",
                    "hasLeadingTrivia": true,
                    "hasLeadingCommentTrivia": true,
                    "hasLeadingNewLineTrivia": true,
                    "hasTrailingTrivia": true
                },
                "_functionSignature": {
                    "kind": "FunctionSignature",
                    "_identifier": {
                        "kind": "IdentifierNameToken",
                        "start": 536,
                        "width": 8,
                        "text": "testcase",
                        "valueText": "testcase"
                    },
                    "_parameterList": {
                        "kind": "ParameterList",
                        "_openParenToken": {
                            "kind": "OpenParenToken",
                            "start": 544,
                            "width": 1,
                            "text": "("
                        },
                        "_parameters": [],
                        "_closeParenToken": {
                            "kind": "CloseParenToken",
                            "start": 545,
                            "width": 1,
                            "fullWidth": 2,
                            "text": ")",
                            "hasTrailingTrivia": true
                        }
                    }
                },
                "_block": {
                    "kind": "Block",
                    "_openBraceToken": {
                        "kind": "OpenBraceToken",
                        "start": 547,
                        "width": 1,
                        "fullWidth": 3,
                        "text": "{",
                        "hasTrailingTrivia": true,
                        "hasTrailingNewLineTrivia": true
                    },
                    "_statements": [
                        {
                            "kind": "TryStatement",
                            "_tryKeyword": {
                                "kind": "IdentifierNameToken",
                                "keywordKind": "TryKeyword",
                                "start": 558,
                                "fullStart": 550,
                                "width": 3,
                                "fullWidth": 12,
                                "text": "try",
                                "hasLeadingTrivia": true,
                                "hasTrailingTrivia": true
                            },
                            "_block": {
                                "kind": "Block",
                                "_openBraceToken": {
                                    "kind": "OpenBraceToken",
                                    "start": 562,
                                    "width": 1,
                                    "fullWidth": 3,
                                    "text": "{",
                                    "hasTrailingTrivia": true,
                                    "hasTrailingNewLineTrivia": true
                                },
                                "_statements": [
                                    {
                                        "kind": "ExpressionStatement",
                                        "_expression": {
                                            "kind": "InvocationExpression",
                                            "_expression": {
                                                "kind": "MemberAccessExpression",
                                                "_expression": {
                                                    "kind": "IdentifierName",
                                                    "_identifier": {
                                                        "kind": "IdentifierNameToken",
                                                        "start": 577,
                                                        "fullStart": 565,
                                                        "width": 6,
                                                        "fullWidth": 18,
                                                        "text": "Object",
                                                        "valueText": "Object",
                                                        "hasLeadingTrivia": true
                                                    }
                                                },
                                                "_dotToken": {
                                                    "kind": "DotToken",
                                                    "start": 583,
                                                    "width": 1,
                                                    "text": "."
                                                },
                                                "_identifierName": {
                                                    "kind": "IdentifierName",
                                                    "_identifier": {
                                                        "kind": "IdentifierNameToken",
                                                        "start": 584,
                                                        "width": 19,
                                                        "text": "getOwnPropertyNames",
                                                        "valueText": "getOwnPropertyNames"
                                                    }
                                                }
                                            },
                                            "_argumentList": {
                                                "kind": "ArgumentList",
                                                "_openParenToken": {
                                                    "kind": "OpenParenToken",
                                                    "start": 603,
                                                    "width": 1,
                                                    "text": "("
                                                },
                                                "_arguments": [
                                                    {
                                                        "kind": "IdentifierName",
                                                        "_identifier": {
                                                            "kind": "IdentifierNameToken",
                                                            "start": 604,
                                                            "width": 9,
                                                            "text": "undefined",
                                                            "valueText": "undefined"
                                                        }
                                                    }
                                                ],
                                                "_closeParenToken": {
                                                    "kind": "CloseParenToken",
                                                    "start": 613,
                                                    "width": 1,
                                                    "text": ")"
                                                }
                                            }
                                        },
                                        "_semicolonToken": {
                                            "kind": "SemicolonToken",
                                            "start": 614,
                                            "width": 1,
                                            "fullWidth": 3,
                                            "text": ";",
                                            "hasTrailingTrivia": true,
                                            "hasTrailingNewLineTrivia": true
                                        }
                                    },
                                    {
                                        "kind": "ReturnStatement",
                                        "_returnKeyword": {
                                            "kind": "IdentifierNameToken",
                                            "keywordKind": "ReturnKeyword",
                                            "start": 629,
                                            "fullStart": 617,
                                            "width": 6,
                                            "fullWidth": 19,
                                            "text": "return",
                                            "hasLeadingTrivia": true,
                                            "hasTrailingTrivia": true
                                        },
                                        "_expression": {
                                            "kind": "BooleanLiteralExpression",
                                            "_literalToken": {
                                                "kind": "IdentifierNameToken",
                                                "keywordKind": "FalseKeyword",
                                                "start": 636,
                                                "width": 5,
                                                "text": "false"
                                            }
                                        },
                                        "_semicolonToken": {
                                            "kind": "SemicolonToken",
                                            "start": 641,
                                            "width": 1,
                                            "fullWidth": 3,
                                            "text": ";",
                                            "hasTrailingTrivia": true,
                                            "hasTrailingNewLineTrivia": true
                                        }
                                    }
                                ],
                                "_closeBraceToken": {
                                    "kind": "CloseBraceToken",
                                    "start": 652,
                                    "fullStart": 644,
                                    "width": 1,
                                    "fullWidth": 10,
                                    "text": "}",
                                    "hasLeadingTrivia": true,
                                    "hasTrailingTrivia": true
                                }
                            },
                            "_catchClause": {
                                "kind": "CatchClause",
                                "_catchKeyword": {
                                    "kind": "IdentifierNameToken",
                                    "keywordKind": "CatchKeyword",
                                    "start": 654,
                                    "width": 5,
                                    "fullWidth": 6,
                                    "text": "catch",
                                    "hasTrailingTrivia": true
                                },
                                "_openParenToken": {
                                    "kind": "OpenParenToken",
                                    "start": 660,
                                    "width": 1,
                                    "text": "("
                                },
                                "_identifier": {
                                    "kind": "IdentifierNameToken",
                                    "start": 661,
                                    "width": 1,
                                    "text": "e",
                                    "valueText": "e"
                                },
                                "_closeParenToken": {
                                    "kind": "CloseParenToken",
                                    "start": 662,
                                    "width": 1,
                                    "fullWidth": 2,
                                    "text": ")",
                                    "hasTrailingTrivia": true
                                },
                                "_block": {
                                    "kind": "Block",
                                    "_openBraceToken": {
                                        "kind": "OpenBraceToken",
                                        "start": 664,
                                        "width": 1,
                                        "fullWidth": 3,
                                        "text": "{",
                                        "hasTrailingTrivia": true,
                                        "hasTrailingNewLineTrivia": true
                                    },
                                    "_statements": [
                                        {
                                            "kind": "ReturnStatement",
                                            "_returnKeyword": {
                                                "kind": "IdentifierNameToken",
                                                "keywordKind": "ReturnKeyword",
                                                "start": 679,
                                                "fullStart": 667,
                                                "width": 6,
                                                "fullWidth": 19,
                                                "text": "return",
                                                "hasLeadingTrivia": true,
                                                "hasTrailingTrivia": true
                                            },
                                            "_expression": {
                                                "kind": "InstanceOfExpression",
                                                "_left": {
                                                    "kind": "IdentifierName",
                                                    "_identifier": {
                                                        "kind": "IdentifierNameToken",
                                                        "start": 686,
                                                        "width": 1,
                                                        "fullWidth": 2,
                                                        "text": "e",
                                                        "valueText": "e",
                                                        "hasTrailingTrivia": true
                                                    }
                                                },
                                                "_operatorToken": {
                                                    "kind": "IdentifierNameToken",
                                                    "keywordKind": "InstanceOfKeyword",
                                                    "start": 688,
                                                    "width": 10,
                                                    "fullWidth": 11,
                                                    "text": "instanceof",
                                                    "hasTrailingTrivia": true
                                                },
                                                "_right": {
                                                    "kind": "IdentifierName",
                                                    "_identifier": {
                                                        "kind": "IdentifierNameToken",
                                                        "start": 699,
                                                        "width": 9,
                                                        "text": "TypeError",
                                                        "valueText": "TypeError"
                                                    }
                                                }
                                            },
                                            "_semicolonToken": {
                                                "kind": "SemicolonToken",
                                                "start": 708,
                                                "width": 1,
                                                "fullWidth": 3,
                                                "text": ";",
                                                "hasTrailingTrivia": true,
                                                "hasTrailingNewLineTrivia": true
                                            }
                                        }
                                    ],
                                    "_closeBraceToken": {
                                        "kind": "CloseBraceToken",
                                        "start": 719,
                                        "fullStart": 711,
                                        "width": 1,
                                        "fullWidth": 11,
                                        "text": "}",
                                        "hasLeadingTrivia": true,
                                        "hasTrailingTrivia": true,
                                        "hasTrailingNewLineTrivia": true
                                    }
                                }
                            }
                        }
                    ],
                    "_closeBraceToken": {
                        "kind": "CloseBraceToken",
                        "start": 726,
                        "fullStart": 722,
                        "width": 1,
                        "fullWidth": 7,
                        "text": "}",
                        "hasLeadingTrivia": true,
                        "hasTrailingTrivia": true,
                        "hasTrailingNewLineTrivia": true
                    }
                }
            },
            {
                "kind": "ExpressionStatement",
                "_expression": {
                    "kind": "InvocationExpression",
                    "_expression": {
                        "kind": "IdentifierName",
                        "_identifier": {
                            "kind": "IdentifierNameToken",
                            "start": 729,
                            "width": 11,
                            "text": "runTestCase",
                            "valueText": "runTestCase"
                        }
                    },
                    "_argumentList": {
                        "kind": "ArgumentList",
                        "_openParenToken": {
                            "kind": "OpenParenToken",
                            "start": 740,
                            "width": 1,
                            "text": "("
                        },
                        "_arguments": [
                            {
                                "kind": "IdentifierName",
                                "_identifier": {
                                    "kind": "IdentifierNameToken",
                                    "start": 741,
                                    "width": 8,
                                    "text": "testcase",
                                    "valueText": "testcase"
                                }
                            }
                        ],
                        "_closeParenToken": {
                            "kind": "CloseParenToken",
                            "start": 749,
                            "width": 1,
                            "text": ")"
                        }
                    }
                },
                "_semicolonToken": {
                    "kind": "SemicolonToken",
                    "start": 750,
                    "width": 1,
                    "fullWidth": 3,
                    "text": ";",
                    "hasTrailingTrivia": true,
                    "hasTrailingNewLineTrivia": true
                }
            }
        ],
        "_endOfFileToken": {
            "kind": "EndOfFileToken",
            "start": 753,
            "width": 0,
            "text": ""
        }
    }
}