{
    "fullText": [
        "(function(a) {",
        "    return 1;",
        "});",
        "",
        "var M;",
        "(function(M) {",
        "    (function(a) {",
        "        return 1;",
        "    });",
        "})(M||(M={}));",
        ""
    ],
    "sourceUnit": {
        "kind": "SourceUnit",
        "fullWidth": 126,
        "hasZeroWidthToken": true,
        "moduleElements": [
            {
                "kind": "ExpressionStatement",
                "fullWidth": 36,
                "expression": {
                    "kind": "ParenthesizedExpression",
                    "fullWidth": 33,
                    "openParenToken": {
                        "kind": "OpenParenToken",
                        "width": 1,
                        "text": "("
                    },
                    "expression": {
                        "kind": "FunctionExpression",
                        "fullWidth": 31,
                        "functionKeyword": {
                            "kind": "FunctionKeyword",
                            "width": 8,
                            "text": "function"
                        },
                        "callSignature": {
                            "kind": "CallSignature",
                            "fullWidth": 4,
                            "parameterList": {
                                "kind": "ParameterList",
                                "fullWidth": 4,
                                "openParenToken": {
                                    "kind": "OpenParenToken",
                                    "width": 1,
                                    "text": "("
                                },
                                "parameters": [
                                    {
                                        "kind": "Parameter",
                                        "fullWidth": 1,
                                        "identifier": {
                                            "kind": "IdentifierName",
                                            "width": 1,
                                            "text": "a",
                                            "valueText": "a"
                                        }
                                    }
                                ],
                                "closeParenToken": {
                                    "kind": "CloseParenToken",
                                    "width": 1,
                                    "fullWidth": 2,
                                    "text": ")",
                                    "hasTrailingTrivia": true,
                                    "trailingTrivia": [
                                        {
                                            "kind": "WhitespaceTrivia",
                                            "text": " "
                                        }
                                    ]
                                }
                            }
                        },
                        "block": {
                            "kind": "Block",
                            "fullWidth": 19,
                            "openBraceToken": {
                                "kind": "OpenBraceToken",
                                "width": 1,
                                "fullWidth": 3,
                                "text": "{",
                                "hasTrailingTrivia": true,
                                "hasTrailingNewLine": true,
                                "trailingTrivia": [
                                    {
                                        "kind": "NewLineTrivia",
                                        "text": "\r\n"
                                    }
                                ]
                            },
                            "statements": [
                                {
                                    "kind": "ReturnStatement",
                                    "fullWidth": 15,
                                    "returnKeyword": {
                                        "kind": "ReturnKeyword",
                                        "width": 6,
                                        "fullWidth": 11,
                                        "text": "return",
                                        "hasLeadingTrivia": true,
                                        "hasTrailingTrivia": true,
                                        "leadingTrivia": [
                                            {
                                                "kind": "WhitespaceTrivia",
                                                "text": "    "
                                            }
                                        ],
                                        "trailingTrivia": [
                                            {
                                                "kind": "WhitespaceTrivia",
                                                "text": " "
                                            }
                                        ]
                                    },
                                    "expression": {
                                        "kind": "NumericLiteral",
                                        "width": 1,
                                        "text": "1"
                                    },
                                    "semicolonToken": {
                                        "kind": "SemicolonToken",
                                        "width": 1,
                                        "fullWidth": 3,
                                        "text": ";",
                                        "hasTrailingTrivia": true,
                                        "hasTrailingNewLine": true,
                                        "trailingTrivia": [
                                            {
                                                "kind": "NewLineTrivia",
                                                "text": "\r\n"
                                            }
                                        ]
                                    }
                                }
                            ],
                            "closeBraceToken": {
                                "kind": "CloseBraceToken",
                                "width": 1,
                                "text": "}"
                            }
                        }
                    },
                    "closeParenToken": {
                        "kind": "CloseParenToken",
                        "width": 1,
                        "text": ")"
                    }
                },
                "semicolonToken": {
                    "kind": "SemicolonToken",
                    "width": 1,
                    "fullWidth": 3,
                    "text": ";",
                    "hasTrailingTrivia": true,
                    "hasTrailingNewLine": true,
                    "trailingTrivia": [
                        {
                            "kind": "NewLineTrivia",
                            "text": "\r\n"
                        }
                    ]
                }
            },
            {
                "kind": "VariableStatement",
                "fullWidth": 10,
                "variableDeclaration": {
                    "kind": "VariableDeclaration",
                    "fullWidth": 7,
                    "varKeyword": {
                        "kind": "VarKeyword",
                        "width": 3,
                        "fullWidth": 6,
                        "text": "var",
                        "hasLeadingTrivia": true,
                        "hasLeadingNewLine": true,
                        "hasTrailingTrivia": true,
                        "leadingTrivia": [
                            {
                                "kind": "NewLineTrivia",
                                "text": "\r\n"
                            }
                        ],
                        "trailingTrivia": [
                            {
                                "kind": "WhitespaceTrivia",
                                "text": " "
                            }
                        ]
                    },
                    "variableDeclarators": [
                        {
                            "kind": "VariableDeclarator",
                            "fullWidth": 1,
                            "identifier": {
                                "kind": "IdentifierName",
                                "width": 1,
                                "text": "M",
                                "valueText": "M"
                            }
                        }
                    ]
                },
                "semicolonToken": {
                    "kind": "SemicolonToken",
                    "width": 1,
                    "fullWidth": 3,
                    "text": ";",
                    "hasTrailingTrivia": true,
                    "hasTrailingNewLine": true,
                    "trailingTrivia": [
                        {
                            "kind": "NewLineTrivia",
                            "text": "\r\n"
                        }
                    ]
                }
            },
            {
                "kind": "ExpressionStatement",
                "fullWidth": 80,
                "expression": {
                    "kind": "InvocationExpression",
                    "fullWidth": 77,
                    "expression": {
                        "kind": "ParenthesizedExpression",
                        "fullWidth": 66,
                        "openParenToken": {
                            "kind": "OpenParenToken",
                            "width": 1,
                            "text": "("
                        },
                        "expression": {
                            "kind": "FunctionExpression",
                            "fullWidth": 64,
                            "functionKeyword": {
                                "kind": "FunctionKeyword",
                                "width": 8,
                                "text": "function"
                            },
                            "callSignature": {
                                "kind": "CallSignature",
                                "fullWidth": 4,
                                "parameterList": {
                                    "kind": "ParameterList",
                                    "fullWidth": 4,
                                    "openParenToken": {
                                        "kind": "OpenParenToken",
                                        "width": 1,
                                        "text": "("
                                    },
                                    "parameters": [
                                        {
                                            "kind": "Parameter",
                                            "fullWidth": 1,
                                            "identifier": {
                                                "kind": "IdentifierName",
                                                "width": 1,
                                                "text": "M",
                                                "valueText": "M"
                                            }
                                        }
                                    ],
                                    "closeParenToken": {
                                        "kind": "CloseParenToken",
                                        "width": 1,
                                        "fullWidth": 2,
                                        "text": ")",
                                        "hasTrailingTrivia": true,
                                        "trailingTrivia": [
                                            {
                                                "kind": "WhitespaceTrivia",
                                                "text": " "
                                            }
                                        ]
                                    }
                                }
                            },
                            "block": {
                                "kind": "Block",
                                "fullWidth": 52,
                                "openBraceToken": {
                                    "kind": "OpenBraceToken",
                                    "width": 1,
                                    "fullWidth": 3,
                                    "text": "{",
                                    "hasTrailingTrivia": true,
                                    "hasTrailingNewLine": true,
                                    "trailingTrivia": [
                                        {
                                            "kind": "NewLineTrivia",
                                            "text": "\r\n"
                                        }
                                    ]
                                },
                                "statements": [
                                    {
                                        "kind": "ExpressionStatement",
                                        "fullWidth": 48,
                                        "expression": {
                                            "kind": "ParenthesizedExpression",
                                            "fullWidth": 45,
                                            "openParenToken": {
                                                "kind": "OpenParenToken",
                                                "width": 1,
                                                "fullWidth": 5,
                                                "text": "(",
                                                "hasLeadingTrivia": true,
                                                "leadingTrivia": [
                                                    {
                                                        "kind": "WhitespaceTrivia",
                                                        "text": "    "
                                                    }
                                                ]
                                            },
                                            "expression": {
                                                "kind": "FunctionExpression",
                                                "fullWidth": 39,
                                                "functionKeyword": {
                                                    "kind": "FunctionKeyword",
                                                    "width": 8,
                                                    "text": "function"
                                                },
                                                "callSignature": {
                                                    "kind": "CallSignature",
                                                    "fullWidth": 4,
                                                    "parameterList": {
                                                        "kind": "ParameterList",
                                                        "fullWidth": 4,
                                                        "openParenToken": {
                                                            "kind": "OpenParenToken",
                                                            "width": 1,
                                                            "text": "("
                                                        },
                                                        "parameters": [
                                                            {
                                                                "kind": "Parameter",
                                                                "fullWidth": 1,
                                                                "identifier": {
                                                                    "kind": "IdentifierName",
                                                                    "width": 1,
                                                                    "text": "a",
                                                                    "valueText": "a"
                                                                }
                                                            }
                                                        ],
                                                        "closeParenToken": {
                                                            "kind": "CloseParenToken",
                                                            "width": 1,
                                                            "fullWidth": 2,
                                                            "text": ")",
                                                            "hasTrailingTrivia": true,
                                                            "trailingTrivia": [
                                                                {
                                                                    "kind": "WhitespaceTrivia",
                                                                    "text": " "
                                                                }
                                                            ]
                                                        }
                                                    }
                                                },
                                                "block": {
                                                    "kind": "Block",
                                                    "fullWidth": 27,
                                                    "openBraceToken": {
                                                        "kind": "OpenBraceToken",
                                                        "width": 1,
                                                        "fullWidth": 3,
                                                        "text": "{",
                                                        "hasTrailingTrivia": true,
                                                        "hasTrailingNewLine": true,
                                                        "trailingTrivia": [
                                                            {
                                                                "kind": "NewLineTrivia",
                                                                "text": "\r\n"
                                                            }
                                                        ]
                                                    },
                                                    "statements": [
                                                        {
                                                            "kind": "ReturnStatement",
                                                            "fullWidth": 19,
                                                            "returnKeyword": {
                                                                "kind": "ReturnKeyword",
                                                                "width": 6,
                                                                "fullWidth": 15,
                                                                "text": "return",
                                                                "hasLeadingTrivia": true,
                                                                "hasTrailingTrivia": true,
                                                                "leadingTrivia": [
                                                                    {
                                                                        "kind": "WhitespaceTrivia",
                                                                        "text": "        "
                                                                    }
                                                                ],
                                                                "trailingTrivia": [
                                                                    {
                                                                        "kind": "WhitespaceTrivia",
                                                                        "text": " "
                                                                    }
                                                                ]
                                                            },
                                                            "expression": {
                                                                "kind": "NumericLiteral",
                                                                "width": 1,
                                                                "text": "1"
                                                            },
                                                            "semicolonToken": {
                                                                "kind": "SemicolonToken",
                                                                "width": 1,
                                                                "fullWidth": 3,
                                                                "text": ";",
                                                                "hasTrailingTrivia": true,
                                                                "hasTrailingNewLine": true,
                                                                "trailingTrivia": [
                                                                    {
                                                                        "kind": "NewLineTrivia",
                                                                        "text": "\r\n"
                                                                    }
                                                                ]
                                                            }
                                                        }
                                                    ],
                                                    "closeBraceToken": {
                                                        "kind": "CloseBraceToken",
                                                        "width": 1,
                                                        "fullWidth": 5,
                                                        "text": "}",
                                                        "hasLeadingTrivia": true,
                                                        "leadingTrivia": [
                                                            {
                                                                "kind": "WhitespaceTrivia",
                                                                "text": "    "
                                                            }
                                                        ]
                                                    }
                                                }
                                            },
                                            "closeParenToken": {
                                                "kind": "CloseParenToken",
                                                "width": 1,
                                                "text": ")"
                                            }
                                        },
                                        "semicolonToken": {
                                            "kind": "SemicolonToken",
                                            "width": 1,
                                            "fullWidth": 3,
                                            "text": ";",
                                            "hasTrailingTrivia": true,
                                            "hasTrailingNewLine": true,
                                            "trailingTrivia": [
                                                {
                                                    "kind": "NewLineTrivia",
                                                    "text": "\r\n"
                                                }
                                            ]
                                        }
                                    }
                                ],
                                "closeBraceToken": {
                                    "kind": "CloseBraceToken",
                                    "width": 1,
                                    "text": "}"
                                }
                            }
                        },
                        "closeParenToken": {
                            "kind": "CloseParenToken",
                            "width": 1,
                            "text": ")"
                        }
                    },
                    "argumentList": {
                        "kind": "ArgumentList",
                        "fullWidth": 11,
                        "openParenToken": {
                            "kind": "OpenParenToken",
                            "width": 1,
                            "text": "("
                        },
                        "arguments": [
                            {
                                "kind": "LogicalOrExpression",
                                "fullWidth": 9,
                                "left": {
                                    "kind": "IdentifierName",
                                    "width": 1,
                                    "text": "M",
                                    "valueText": "M"
                                },
                                "operatorToken": {
                                    "kind": "BarBarToken",
                                    "width": 2,
                                    "text": "||"
                                },
                                "right": {
                                    "kind": "ParenthesizedExpression",
                                    "fullWidth": 6,
                                    "openParenToken": {
                                        "kind": "OpenParenToken",
                                        "width": 1,
                                        "text": "("
                                    },
                                    "expression": {
                                        "kind": "AssignmentExpression",
                                        "fullWidth": 4,
                                        "left": {
                                            "kind": "IdentifierName",
                                            "width": 1,
                                            "text": "M",
                                            "valueText": "M"
                                        },
                                        "operatorToken": {
                                            "kind": "EqualsToken",
                                            "width": 1,
                                            "text": "="
                                        },
                                        "right": {
                                            "kind": "ObjectLiteralExpression",
                                            "fullWidth": 2,
                                            "openBraceToken": {
                                                "kind": "OpenBraceToken",
                                                "width": 1,
                                                "text": "{"
                                            },
                                            "propertyAssignments": [],
                                            "closeBraceToken": {
                                                "kind": "CloseBraceToken",
                                                "width": 1,
                                                "text": "}"
                                            }
                                        }
                                    },
                                    "closeParenToken": {
                                        "kind": "CloseParenToken",
                                        "width": 1,
                                        "text": ")"
                                    }
                                }
                            }
                        ],
                        "closeParenToken": {
                            "kind": "CloseParenToken",
                            "width": 1,
                            "text": ")"
                        }
                    }
                },
                "semicolonToken": {
                    "kind": "SemicolonToken",
                    "width": 1,
                    "fullWidth": 3,
                    "text": ";",
                    "hasTrailingTrivia": true,
                    "hasTrailingNewLine": true,
                    "trailingTrivia": [
                        {
                            "kind": "NewLineTrivia",
                            "text": "\r\n"
                        }
                    ]
                }
            }
        ],
        "endOfFileToken": {
            "kind": "EndOfFileToken",
            "width": 0,
            "text": ""
        }
    }
}